Archive member included to satisfy reference by file (symbol)

c:/program files (x86)/atmel/studio/7.0/toolchain/arm/arm-gnu-toolchain/bin/../lib/gcc/arm-none-eabi/6.2.1/thumb/v7-m\libgcc.a(_arm_addsubsf3.o)
                              src/kernel/lcd.o (__aeabi_ui2f)
c:/program files (x86)/atmel/studio/7.0/toolchain/arm/arm-gnu-toolchain/bin/../lib/gcc/arm-none-eabi/6.2.1/thumb/v7-m\libgcc.a(_arm_muldivsf3.o)
                              src/kernel/lcd.o (__aeabi_fmul)
c:/program files (x86)/atmel/studio/7.0/toolchain/arm/arm-gnu-toolchain/bin/../lib/gcc/arm-none-eabi/6.2.1/thumb/v7-m\libgcc.a(_arm_fixunssfsi.o)
                              src/kernel/lcd.o (__aeabi_f2uiz)
c:/program files (x86)/atmel/studio/7.0/toolchain/arm/arm-gnu-toolchain/bin/../lib/gcc/arm-none-eabi/6.2.1/../../../../arm-none-eabi/lib/thumb/v7-m\libc.a(lib_a-atoi.o)
                              src/command.o (atoi)
c:/program files (x86)/atmel/studio/7.0/toolchain/arm/arm-gnu-toolchain/bin/../lib/gcc/arm-none-eabi/6.2.1/../../../../arm-none-eabi/lib/thumb/v7-m\libc.a(lib_a-exit.o)
                              c:/program files (x86)/atmel/studio/7.0/toolchain/arm/arm-gnu-toolchain/bin/../lib/gcc/arm-none-eabi/6.2.1/../../../../arm-none-eabi/lib/thumb/v7-m/crt0.o (exit)
c:/program files (x86)/atmel/studio/7.0/toolchain/arm/arm-gnu-toolchain/bin/../lib/gcc/arm-none-eabi/6.2.1/../../../../arm-none-eabi/lib/thumb/v7-m\libc.a(lib_a-impure.o)
                              c:/program files (x86)/atmel/studio/7.0/toolchain/arm/arm-gnu-toolchain/bin/../lib/gcc/arm-none-eabi/6.2.1/../../../../arm-none-eabi/lib/thumb/v7-m\libc.a(lib_a-exit.o) (_global_impure_ptr)
c:/program files (x86)/atmel/studio/7.0/toolchain/arm/arm-gnu-toolchain/bin/../lib/gcc/arm-none-eabi/6.2.1/../../../../arm-none-eabi/lib/thumb/v7-m\libc.a(lib_a-init.o)
                              c:/program files (x86)/atmel/studio/7.0/toolchain/arm/arm-gnu-toolchain/bin/../lib/gcc/arm-none-eabi/6.2.1/../../../../arm-none-eabi/lib/thumb/v7-m/crt0.o (__libc_init_array)
c:/program files (x86)/atmel/studio/7.0/toolchain/arm/arm-gnu-toolchain/bin/../lib/gcc/arm-none-eabi/6.2.1/../../../../arm-none-eabi/lib/thumb/v7-m\libc.a(lib_a-memset.o)
                              c:/program files (x86)/atmel/studio/7.0/toolchain/arm/arm-gnu-toolchain/bin/../lib/gcc/arm-none-eabi/6.2.1/../../../../arm-none-eabi/lib/thumb/v7-m/crt0.o (memset)
c:/program files (x86)/atmel/studio/7.0/toolchain/arm/arm-gnu-toolchain/bin/../lib/gcc/arm-none-eabi/6.2.1/../../../../arm-none-eabi/lib/thumb/v7-m\libc.a(lib_a-sprintf.o)
                              src/command.o (sprintf)
c:/program files (x86)/atmel/studio/7.0/toolchain/arm/arm-gnu-toolchain/bin/../lib/gcc/arm-none-eabi/6.2.1/../../../../arm-none-eabi/lib/thumb/v7-m\libc.a(lib_a-strlen-stub.o)
                              src/menu.o (strlen)
c:/program files (x86)/atmel/studio/7.0/toolchain/arm/arm-gnu-toolchain/bin/../lib/gcc/arm-none-eabi/6.2.1/../../../../arm-none-eabi/lib/thumb/v7-m\libc.a(lib_a-strtok.o)
                              src/kernel/shellcmd.o (strtok)
c:/program files (x86)/atmel/studio/7.0/toolchain/arm/arm-gnu-toolchain/bin/../lib/gcc/arm-none-eabi/6.2.1/../../../../arm-none-eabi/lib/thumb/v7-m\libc.a(lib_a-strtok_r.o)
                              c:/program files (x86)/atmel/studio/7.0/toolchain/arm/arm-gnu-toolchain/bin/../lib/gcc/arm-none-eabi/6.2.1/../../../../arm-none-eabi/lib/thumb/v7-m\libc.a(lib_a-strtok.o) (__strtok_r)
c:/program files (x86)/atmel/studio/7.0/toolchain/arm/arm-gnu-toolchain/bin/../lib/gcc/arm-none-eabi/6.2.1/../../../../arm-none-eabi/lib/thumb/v7-m\libc.a(lib_a-strtol.o)
                              c:/program files (x86)/atmel/studio/7.0/toolchain/arm/arm-gnu-toolchain/bin/../lib/gcc/arm-none-eabi/6.2.1/../../../../arm-none-eabi/lib/thumb/v7-m\libc.a(lib_a-atoi.o) (_strtol_r)
c:/program files (x86)/atmel/studio/7.0/toolchain/arm/arm-gnu-toolchain/bin/../lib/gcc/arm-none-eabi/6.2.1/../../../../arm-none-eabi/lib/thumb/v7-m\libc.a(lib_a-svfprintf.o)
                              c:/program files (x86)/atmel/studio/7.0/toolchain/arm/arm-gnu-toolchain/bin/../lib/gcc/arm-none-eabi/6.2.1/../../../../arm-none-eabi/lib/thumb/v7-m\libc.a(lib_a-sprintf.o) (_svfprintf_r)
c:/program files (x86)/atmel/studio/7.0/toolchain/arm/arm-gnu-toolchain/bin/../lib/gcc/arm-none-eabi/6.2.1/../../../../arm-none-eabi/lib/thumb/v7-m\libc.a(lib_a-__call_atexit.o)
                              c:/program files (x86)/atmel/studio/7.0/toolchain/arm/arm-gnu-toolchain/bin/../lib/gcc/arm-none-eabi/6.2.1/../../../../arm-none-eabi/lib/thumb/v7-m\libc.a(lib_a-exit.o) (__call_exitprocs)
c:/program files (x86)/atmel/studio/7.0/toolchain/arm/arm-gnu-toolchain/bin/../lib/gcc/arm-none-eabi/6.2.1/../../../../arm-none-eabi/lib/thumb/v7-m\libc.a(lib_a-atexit.o)
[...]
Memory Configuration

Name             Origin             Length             Attributes
flash0           0x00080000         0x00020000         w !xr
flash1           0x00100000         0x00020000         w !xr
sram0            0x20000000         0x00008000         w !xr
sram1            0x20080000         0x00004000         w !xr
rom              0x000e0000         0x00040000         xr
ram              0x20078000         0x0000c000         xrw
*default*        0x00000000         0xffffffff

Linker script and memory map

LOAD c:/program files (x86)/atmel/studio/7.0/toolchain/arm/arm-gnu-toolchain/bin/../lib/gcc/arm-none-eabi/6.2.1/thumb/v7-m/crti.o
LOAD c:/program files (x86)/atmel/studio/7.0/toolchain/arm/arm-gnu-toolchain/bin/../lib/gcc/arm-none-eabi/6.2.1/thumb/v7-m/crtbegin.o
LOAD c:/program files (x86)/atmel/studio/7.0/toolchain/arm/arm-gnu-toolchain/bin/../lib/gcc/arm-none-eabi/6.2.1/../../../../arm-none-eabi/lib/thumb/v7-m/crt0.o
LOAD src/appli.o
LOAD src/ASF/sam/drivers/chipid/chipid.o
LOAD src/menu.o
LOAD src/sas.o
LOAD src/timerCallMap.o
LOAD src/ASF/sam/drivers/pio/pio_handler.o
LOAD src/ASF/common/services/delay/sam/cycle_counter.o
LOAD src/ASF/common/services/clock/sam3u/sysclk.o
LOAD src/ASF/sam/drivers/pio/pio.o
LOAD src/ASF/sam/drivers/pmc/pmc.o
LOAD src/ASF/sam/drivers/pmc/sleep.o
LOAD src/ASF/common/boards/user_board/init.o
LOAD src/ASF/common/utils/interrupt/interrupt_sam_nvic.o
LOAD src/ASF/sam/drivers/pwm/pwm.o
LOAD src/ASF/sam/drivers/rstc/rstc.o
LOAD src/ASF/sam/drivers/rtc/rtc.o
LOAD src/ASF/sam/drivers/tc/tc.o
LOAD src/ASF/sam/drivers/uart/uart.o
LOAD src/ASF/sam/drivers/wdt/wdt.o
LOAD src/ASF/sam/utils/cmsis/sam3u/source/templates/exceptions.o
LOAD src/ASF/sam/utils/cmsis/sam3u/source/templates/gcc/startup_sam3u.o
LOAD src/ASF/sam/utils/cmsis/sam3u/source/templates/system_sam3u.o
LOAD src/ASF/sam/utils/syscalls/gcc/syscalls.o
LOAD src/command.o
LOAD src/kernel/CRC16MODBUS.o
LOAD src/kernel/error.o
LOAD src/kernel/kRtc.o
LOAD src/kernel/lcd.o
LOAD src/kernel/shell.o
LOAD src/kernel/shellcmd.o
LOAD src/kernel/shellcom.o
LOAD src/kernel/taskman.o
LOAD src/kernel/utils.o
LOAD src/main.o
START GROUP
LOAD ../src/ASF/thirdparty/CMSIS/Lib/GCC\libarm_cortexM3l_math.a
LOAD c:/program files (x86)/atmel/studio/7.0/toolchain/arm/arm-gnu-toolchain/bin/../lib/gcc/arm-none-eabi/6.2.1/../../../../arm-none-eabi/lib/thumb/v7-m\libm.a
END GROUP
START GROUP
LOAD c:/program files (x86)/atmel/studio/7.0/toolchain/arm/arm-gnu-toolchain/bin/../lib/gcc/arm-none-eabi/6.2.1/thumb/v7-m\libgcc.a
LOAD c:/program files (x86)/atmel/studio/7.0/toolchain/arm/arm-gnu-toolchain/bin/../lib/gcc/arm-none-eabi/6.2.1/../../../../arm-none-eabi/lib/thumb/v7-m\libc.a
END GROUP
LOAD c:/program files (x86)/atmel/studio/7.0/toolchain/arm/arm-gnu-toolchain/bin/../lib/gcc/arm-none-eabi/6.2.1/thumb/v7-m/crtend.o
LOAD c:/program files (x86)/atmel/studio/7.0/toolchain/arm/arm-gnu-toolchain/bin/../lib/gcc/arm-none-eabi/6.2.1/thumb/v7-m/crtn.o
                0x00004000                __stack_size__ = DEFINED (__stack_size__)?__stack_size__:0x4000
                0x20083ffc                __ram_end__ = ((ORIGIN (ram) + LENGTH (ram)) - 0x4)

.text           0x00080000     0x98ec
                0x00080000                . = ALIGN (0x4)
                0x00080000                _sfixed = .
 *(.vectors .vectors.*)
 .vectors       0x00080000       0xbc src/ASF/sam/utils/cmsis/sam3u/source/templates/gcc/startup_sam3u.o
                0x00080000                exception_table
 *(.text .text.* .gnu.linkonce.t.*)
 .text          0x000800bc       0x6c c:/program files (x86)/atmel/studio/7.0/toolchain/arm/arm-gnu-toolchain/bin/../lib/gcc/arm-none-eabi/6.2.1/thumb/v7-m/crtbegin.o
 .text.Appli    0x00080128      0x124 src/appli.o
                0x00080128                Appli
 .text.chipid_read
                0x0008024c       0x52 src/ASF/sam/drivers/chipid/chipid.o
                0x0008024c                chipid_read
 *fill*         0x0008029e        0x2 
 .text._menuActualMode
                0x000802a0       0x38 src/menu.o
                0x000802a0                _menuActualMode
 .text.Menu     0x000802d8      0x1f8 src/menu.o
                0x000802d8                Menu
 .text.ButtonSwitch_ISR_Handler
                0x000804d0       0x20 src/menu.o
                0x000804d0                ButtonSwitch_ISR_Handler
 .text.ButtonSelect_ISR_Handler
                0x000804f0       0x20 src/menu.o
                0x000804f0                ButtonSelect_ISR_Handler
 .text.ButtonBack_ISR_Handler
                0x00080510       0x20 src/menu.o
                0x00080510                ButtonBack_ISR_Handler
 .text.pio_handler_process
                0x00080530       0x50 src/ASF/sam/drivers/pio/pio_handler.o
                0x00080530                pio_handler_process
 .text.pio_handler_set
                0x00080580       0x70 src/ASF/sam/drivers/pio/pio_handler.o
                0x00080580                pio_handler_set
 .text.PIOA_Handler
                0x000805f0       0x14 src/ASF/sam/drivers/pio/pio_handler.o
                0x000805f0                PIOA_Handler
 .text.PIOB_Handler
                0x00080604       0x14 src/ASF/sam/drivers/pio/pio_handler.o
                0x00080604                PIOB_Handler
 .text.sysclk_init
                0x00080618       0x7c src/ASF/common/services/clock/sam3u/sysclk.o
                0x00080618                sysclk_init
 .text.pio_set_peripheral
                0x00080694       0x3e src/ASF/sam/drivers/pio/pio.o
                0x00080694                pio_set_peripheral
 .text.pio_set_input
                0x000806d2       0x32 src/ASF/sam/drivers/pio/pio.o
                0x000806d2                pio_set_input
 .text.pio_set_output
                0x00080704       0x26 src/ASF/sam/drivers/pio/pio.o
                0x00080704                pio_set_output
 .text.pio_configure_interrupt
                0x0008072a       0x2e src/ASF/sam/drivers/pio/pio.o
                0x0008072a                pio_configure_interrupt
 .text.pio_enable_interrupt
                0x00080758        0x4 src/ASF/sam/drivers/pio/pio.o
                0x00080758                pio_enable_interrupt
 .text.pio_get_interrupt_status
                0x0008075c        0x4 src/ASF/sam/drivers/pio/pio.o
                0x0008075c                pio_get_interrupt_status
 .text.pio_get_interrupt_mask
                0x00080760        0x4 src/ASF/sam/drivers/pio/pio.o
                0x00080760                pio_get_interrupt_mask
 .text.pio_get_pin_value
                0x00080764       0x1c src/ASF/sam/drivers/pio/pio.o
                0x00080764                pio_get_pin_value
 .text.pio_set_pin_high
                0x00080780       0x1a src/ASF/sam/drivers/pio/pio.o
                0x00080780                pio_set_pin_high
 .text.pio_set_pin_low
                0x0008079a       0x1a src/ASF/sam/drivers/pio/pio.o
                0x0008079a                pio_set_pin_low
 .text.pio_toggle_pin
                0x000807b4       0x20 src/ASF/sam/drivers/pio/pio.o
                0x000807b4                pio_toggle_pin
 .text.pio_configure_pin
                0x000807d4       0xd0 src/ASF/sam/drivers/pio/pio.o
                0x000807d4                pio_configure_pin
 .text.pmc_switch_mck_to_pllack
                0x000808a4       0x64 src/ASF/sam/drivers/pmc/pmc.o
                0x000808a4                pmc_switch_mck_to_pllack
 .text.pmc_switch_sclk_to_32kxtal
                0x00080908       0x24 src/ASF/sam/drivers/pmc/pmc.o
                0x00080908                pmc_switch_sclk_to_32kxtal
 .text.pmc_osc_is_ready_32kxtal
                0x0008092c       0x20 src/ASF/sam/drivers/pmc/pmc.o
                0x0008092c                pmc_osc_is_ready_32kxtal
 .text.pmc_osc_enable_main_xtal
                0x0008094c       0x28 src/ASF/sam/drivers/pmc/pmc.o
                0x0008094c                pmc_osc_enable_main_xtal
 .text.pmc_osc_is_ready_main_xtal
                0x00080974       0x10 src/ASF/sam/drivers/pmc/pmc.o
                0x00080974                pmc_osc_is_ready_main_xtal
 .text.pmc_osc_is_ready_mainck
                0x00080984       0x10 src/ASF/sam/drivers/pmc/pmc.o
                0x00080984                pmc_osc_is_ready_mainck
 .text.pmc_mainck_osc_select
                0x00080994       0x20 src/ASF/sam/drivers/pmc/pmc.o
                0x00080994                pmc_mainck_osc_select
 .text.pmc_disable_pllack
                0x000809b4       0x10 src/ASF/sam/drivers/pmc/pmc.o
                0x000809b4                pmc_disable_pllack
 .text.pmc_is_locked_pllack
                0x000809c4       0x10 src/ASF/sam/drivers/pmc/pmc.o
                0x000809c4                pmc_is_locked_pllack
 .text.pmc_enable_periph_clk
                0x000809d4       0x34 src/ASF/sam/drivers/pmc/pmc.o
                0x000809d4                pmc_enable_periph_clk
 .text.board_init
                0x00080a08        0x2 src/ASF/common/boards/user_board/init.o
                0x00080a08                board_init
 *fill*         0x00080a0a        0x2 
 .text.cpu_irq_enter_critical
                0x00080a0c       0x3c src/ASF/common/utils/interrupt/interrupt_sam_nvic.o
                0x00080a0c                cpu_irq_enter_critical
 .text.cpu_irq_leave_critical
                0x00080a48       0x2c src/ASF/common/utils/interrupt/interrupt_sam_nvic.o
                0x00080a48                cpu_irq_leave_critical
 .text.pwm_clocks_generate
                0x00080a74       0x54 src/ASF/sam/drivers/pwm/pwm.o
 .text.pwm_init
                0x00080ac8       0x44 src/ASF/sam/drivers/pwm/pwm.o
                0x00080ac8                pwm_init
 .text.pwm_channel_init
                0x00080b0c       0xe6 src/ASF/sam/drivers/pwm/pwm.o
                0x00080b0c                pwm_channel_init
 .text.pwm_channel_enable
                0x00080bf2        0xa src/ASF/sam/drivers/pwm/pwm.o
                0x00080bf2                pwm_channel_enable
 .text.pwm_channel_disable
                0x00080bfc        0xa src/ASF/sam/drivers/pwm/pwm.o
                0x00080bfc                pwm_channel_disable
 *fill*         0x00080c06        0x2 
 .text.rstc_start_software_reset
                0x00080c08        0xc src/ASF/sam/drivers/rstc/rstc.o
                0x00080c08                rstc_start_software_reset
 .text.rtc_enable_interrupt
                0x00080c14        0x4 src/ASF/sam/drivers/rtc/rtc.o
                0x00080c14                rtc_enable_interrupt
 .text.rtc_get_time
                0x00080c18       0x5a src/ASF/sam/drivers/rtc/rtc.o
                0x00080c18                rtc_get_time
 *fill*         0x00080c72        0x2 
 .text.rtc_set_time
                0x00080c74       0x94 src/ASF/sam/drivers/rtc/rtc.o
                0x00080c74                rtc_set_time
 .text.rtc_get_date
                0x00080d08       0x72 src/ASF/sam/drivers/rtc/rtc.o
                0x00080d08                rtc_get_date
 *fill*         0x00080d7a        0x2 
 .text.rtc_set_date
                0x00080d7c       0xb8 src/ASF/sam/drivers/rtc/rtc.o
                0x00080d7c                rtc_set_date
 .text.rtc_clear_status
                0x00080e34        0x4 src/ASF/sam/drivers/rtc/rtc.o
                0x00080e34                rtc_clear_status
 .text.tc_init  0x00080e38       0x18 src/ASF/sam/drivers/tc/tc.o
                0x00080e38                tc_init
 .text.tc_start
                0x00080e50        0x8 src/ASF/sam/drivers/tc/tc.o
                0x00080e50                tc_start
 .text.tc_write_ra
                0x00080e58        0x8 src/ASF/sam/drivers/tc/tc.o
                0x00080e58                tc_write_ra
 .text.tc_write_rc
                0x00080e60        0x8 src/ASF/sam/drivers/tc/tc.o
                0x00080e60                tc_write_rc
 .text.tc_enable_interrupt
                0x00080e68        0x8 src/ASF/sam/drivers/tc/tc.o
                0x00080e68                tc_enable_interrupt
 .text.tc_get_status
                0x00080e70        0x8 src/ASF/sam/drivers/tc/tc.o
                0x00080e70                tc_get_status
 .text.uart_init
                0x00080e78       0x36 src/ASF/sam/drivers/uart/uart.o
                0x00080e78                uart_init
 .text.uart_enable_interrupt
                0x00080eae        0x4 src/ASF/sam/drivers/uart/uart.o
                0x00080eae                uart_enable_interrupt
 .text.uart_disable_interrupt
                0x00080eb2        0x4 src/ASF/sam/drivers/uart/uart.o
                0x00080eb2                uart_disable_interrupt
 .text.uart_get_status
                0x00080eb6        0x4 src/ASF/sam/drivers/uart/uart.o
                0x00080eb6                uart_get_status
 .text.uart_is_rx_ready
                0x00080eba        0x8 src/ASF/sam/drivers/uart/uart.o
                0x00080eba                uart_is_rx_ready
 .text.uart_read
                0x00080ec2       0x12 src/ASF/sam/drivers/uart/uart.o
                0x00080ec2                uart_read
 .text.wdt_disable
                0x00080ed4        0x8 src/ASF/sam/drivers/wdt/wdt.o
                0x00080ed4                wdt_disable
 .text.Dummy_Handler
                0x00080edc        0x2 src/ASF/sam/utils/cmsis/sam3u/source/templates/exceptions.o
                0x00080edc                DebugMon_Handler
                0x00080edc                DMAC_Handler
                0x00080edc                HardFault_Handler
                0x00080edc                TC2_Handler
                0x00080edc                SPI_Handler
                0x00080edc                SysTick_Handler
                0x00080edc                TWI1_Handler
                0x00080edc                PendSV_Handler
                0x00080edc                NMI_Handler
                0x00080edc                ADC_Handler
                0x00080edc                SMC_Handler
                0x00080edc                USART0_Handler
                0x00080edc                RTT_Handler
                0x00080edc                EFC1_Handler
                0x00080edc                UDPHS_Handler
                0x00080edc                ADC12B_Handler
                0x00080edc                UsageFault_Handler
                0x00080edc                WDT_Handler
                0x00080edc                TC1_Handler
                0x00080edc                HSMCI_Handler
                0x00080edc                Dummy_Handler
                0x00080edc                TWI0_Handler
                0x00080edc                USART1_Handler
                0x00080edc                SSC_Handler
                0x00080edc                EFC0_Handler
                0x00080edc                PMC_Handler
                0x00080edc                PWM_Handler
                0x00080edc                MemManage_Handler
                0x00080edc                SUPC_Handler
                0x00080edc                SVC_Handler
                0x00080edc                USART2_Handler
                0x00080edc                BusFault_Handler
                0x00080edc                RSTC_Handler
 *fill*         0x00080ede        0x2 
 .text.Reset_Handler
                0x00080ee0       0x98 src/ASF/sam/utils/cmsis/sam3u/source/templates/gcc/startup_sam3u.o
                0x00080ee0                Reset_Handler
 .text.SystemCoreClockUpdate
                0x00080f78      0x118 src/ASF/sam/utils/cmsis/sam3u/source/templates/system_sam3u.o
                0x00080f78                SystemCoreClockUpdate
 .text._sbrk    0x00081090       0x38 src/ASF/sam/utils/syscalls/gcc/syscalls.o
                0x00081090                _sbrk
 .text.Test     0x000810c8      0x358 src/command.o
                0x000810c8                Test
 .text.stop     0x00081420       0xa4 src/command.o
                0x00081420                stop
 .text.start    0x000814c4      0x1d0 src/command.o
                0x000814c4                start
 .text.CRC16MODBUSFRAME
                0x00081694       0x34 src/kernel/CRC16MODBUS.o
                0x00081694                CRC16MODBUSFRAME
 .text.CRC16MODBUS
                0x000816c8       0x14 src/kernel/CRC16MODBUS.o
                0x000816c8                CRC16MODBUS
 .text.Error    0x000816dc      0x1e0 src/kernel/error.o
                0x000816dc                Error
 .text.kRtc     0x000818bc      0x310 src/kernel/kRtc.o
                0x000818bc                kRtc
 .text.RTC_Handler
                0x00081bcc       0x30 src/kernel/kRtc.o
                0x00081bcc                RTC_Handler
 .text.Lcd      0x00081bfc      0x460 src/kernel/lcd.o
                0x00081bfc                Lcd
 .text.Shell    0x0008205c      0xd70 src/kernel/shell.o
                0x0008205c                Shell
 .text.setShellStatus
                0x00082dcc        0xc src/kernel/shell.o
                0x00082dcc                setShellStatus
 .text._cmd_show
                0x00082dd8       0x40 src/kernel/shellcmd.o
                0x00082dd8                _cmd_show
 .text._cmd_hide
                0x00082e18       0x40 src/kernel/shellcmd.o
                0x00082e18                _cmd_hide
 .text._cmd_start
                0x00082e58       0x1c src/kernel/shellcmd.o
                0x00082e58                _cmd_start
 .text._cmd_cls
                0x00082e74       0x14 src/kernel/shellcmd.o
                0x00082e74                _cmd_cls
 .text._cmd_set
                0x00082e88      0x118 src/kernel/shellcmd.o
                0x00082e88                _cmd_set
 .text._cmd_menu
                0x00082fa0       0x74 src/kernel/shellcmd.o
                0x00082fa0                _cmd_menu
 .text._cmd_restart_proc
                0x00083014       0x70 src/kernel/shellcmd.o
                0x00083014                _cmd_restart_proc
 .text._cmd_restart
                0x00083084       0x34 src/kernel/shellcmd.o
                0x00083084                _cmd_restart
 .text._cmd_infos
                0x000830b8      0x174 src/kernel/shellcmd.o
                0x000830b8                _cmd_infos
 .text.Shellcom
                0x0008322c      0x1c0 src/kernel/shellcom.o
                0x0008322c                Shellcom
 .text.UART_Handler
                0x000833ec       0x7c src/kernel/shellcom.o
                0x000833ec                UART_Handler
 .text.Taskman  0x00083468      0x200 src/kernel/taskman.o
                0x00083468                Taskman
 .text.TC0_Handler
                0x00083668       0x48 src/kernel/taskman.o
                0x00083668                TC0_Handler
 .text.mstrtokRestore
                0x000836b0       0x18 src/kernel/utils.o
                0x000836b0                mstrtokRestore
 .text.mstrtokReset
                0x000836c8       0x14 src/kernel/utils.o
                0x000836c8                mstrtokReset
 .text._IsSeparator
                0x000836dc       0x18 src/kernel/utils.o
                0x000836dc                _IsSeparator
 .text.mstrtok  0x000836f4       0x90 src/kernel/utils.o
                0x000836f4                mstrtok
 .text.main     0x00083784       0x6c src/main.o
                0x00083784                main
 .text          0x000837f0      0x21c c:/program files (x86)/atmel/studio/7.0/toolchain/arm/arm-gnu-toolchain/bin/../lib/gcc/arm-none-eabi/6.2.1/thumb/v7-m\libgcc.a(_arm_addsubsf3.o)
                0x000837f0                __aeabi_frsub
                0x000837f8                __subsf3
                0x000837f8                __aeabi_fsub
                0x000837fc                __aeabi_fadd
                0x000837fc                __addsf3
                0x0008395c                __aeabi_ui2f
                0x0008395c                __floatunsisf
                0x00083964                __aeabi_i2f
                0x00083964                __floatsisf
                0x00083980                __aeabi_ul2f
                0x00083980                __floatundisf
                0x00083990                __aeabi_l2f
                0x00083990                __floatdisf
 .text          0x00083a0c      0x2a0 c:/program files (x86)/atmel/studio/7.0/toolchain/arm/arm-gnu-toolchain/bin/../lib/gcc/arm-none-eabi/6.2.1/thumb/v7-m\libgcc.a(_arm_muldivsf3.o)
                0x00083a0c                __mulsf3
                0x00083a0c                __aeabi_fmul
                0x00083b74                __aeabi_fdiv
                0x00083b74                __divsf3
 .text          0x00083cac       0x40 c:/program files (x86)/atmel/studio/7.0/toolchain/arm/arm-gnu-toolchain/bin/../lib/gcc/arm-none-eabi/6.2.1/thumb/v7-m\libgcc.a(_arm_fixunssfsi.o)
                0x00083cac                __fixunssfsi
                0x00083cac                __aeabi_f2uiz
 .text.atoi     0x00083cec        0x8 c:/program files (x86)/atmel/studio/7.0/toolchain/arm/arm-gnu-toolchain/bin/../lib/gcc/arm-none-eabi/6.2.1/../../../../arm-none-eabi/lib/thumb/v7-m\libc.a(lib_a-atoi.o)
                0x00083cec                atoi
 .text.__libc_init_array
                0x00083cf4       0x50 c:/program files (x86)/atmel/studio/7.0/toolchain/arm/arm-gnu-toolchain/bin/../lib/gcc/arm-none-eabi/6.2.1/../../../../arm-none-eabi/lib/thumb/v7-m\libc.a(lib_a-init.o)
                0x00083cf4                __libc_init_array
 .text.memset   0x00083d44       0x9c c:/program files (x86)/atmel/studio/7.0/toolchain/arm/arm-gnu-toolchain/bin/../lib/gcc/arm-none-eabi/6.2.1/../../../../arm-none-eabi/lib/thumb/v7-m\libc.a(lib_a-memset.o)
                0x00083d44                memset
 .text.sprintf  0x00083de0       0x4c c:/program files (x86)/atmel/studio/7.0/toolchain/arm/arm-gnu-toolchain/bin/../lib/gcc/arm-none-eabi/6.2.1/../../../../arm-none-eabi/lib/thumb/v7-m\libc.a(lib_a-sprintf.o)
                0x00083de0                sprintf
 .text.strlen   0x00083e2c       0x5c c:/program files (x86)/atmel/studio/7.0/toolchain/arm/arm-gnu-toolchain/bin/../lib/gcc/arm-none-eabi/6.2.1/../../../../arm-none-eabi/lib/thumb/v7-m\libc.a(lib_a-strlen-stub.o)
                0x00083e2c                strlen
 .text.strtok   0x00083e88       0x10 c:/program files (x86)/atmel/studio/7.0/toolchain/arm/arm-gnu-toolchain/bin/../lib/gcc/arm-none-eabi/6.2.1/../../../../arm-none-eabi/lib/thumb/v7-m\libc.a(lib_a-strtok.o)
                0x00083e88                strtok
 .text.__strtok_r
                0x00083e98       0x64 c:/program files (x86)/atmel/studio/7.0/toolchain/arm/arm-gnu-toolchain/bin/../lib/gcc/arm-none-eabi/6.2.1/../../../../arm-none-eabi/lib/thumb/v7-m\libc.a(lib_a-strtok_r.o)
                0x00083e98                __strtok_r
 .text._strtol_l.isra.0
                0x00083efc      0x128 c:/program files (x86)/atmel/studio/7.0/toolchain/arm/arm-gnu-toolchain/bin/../lib/gcc/arm-none-eabi/6.2.1/../../../../arm-none-eabi/lib/thumb/v7-m\libc.a(lib_a-strtol.o)
 .text.strtol   0x00084024       0x2c c:/program files (x86)/atmel/studio/7.0/toolchain/arm/arm-gnu-toolchain/bin/../lib/gcc/arm-none-eabi/6.2.1/../../../../arm-none-eabi/lib/thumb/v7-m\libc.a(lib_a-strtol.o)
                0x00084024                strtol
 .text._svfprintf_r
                0x00084050     0x14f8 c:/program files (x86)/atmel/studio/7.0/toolchain/arm/arm-gnu-toolchain/bin/../lib/gcc/arm-none-eabi/6.2.1/../../../../arm-none-eabi/lib/thumb/v7-m\libc.a(lib_a-svfprintf.o)
                0x00084050                _svfprintf_r
 .text.startup.register_fini
                0x00085548       0x14 c:/program files (x86)/atmel/studio/7.0/toolchain/arm/arm-gnu-toolchain/bin/../lib/gcc/arm-none-eabi/6.2.1/../../../../arm-none-eabi/lib/thumb/v7-m\libc.a(lib_a-__call_atexit.o)
 .text.atexit   0x0008555c        0xc c:/program files (x86)/atmel/studio/7.0/toolchain/arm/arm-gnu-toolchain/bin/../lib/gcc/arm-none-eabi/6.2.1/../../../../arm-none-eabi/lib/thumb/v7-m\libc.a(lib_a-atexit.o)
                0x0008555c                atexit
 .text.quorem   0x00085568      0x128 c:/program files (x86)/atmel/studio/7.0/toolchain/arm/arm-gnu-toolchain/bin/../lib/gcc/arm-none-eabi/6.2.1/../../../../arm-none-eabi/lib/thumb/v7-m\libc.a(lib_a-dtoa.o)
 .text._dtoa_r  0x00085690      0xe44 c:/program files (x86)/atmel/studio/7.0/toolchain/arm/arm-gnu-toolchain/bin/../lib/gcc/arm-none-eabi/6.2.1/../../../../arm-none-eabi/lib/thumb/v7-m\libc.a(lib_a-dtoa.o)
                0x00085690                _dtoa_r
 .text.__libc_fini_array
                0x000864d4       0x34 c:/program files (x86)/atmel/studio/7.0/toolchain/arm/arm-gnu-toolchain/bin/../lib/gcc/arm-none-eabi/6.2.1/../../../../arm-none-eabi/lib/thumb/v7-m\libc.a(lib_a-fini.o)
                0x000864d4                __libc_fini_array
 .text.__locale_ctype_ptr_l
                0x00086508        0x8 c:/program files (x86)/atmel/studio/7.0/toolchain/arm/arm-gnu-toolchain/bin/../lib/gcc/arm-none-eabi/6.2.1/../../../../arm-none-eabi/lib/thumb/v7-m\libc.a(lib_a-locale.o)
                0x00086508                __locale_ctype_ptr_l
 .text._localeconv_r
                0x00086510       0x1c c:/program files (x86)/atmel/studio/7.0/toolchain/arm/arm-gnu-toolchain/bin/../lib/gcc/arm-none-eabi/6.2.1/../../../../arm-none-eabi/lib/thumb/v7-m\libc.a(lib_a-localeconv.o)
                0x00086510                _localeconv_r
 .text._malloc_r
                0x0008652c      0x544 c:/program files (x86)/atmel/studio/7.0/toolchain/arm/arm-gnu-toolchain/bin/../lib/gcc/arm-none-eabi/6.2.1/../../../../arm-none-eabi/lib/thumb/v7-m\libc.a(lib_a-mallocr.o)
                0x0008652c                _malloc_r
 .text.__ascii_mbtowc
                0x00086a70       0x2c c:/program files (x86)/atmel/studio/7.0/toolchain/arm/arm-gnu-toolchain/bin/../lib/gcc/arm-none-eabi/6.2.1/../../../../arm-none-eabi/lib/thumb/v7-m\libc.a(lib_a-mbtowc_r.o)
                0x00086a70                __ascii_mbtowc
 .text.memchr   0x00086a9c       0x8c c:/program files (x86)/atmel/studio/7.0/toolchain/arm/arm-gnu-toolchain/bin/../lib/gcc/arm-none-eabi/6.2.1/../../../../arm-none-eabi/lib/thumb/v7-m\libc.a(lib_a-memchr-stub.o)
                0x00086a9c                memchr
 .text          0x00086b28       0xec c:/program files (x86)/atmel/studio/7.0/toolchain/arm/arm-gnu-toolchain/bin/../lib/gcc/arm-none-eabi/6.2.1/../../../../arm-none-eabi/lib/thumb/v7-m\libc.a(lib_a-memcpy.o)
                0x00086b28                memcpy
 .text.__malloc_lock
                0x00086c14        0x4 c:/program files (x86)/atmel/studio/7.0/toolchain/arm/arm-gnu-toolchain/bin/../lib/gcc/arm-none-eabi/6.2.1/../../../../arm-none-eabi/lib/thumb/v7-m\libc.a(lib_a-mlock.o)
                0x00086c14                __malloc_lock
 .text.__malloc_unlock
                0x00086c18        0x4 c:/program files (x86)/atmel/studio/7.0/toolchain/arm/arm-gnu-toolchain/bin/../lib/gcc/arm-none-eabi/6.2.1/../../../../arm-none-eabi/lib/thumb/v7-m\libc.a(lib_a-mlock.o)
                0x00086c18                __malloc_unlock
 .text._Balloc  0x00086c1c       0x4c c:/program files (x86)/atmel/studio/7.0/toolchain/arm/arm-gnu-toolchain/bin/../lib/gcc/arm-none-eabi/6.2.1/../../../../arm-none-eabi/lib/thumb/v7-m\libc.a(lib_a-mprec.o)
                0x00086c1c                _Balloc
 .text._Bfree   0x00086c68       0x14 c:/program files (x86)/atmel/studio/7.0/toolchain/arm/arm-gnu-toolchain/bin/../lib/gcc/arm-none-eabi/6.2.1/../../../../arm-none-eabi/lib/thumb/v7-m\libc.a(lib_a-mprec.o)
                0x00086c68                _Bfree
 .text.__multadd
                0x00086c7c       0x84 c:/program files (x86)/atmel/studio/7.0/toolchain/arm/arm-gnu-toolchain/bin/../lib/gcc/arm-none-eabi/6.2.1/../../../../arm-none-eabi/lib/thumb/v7-m\libc.a(lib_a-mprec.o)
                0x00086c7c                __multadd
 .text.__hi0bits
                0x00086d00       0x40 c:/program files (x86)/atmel/studio/7.0/toolchain/arm/arm-gnu-toolchain/bin/../lib/gcc/arm-none-eabi/6.2.1/../../../../arm-none-eabi/lib/thumb/v7-m\libc.a(lib_a-mprec.o)
                0x00086d00                __hi0bits
 .text.__lo0bits
                0x00086d40       0x60 c:/program files (x86)/atmel/studio/7.0/toolchain/arm/arm-gnu-toolchain/bin/../lib/gcc/arm-none-eabi/6.2.1/../../../../arm-none-eabi/lib/thumb/v7-m\libc.a(lib_a-mprec.o)
                0x00086d40                __lo0bits
 .text.__i2b    0x00086da0       0x14 c:/program files (x86)/atmel/studio/7.0/toolchain/arm/arm-gnu-toolchain/bin/../lib/gcc/arm-none-eabi/6.2.1/../../../../arm-none-eabi/lib/thumb/v7-m\libc.a(lib_a-mprec.o)
                0x00086da0                __i2b
 .text.__multiply
                0x00086db4      0x124 c:/program files (x86)/atmel/studio/7.0/toolchain/arm/arm-gnu-toolchain/bin/../lib/gcc/arm-none-eabi/6.2.1/../../../../arm-none-eabi/lib/thumb/v7-m\libc.a(lib_a-mprec.o)
                0x00086db4                __multiply
 .text.__pow5mult
                0x00086ed8       0xa0 c:/program files (x86)/atmel/studio/7.0/toolchain/arm/arm-gnu-toolchain/bin/../lib/gcc/arm-none-eabi/6.2.1/../../../../arm-none-eabi/lib/thumb/v7-m\libc.a(lib_a-mprec.o)
                0x00086ed8                __pow5mult
 .text.__lshift
                0x00086f78       0xa0 c:/program files (x86)/atmel/studio/7.0/toolchain/arm/arm-gnu-toolchain/bin/../lib/gcc/arm-none-eabi/6.2.1/../../../../arm-none-eabi/lib/thumb/v7-m\libc.a(lib_a-mprec.o)
                0x00086f78                __lshift
 .text.__mcmp   0x00087018       0x38 c:/program files (x86)/atmel/studio/7.0/toolchain/arm/arm-gnu-toolchain/bin/../lib/gcc/arm-none-eabi/6.2.1/../../../../arm-none-eabi/lib/thumb/v7-m\libc.a(lib_a-mprec.o)
                0x00087018                __mcmp
 .text.__mdiff  0x00087050      0x11c c:/program files (x86)/atmel/studio/7.0/toolchain/arm/arm-gnu-toolchain/bin/../lib/gcc/arm-none-eabi/6.2.1/../../../../arm-none-eabi/lib/thumb/v7-m\libc.a(lib_a-mprec.o)
                0x00087050                __mdiff
 .text.__d2b    0x0008716c       0xa8 c:/program files (x86)/atmel/studio/7.0/toolchain/arm/arm-gnu-toolchain/bin/../lib/gcc/arm-none-eabi/6.2.1/../../../../arm-none-eabi/lib/thumb/v7-m\libc.a(lib_a-mprec.o)
                0x0008716c                __d2b
 .text._sbrk_r  0x00087214       0x24 c:/program files (x86)/atmel/studio/7.0/toolchain/arm/arm-gnu-toolchain/bin/../lib/gcc/arm-none-eabi/6.2.1/../../../../arm-none-eabi/lib/thumb/v7-m\libc.a(lib_a-sbrkr.o)
                0x00087214                _sbrk_r
 .text.__ssprint_r
                0x00087238       0xfc c:/program files (x86)/atmel/studio/7.0/toolchain/arm/arm-gnu-toolchain/bin/../lib/gcc/arm-none-eabi/6.2.1/../../../../arm-none-eabi/lib/thumb/v7-m\libc.a(lib_a-svfiprintf.o)
                0x00087238                __ssprint_r
 .text.__ascii_wctomb
                0x00087334       0x18 c:/program files (x86)/atmel/studio/7.0/toolchain/arm/arm-gnu-toolchain/bin/../lib/gcc/arm-none-eabi/6.2.1/../../../../arm-none-eabi/lib/thumb/v7-m\libc.a(lib_a-wctomb_r.o)
                0x00087334                __ascii_wctomb
 .text.__register_exitproc
                0x0008734c       0xac c:/program files (x86)/atmel/studio/7.0/toolchain/arm/arm-gnu-toolchain/bin/../lib/gcc/arm-none-eabi/6.2.1/../../../../arm-none-eabi/lib/thumb/v7-m\libc.a(lib_a-__atexit.o)
                0x0008734c                __register_exitproc
 .text._calloc_r
                0x000873f8       0x60 c:/program files (x86)/atmel/studio/7.0/toolchain/arm/arm-gnu-toolchain/bin/../lib/gcc/arm-none-eabi/6.2.1/../../../../arm-none-eabi/lib/thumb/v7-m\libc.a(lib_a-callocr.o)
                0x000873f8                _calloc_r
 .text._malloc_trim_r
                0x00087458       0xa0 c:/program files (x86)/atmel/studio/7.0/toolchain/arm/arm-gnu-toolchain/bin/../lib/gcc/arm-none-eabi/6.2.1/../../../../arm-none-eabi/lib/thumb/v7-m\libc.a(lib_a-freer.o)
                0x00087458                _malloc_trim_r
 .text._free_r  0x000874f8      0x1cc c:/program files (x86)/atmel/studio/7.0/toolchain/arm/arm-gnu-toolchain/bin/../lib/gcc/arm-none-eabi/6.2.1/../../../../arm-none-eabi/lib/thumb/v7-m\libc.a(lib_a-freer.o)
                0x000874f8                _free_r
 .text.memmove  0x000876c4       0xc8 c:/program files (x86)/atmel/studio/7.0/toolchain/arm/arm-gnu-toolchain/bin/../lib/gcc/arm-none-eabi/6.2.1/../../../../arm-none-eabi/lib/thumb/v7-m\libc.a(lib_a-memmove.o)
                0x000876c4                memmove
 .text._realloc_r
                0x0008778c      0x36c c:/program files (x86)/atmel/studio/7.0/toolchain/arm/arm-gnu-toolchain/bin/../lib/gcc/arm-none-eabi/6.2.1/../../../../arm-none-eabi/lib/thumb/v7-m\libc.a(lib_a-reallocr.o)
                0x0008778c                _realloc_r
 .text          0x00087af8      0x370 c:/program files (x86)/atmel/studio/7.0/toolchain/arm/arm-gnu-toolchain/bin/../lib/gcc/arm-none-eabi/6.2.1/thumb/v7-m\libgcc.a(_arm_addsubdf3.o)
                0x00087af8                __aeabi_drsub
                0x00087b00                __aeabi_dsub
                0x00087b00                __subdf3
                0x00087b04                __aeabi_dadd
                0x00087b04                __adddf3
                0x00087d7c                __floatunsidf
                0x00087d7c                __aeabi_ui2d
                0x00087d9c                __floatsidf
                0x00087d9c                __aeabi_i2d
                0x00087dc0                __aeabi_f2d
                0x00087dc0                __extendsfdf2
                0x00087dfc                __floatundidf
                0x00087dfc                __aeabi_ul2d
                0x00087e0c                __floatdidf
                0x00087e0c                __aeabi_l2d
 .text          0x00087e68      0x424 c:/program files (x86)/atmel/studio/7.0/toolchain/arm/arm-gnu-toolchain/bin/../lib/gcc/arm-none-eabi/6.2.1/thumb/v7-m\libgcc.a(_arm_muldivdf3.o)
                0x00087e68                __aeabi_dmul
                0x00087e68                __muldf3
                0x000880bc                __divdf3
                0x000880bc                __aeabi_ddiv
 .text          0x0008828c      0x110 c:/program files (x86)/atmel/studio/7.0/toolchain/arm/arm-gnu-toolchain/bin/../lib/gcc/arm-none-eabi/6.2.1/thumb/v7-m\libgcc.a(_arm_cmpdf2.o)
                0x0008828c                __gtdf2
                0x0008828c                __gedf2
                0x00088294                __ltdf2
                0x00088294                __ledf2
                0x0008829c                __nedf2
                0x0008829c                __eqdf2
                0x0008829c                __cmpdf2
                0x00088318                __aeabi_cdrcmple
                0x00088328                __aeabi_cdcmpeq
                0x00088328                __aeabi_cdcmple
                0x00088338                __aeabi_dcmpeq
                0x0008834c                __aeabi_dcmplt
                0x00088360                __aeabi_dcmple
                0x00088374                __aeabi_dcmpge
                0x00088388                __aeabi_dcmpgt
 .text          0x0008839c       0x2c c:/program files (x86)/atmel/studio/7.0/toolchain/arm/arm-gnu-toolchain/bin/../lib/gcc/arm-none-eabi/6.2.1/thumb/v7-m\libgcc.a(_arm_unorddf2.o)
                0x0008839c                __unorddf2
                0x0008839c                __aeabi_dcmpun
 .text          0x000883c8       0x50 c:/program files (x86)/atmel/studio/7.0/toolchain/arm/arm-gnu-toolchain/bin/../lib/gcc/arm-none-eabi/6.2.1/thumb/v7-m\libgcc.a(_arm_fixdfsi.o)
                0x000883c8                __aeabi_d2iz
                0x000883c8                __fixdfsi
 .text          0x00088418       0x30 c:/program files (x86)/atmel/studio/7.0/toolchain/arm/arm-gnu-toolchain/bin/../lib/gcc/arm-none-eabi/6.2.1/thumb/v7-m\libgcc.a(_aeabi_uldivmod.o)
                0x00088418                __aeabi_uldivmod
 .text          0x00088448      0x2dc c:/program files (x86)/atmel/studio/7.0/toolchain/arm/arm-gnu-toolchain/bin/../lib/gcc/arm-none-eabi/6.2.1/thumb/v7-m\libgcc.a(_udivmoddi4.o)
                0x00088448                __udivmoddi4
 .text          0x00088724        0x4 c:/program files (x86)/atmel/studio/7.0/toolchain/arm/arm-gnu-toolchain/bin/../lib/gcc/arm-none-eabi/6.2.1/thumb/v7-m\libgcc.a(_dvmd_tls.o)
                0x00088724                __aeabi_idiv0
                0x00088724                __aeabi_ldiv0
 *(.glue_7t)
 .glue_7t       0x00088728        0x0 linker stubs
 *(.glue_7)
 .glue_7        0x00088728        0x0 linker stubs
 *(.rodata .rodata* .gnu.linkonce.r.*)
 .rodata.Appli.str1.4
                0x00088728       0x62 src/appli.o
 *fill*         0x0008878a        0x2 
 .rodata.Menu.str1.4
                0x0008878c       0x21 src/menu.o
                                 0x46 (size before relaxing)
 *fill*         0x000887ad        0x3 
 .rodata._doorNumberMenu
                0x000887b0       0x40 src/menu.o
                0x000887b0                _doorNumberMenu
 .rodata._mainMenu
                0x000887f0       0x30 src/menu.o
                0x000887f0                _mainMenu
 .rodata._menuActualMode.str1.4
                0x00088820       0x29 src/menu.o
 *fill*         0x00088849        0x3 
 .rodata._modesMenu
                0x0008884c       0x20 src/menu.o
                0x0008884c                _modesMenu
 .rodata.str1.4
                0x0008886c       0x51 src/menu.o
 *fill*         0x000888bd        0x3 
 .rodata        0x000888c0       0x2c src/ASF/sam/drivers/pwm/pwm.o
 .rodata        0x000888ec        0xc src/command.o
 .rodata.Test.str1.4
                0x000888f8       0xb7 src/command.o
                                 0xbb (size before relaxing)
 *fill*         0x000889af        0x1 
 .rodata.commands
                0x000889b0       0x18 src/command.o
                0x000889b0                commands
 .rodata.start.str1.4
                0x000889c8       0x2f src/command.o
                                 0x53 (size before relaxing)
 *fill*         0x000889f7        0x1 
 .rodata.stop.str1.4
                0x000889f8       0x18 src/command.o
 .rodata.kRtc.str1.4
                0x00088a10        0xd src/kernel/kRtc.o
 *fill*         0x00088a1d        0x3 
 .rodata.nbDaysInMonth
                0x00088a20        0xc src/kernel/kRtc.o
                0x00088a20                nbDaysInMonth
 .rodata.str1.4
                0x00088a2c       0xad src/kernel/kRtc.o
 *fill*         0x00088ad9        0x3 
 .rodata.line2addr
                0x00088adc        0x4 src/kernel/lcd.o
                0x00088adc                line2addr
 .rodata.Shell.str1.4
                0x00088ae0       0xb7 src/kernel/shell.o
                                 0xc3 (size before relaxing)
 *fill*         0x00088b97        0x1 
 .rodata.heartBeatRhythm
                0x00088b98       0x14 src/kernel/shell.o
                0x00088b98                heartBeatRhythm
 .rodata.hexDigits
                0x00088bac       0x11 src/kernel/shell.o
                0x00088bac                hexDigits
 *fill*         0x00088bbd        0x3 
 .rodata.separators
                0x00088bc0        0xa src/kernel/shell.o
                0x00088bc0                separators
 *fill*         0x00088bca        0x2 
 .rodata._cmd_cls.str1.4
                0x00088bcc        0x5 src/kernel/shellcmd.o
 *fill*         0x00088bd1        0x3 
 .rodata._cmd_infos.str1.4
                0x00088bd4       0xec src/kernel/shellcmd.o
 .rodata._cmd_restart_proc.str1.4
                0x00088cc0       0x25 src/kernel/shellcmd.o
 *fill*         0x00088ce5        0x3 
 .rodata._cmd_set.str1.4
                0x00088ce8        0xd src/kernel/shellcmd.o
                                 0x13 (size before relaxing)
 .rodata._cmd_show.str1.4
                0x00088cf5        0x4 src/kernel/shellcmd.o
 *fill*         0x00088cf5        0x3 
 .rodata._cmd_start.str1.4
                0x00088cf8        0xe src/kernel/shellcmd.o
 *fill*         0x00088d06        0x2 
 .rodata.arch   0x00088d08      0x1b0 src/kernel/shellcmd.o
                0x00088d08                arch
 .rodata.cmdEntries
                0x00088eb8       0x50 src/kernel/shellcmd.o
                0x00088eb8                cmdEntries
 .rodata.str1.4
                0x00088f08      0x726 src/kernel/shellcmd.o
 *fill*         0x0008962e        0x2 
 .rodata.uart_opt
                0x00089630        0xc src/kernel/shellcom.o
                0x00089630                uart_opt
 .rodata._global_impure_ptr
                0x0008963c        0x4 c:/program files (x86)/atmel/studio/7.0/toolchain/arm/arm-gnu-toolchain/bin/../lib/gcc/arm-none-eabi/6.2.1/../../../../arm-none-eabi/lib/thumb/v7-m\libc.a(lib_a-impure.o)
                0x0008963c                _global_impure_ptr
 .rodata._svfprintf_r.str1.4
                0x00089640       0x42 c:/program files (x86)/atmel/studio/7.0/toolchain/arm/arm-gnu-toolchain/bin/../lib/gcc/arm-none-eabi/6.2.1/../../../../arm-none-eabi/lib/thumb/v7-m\libc.a(lib_a-svfprintf.o)
 *fill*         0x00089682        0x2 
 .rodata.blanks.7208
                0x00089684       0x10 c:/program files (x86)/atmel/studio/7.0/toolchain/arm/arm-gnu-toolchain/bin/../lib/gcc/arm-none-eabi/6.2.1/../../../../arm-none-eabi/lib/thumb/v7-m\libc.a(lib_a-svfprintf.o)
 .rodata.zeroes.7209
                0x00089694       0x10 c:/program files (x86)/atmel/studio/7.0/toolchain/arm/arm-gnu-toolchain/bin/../lib/gcc/arm-none-eabi/6.2.1/../../../../arm-none-eabi/lib/thumb/v7-m\libc.a(lib_a-svfprintf.o)
 .rodata._dtoa_r.str1.4
                0x000896a4       0x10 c:/program files (x86)/atmel/studio/7.0/toolchain/arm/arm-gnu-toolchain/bin/../lib/gcc/arm-none-eabi/6.2.1/../../../../arm-none-eabi/lib/thumb/v7-m\libc.a(lib_a-dtoa.o)
                                 0x12 (size before relaxing)
 .rodata._setlocale_r.str1.4
                0x000896b4        0xa c:/program files (x86)/atmel/studio/7.0/toolchain/arm/arm-gnu-toolchain/bin/../lib/gcc/arm-none-eabi/6.2.1/../../../../arm-none-eabi/lib/thumb/v7-m\libc.a(lib_a-locale.o)
                                  0xd (size before relaxing)
 *fill*         0x000896be        0x2 
 .rodata.str1.4
                0x000896c0        0x4 c:/program files (x86)/atmel/studio/7.0/toolchain/arm/arm-gnu-toolchain/bin/../lib/gcc/arm-none-eabi/6.2.1/../../../../arm-none-eabi/lib/thumb/v7-m\libc.a(lib_a-locale.o)
                                  0x2 (size before relaxing)
 *fill*         0x000896c4        0x4 
 .rodata.__mprec_bigtens
                0x000896c8       0x28 c:/program files (x86)/atmel/studio/7.0/toolchain/arm/arm-gnu-toolchain/bin/../lib/gcc/arm-none-eabi/6.2.1/../../../../arm-none-eabi/lib/thumb/v7-m\libc.a(lib_a-mprec.o)
                0x000896c8                __mprec_bigtens
 .rodata.__mprec_tens
                0x000896f0       0xc8 c:/program files (x86)/atmel/studio/7.0/toolchain/arm/arm-gnu-toolchain/bin/../lib/gcc/arm-none-eabi/6.2.1/../../../../arm-none-eabi/lib/thumb/v7-m\libc.a(lib_a-mprec.o)
                0x000896f0                __mprec_tens
 .rodata.p05.6040
                0x000897b8        0xc c:/program files (x86)/atmel/studio/7.0/toolchain/arm/arm-gnu-toolchain/bin/../lib/gcc/arm-none-eabi/6.2.1/../../../../arm-none-eabi/lib/thumb/v7-m\libc.a(lib_a-mprec.o)
 .rodata._ctype_
                0x000897c4      0x101 c:/program files (x86)/atmel/studio/7.0/toolchain/arm/arm-gnu-toolchain/bin/../lib/gcc/arm-none-eabi/6.2.1/../../../../arm-none-eabi/lib/thumb/v7-m\libc.a(lib_a-ctype_.o)
                0x000897c4                _ctype_
 *(.ARM.extab* .gnu.linkonce.armextab.*)
                0x000898c8                . = ALIGN (0x4)
 *fill*         0x000898c5        0x3 
 *(.init)
 .init          0x000898c8        0x4 c:/program files (x86)/atmel/studio/7.0/toolchain/arm/arm-gnu-toolchain/bin/../lib/gcc/arm-none-eabi/6.2.1/thumb/v7-m/crti.o
                0x000898c8                _init
 .init          0x000898cc        0x8 c:/program files (x86)/atmel/studio/7.0/toolchain/arm/arm-gnu-toolchain/bin/../lib/gcc/arm-none-eabi/6.2.1/thumb/v7-m/crtn.o
                0x000898d4                . = ALIGN (0x4)
                0x000898d4                __preinit_array_start = .
 *(.preinit_array)
                0x000898d4                __preinit_array_end = .
                0x000898d4                . = ALIGN (0x4)
                0x000898d4                __init_array_start = .
 *(SORT(.init_array.*))
 .init_array.00000
                0x000898d4        0x4 c:/program files (x86)/atmel/studio/7.0/toolchain/arm/arm-gnu-toolchain/bin/../lib/gcc/arm-none-eabi/6.2.1/../../../../arm-none-eabi/lib/thumb/v7-m\libc.a(lib_a-__call_atexit.o)
 *(.init_array)
 .init_array    0x000898d8        0x4 c:/program files (x86)/atmel/studio/7.0/toolchain/arm/arm-gnu-toolchain/bin/../lib/gcc/arm-none-eabi/6.2.1/thumb/v7-m/crtbegin.o
                0x000898dc                __init_array_end = .
                0x000898dc                . = ALIGN (0x4)
 *crtbegin.o(.ctors)
 *(EXCLUDE_FILE(*crtend.o) .ctors)
 *(SORT(.ctors.*))
 *crtend.o(.ctors)
                0x000898dc                . = ALIGN (0x4)
 *(.fini)
 .fini          0x000898dc        0x4 c:/program files (x86)/atmel/studio/7.0/toolchain/arm/arm-gnu-toolchain/bin/../lib/gcc/arm-none-eabi/6.2.1/thumb/v7-m/crti.o
                0x000898dc                _fini
 .fini          0x000898e0        0x8 c:/program files (x86)/atmel/studio/7.0/toolchain/arm/arm-gnu-toolchain/bin/../lib/gcc/arm-none-eabi/6.2.1/thumb/v7-m/crtn.o
                0x000898e8                . = ALIGN (0x4)
                0x000898e8                __fini_array_start = .
 *(.fini_array)
 .fini_array    0x000898e8        0x4 c:/program files (x86)/atmel/studio/7.0/toolchain/arm/arm-gnu-toolchain/bin/../lib/gcc/arm-none-eabi/6.2.1/thumb/v7-m/crtbegin.o
 *(SORT(.fini_array.*))
                0x000898ec                __fini_array_end = .
 *crtbegin.o(.dtors)
 *(EXCLUDE_FILE(*crtend.o) .dtors)
 *(SORT(.dtors.*))
 *crtend.o(.dtors)
                0x000898ec                . = ALIGN (0x4)
                0x000898ec                _efixed = .
                [!provide]                PROVIDE (__exidx_start, .)

.vfp11_veneer   0x000898ec        0x0
 .vfp11_veneer  0x000898ec        0x0 linker stubs

.v4_bx          0x000898ec        0x0
 .v4_bx         0x000898ec        0x0 linker stubs

.iplt           0x000898ec        0x0
 .iplt          0x000898ec        0x0 c:/program files (x86)/atmel/studio/7.0/toolchain/arm/arm-gnu-toolchain/bin/../lib/gcc/arm-none-eabi/6.2.1/thumb/v7-m/crtbegin.o

.ARM.exidx      0x000898ec        0x8
 *(.ARM.exidx* .gnu.linkonce.armexidx.*)
 .ARM.exidx     0x000898ec        0x8 c:/program files (x86)/atmel/studio/7.0/toolchain/arm/arm-gnu-toolchain/bin/../lib/gcc/arm-none-eabi/6.2.1/thumb/v7-m\libgcc.a(_udivmoddi4.o)
                [!provide]                PROVIDE (__exidx_end, .)

.eh_frame       0x000898f4        0x0
 .eh_frame      0x000898f4        0x0 c:/program files (x86)/atmel/studio/7.0/toolchain/arm/arm-gnu-toolchain/bin/../lib/gcc/arm-none-eabi/6.2.1/thumb/v7-m/crtbegin.o

.rel.dyn        0x000898f4        0x0
 .rel.iplt      0x000898f4        0x0 c:/program files (x86)/atmel/studio/7.0/toolchain/arm/arm-gnu-toolchain/bin/../lib/gcc/arm-none-eabi/6.2.1/thumb/v7-m/crtbegin.o

.jcr            0x000898f4        0x0
 .jcr           0x000898f4        0x0 c:/program files (x86)/atmel/studio/7.0/toolchain/arm/arm-gnu-toolchain/bin/../lib/gcc/arm-none-eabi/6.2.1/thumb/v7-m/crtbegin.o

.igot.plt       0x000898f4        0x0
 .igot.plt      0x000898f4        0x0 c:/program files (x86)/atmel/studio/7.0/toolchain/arm/arm-gnu-toolchain/bin/../lib/gcc/arm-none-eabi/6.2.1/thumb/v7-m/crtbegin.o
                0x000898f4                . = ALIGN (0x4)
                0x000898f4                _etext = .

.relocate       0x20000000      0xfdc load address 0x000898f4
                0x20000000                . = ALIGN (0x4)
                0x20000000                _srelocate = .
 *(.ramfunc .ramfunc.*)
 .ramfunc       0x20000000        0xa src/ASF/common/services/delay/sam/cycle_counter.o
                0x20000000                portable_delay_cycles
 *fill*         0x2000000a        0x2 
 .ramfunc       0x2000000c      0x118 src/ASF/sam/utils/cmsis/sam3u/source/templates/system_sam3u.o
                0x2000000c                SystemInit
                0x200000b4                system_init_flash
 *(.data .data.*)
 .data.timerCallMap
                0x20000124        0x8 src/timerCallMap.o
                0x20000124                timerCallMap
 .data.g_interrupt_enabled
                0x2000012c        0x1 src/ASF/common/utils/interrupt/interrupt_sam_nvic.o
                0x2000012c                g_interrupt_enabled
 *fill*         0x2000012d        0x3 
 .data.SystemCoreClock
                0x20000130        0x4 src/ASF/sam/utils/cmsis/sam3u/source/templates/system_sam3u.o
                0x20000130                SystemCoreClock
 .data.wCRCTable
                0x20000134      0x400 src/kernel/CRC16MODBUS.o
                0x20000134                wCRCTable
 .data.daysOfWeek
                0x20000534       0x1c src/kernel/kRtc.o
                0x20000534                daysOfWeek
 .data.months   0x20000550       0x30 src/kernel/kRtc.o
                0x20000550                months
 .data.eprocs   0x20000580       0x20 src/kernel/shellcmd.o
                0x20000580                eprocs
 .data.nvpsiz   0x200005a0       0x40 src/kernel/shellcmd.o
                0x200005a0                nvpsiz
 .data.nvptyp   0x200005e0       0x14 src/kernel/shellcmd.o
                0x200005e0                nvptyp
 .data.sramsiz  0x200005f4       0x40 src/kernel/shellcmd.o
                0x200005f4                sramsiz
 .data._impure_ptr
                0x20000634        0x4 c:/program files (x86)/atmel/studio/7.0/toolchain/arm/arm-gnu-toolchain/bin/../lib/gcc/arm-none-eabi/6.2.1/../../../../arm-none-eabi/lib/thumb/v7-m\libc.a(lib_a-impure.o)
                0x20000634                _impure_ptr
 .data.impure_data
                0x20000638      0x428 c:/program files (x86)/atmel/studio/7.0/toolchain/arm/arm-gnu-toolchain/bin/../lib/gcc/arm-none-eabi/6.2.1/../../../../arm-none-eabi/lib/thumb/v7-m\libc.a(lib_a-impure.o)
 .data.__global_locale
                0x20000a60      0x16c c:/program files (x86)/atmel/studio/7.0/toolchain/arm/arm-gnu-toolchain/bin/../lib/gcc/arm-none-eabi/6.2.1/../../../../arm-none-eabi/lib/thumb/v7-m\libc.a(lib_a-locale.o)
                0x20000a60                __global_locale
 .data.__malloc_av_
                0x20000bcc      0x408 c:/program files (x86)/atmel/studio/7.0/toolchain/arm/arm-gnu-toolchain/bin/../lib/gcc/arm-none-eabi/6.2.1/../../../../arm-none-eabi/lib/thumb/v7-m\libc.a(lib_a-mallocr.o)
                0x20000bcc                __malloc_av_
 .data.__malloc_sbrk_base
                0x20000fd4        0x4 c:/program files (x86)/atmel/studio/7.0/toolchain/arm/arm-gnu-toolchain/bin/../lib/gcc/arm-none-eabi/6.2.1/../../../../arm-none-eabi/lib/thumb/v7-m\libc.a(lib_a-mallocr.o)
                0x20000fd4                __malloc_sbrk_base
 .data.__malloc_trim_threshold
                0x20000fd8        0x4 c:/program files (x86)/atmel/studio/7.0/toolchain/arm/arm-gnu-toolchain/bin/../lib/gcc/arm-none-eabi/6.2.1/../../../../arm-none-eabi/lib/thumb/v7-m\libc.a(lib_a-mallocr.o)
                0x20000fd8                __malloc_trim_threshold
                0x20000fdc                . = ALIGN (0x4)
                0x20000fdc                _erelocate = .

.bss            0x20000fdc      0x86c load address 0x0008a8d0
                0x20000fdc                . = ALIGN (0x4)
                0x20000fdc                _sbss = .
                0x20000fdc                _szero = .
 *(.bss .bss.*)
 .bss           0x20000fdc       0x1c c:/program files (x86)/atmel/studio/7.0/toolchain/arm/arm-gnu-toolchain/bin/../lib/gcc/arm-none-eabi/6.2.1/thumb/v7-m/crtbegin.o
 .bss.gs_interrupt_sources
                0x20000ff8       0x70 src/ASF/sam/drivers/pio/pio_handler.o
 .bss.gs_ul_nb_sources
                0x20001068        0x4 src/ASF/sam/drivers/pio/pio_handler.o
 .bss.cpu_irq_critical_section_counter
                0x2000106c        0x4 src/ASF/common/utils/interrupt/interrupt_sam_nvic.o
 .bss.cpu_irq_prev_interrupt_state
                0x20001070        0x1 src/ASF/common/utils/interrupt/interrupt_sam_nvic.o
 *fill*         0x20001071        0x3 
 .bss.heap.5277
                0x20001074        0x4 src/ASF/sam/utils/syscalls/gcc/syscalls.o
 .bss._chEndToken
                0x20001078        0x1 src/kernel/utils.o
 *fill*         0x20001079        0x3 
 .bss._pEndToken
                0x2000107c        0x4 src/kernel/utils.o
 .bss.pToken.4731
                0x20001080        0x4 src/kernel/utils.o
 .bss.__malloc_current_mallinfo
                0x20001084       0x28 c:/program files (x86)/atmel/studio/7.0/toolchain/arm/arm-gnu-toolchain/bin/../lib/gcc/arm-none-eabi/6.2.1/../../../../arm-none-eabi/lib/thumb/v7-m\libc.a(lib_a-mallocr.o)
                0x20001084                __malloc_current_mallinfo
 .bss.__malloc_max_sbrked_mem
                0x200010ac        0x4 c:/program files (x86)/atmel/studio/7.0/toolchain/arm/arm-gnu-toolchain/bin/../lib/gcc/arm-none-eabi/6.2.1/../../../../arm-none-eabi/lib/thumb/v7-m\libc.a(lib_a-mallocr.o)
                0x200010ac                __malloc_max_sbrked_mem
 .bss.__malloc_max_total_mem
                0x200010b0        0x4 c:/program files (x86)/atmel/studio/7.0/toolchain/arm/arm-gnu-toolchain/bin/../lib/gcc/arm-none-eabi/6.2.1/../../../../arm-none-eabi/lib/thumb/v7-m\libc.a(lib_a-mallocr.o)
                0x200010b0                __malloc_max_total_mem
 .bss.__malloc_top_pad
                0x200010b4        0x4 c:/program files (x86)/atmel/studio/7.0/toolchain/arm/arm-gnu-toolchain/bin/../lib/gcc/arm-none-eabi/6.2.1/../../../../arm-none-eabi/lib/thumb/v7-m\libc.a(lib_a-mallocr.o)
                0x200010b4                __malloc_top_pad
 *(COMMON)
 COMMON         0x200010b8        0x8 src/appli.o
                0x200010b8                appli
 COMMON         0x200010c0        0x8 src/menu.o
                0x200010c0                menu
 COMMON         0x200010c8        0x4 src/kernel/kRtc.o
                0x200010c8                rtc
 COMMON         0x200010cc        0x4 src/kernel/lcd.o
                0x200010cc                lcd
 COMMON         0x200010d0      0x1e4 src/kernel/shell.o
                0x200010d0                shellEditBuf
                0x200011d4                shell
                0x200011f4                shellEscapeBuf
                0x20001274                shellTmpBuf
 COMMON         0x200012b4      0x100 src/kernel/shellcmd.o
                0x200012b4                buf
 COMMON         0x200013b4      0x208 src/kernel/shellcom.o
                0x200013b4                shellcom
                0x200013bc                shellcomTxBuf
 COMMON         0x200015bc      0x288 src/kernel/taskman.o
                0x200015bc                tasks
                0x200016fc                taskman
                0x20001704                dTasks
 COMMON         0x20001844        0x4 c:/program files (x86)/atmel/studio/7.0/toolchain/arm/arm-gnu-toolchain/bin/../lib/gcc/arm-none-eabi/6.2.1/../../../../arm-none-eabi/lib/thumb/v7-m\libc.a(lib_a-reent.o)
                0x20001844                errno
                0x20001848                . = ALIGN (0x4)
                0x20001848                _ebss = .
                0x20001848                _ezero = .

.stack          0x20080000     0x4000
                0x20080000                . = ALIGN (0x8)
                0x20080000                _sstack = .
                0x20084000                . = (. + __stack_size__)
 *fill*         0x20080000     0x4000 
                0x20084000                . = ALIGN (0x8)
                0x20084000                _estack = .
                0x20084000                . = ALIGN (0x4)
                0x20084000                _end = .
OUTPUT(StartUp.elf elf32-littlearm)

.ARM.attributes
                0x00000000       0x29
 .ARM.attributes
                0x00000000       0x1d c:/program files (x86)/atmel/studio/7.0/toolchain/arm/arm-gnu-toolchain/bin/../lib/gcc/arm-none-eabi/6.2.1/thumb/v7-m/crti.o
 .ARM.attributes
                0x0000001d       0x2d c:/program files (x86)/atmel/studio/7.0/toolchain/arm/arm-gnu-toolchain/bin/../lib/gcc/arm-none-eabi/6.2.1/thumb/v7-m/crtbegin.o
 .ARM.attributes
                0x0000004a       0x33 src/appli.o
 .ARM.attributes
                0x0000007d       0x33 src/ASF/sam/drivers/chipid/chipid.o
 .ARM.attributes
                0x000000b0       0x33 src/menu.o
 .ARM.attributes
                0x000000e3       0x33 src/timerCallMap.o
 .ARM.attributes
                0x00000116       0x33 src/ASF/sam/drivers/pio/pio_handler.o
 .ARM.attributes
                0x00000149       0x33 src/ASF/common/services/delay/sam/cycle_counter.o
 .ARM.attributes
                0x0000017c       0x33 src/ASF/common/services/clock/sam3u/sysclk.o
 .ARM.attributes
                0x000001af       0x33 src/ASF/sam/drivers/pio/pio.o
 .ARM.attributes
                0x000001e2       0x33 src/ASF/sam/drivers/pmc/pmc.o
 .ARM.attributes
                0x00000215       0x33 src/ASF/common/boards/user_board/init.o
 .ARM.attributes
                0x00000248       0x33 src/ASF/common/utils/interrupt/interrupt_sam_nvic.o
 .ARM.attributes
                0x0000027b       0x33 src/ASF/sam/drivers/pwm/pwm.o
 .ARM.attributes
                0x000002ae       0x33 src/ASF/sam/drivers/rstc/rstc.o
 .ARM.attributes
                0x000002e1       0x33 src/ASF/sam/drivers/rtc/rtc.o
 .ARM.attributes
                0x00000314       0x33 src/ASF/sam/drivers/tc/tc.o
 .ARM.attributes
                0x00000347       0x33 src/ASF/sam/drivers/uart/uart.o
 .ARM.attributes
                0x0000037a       0x33 src/ASF/sam/drivers/wdt/wdt.o
 .ARM.attributes
                0x000003ad       0x33 src/ASF/sam/utils/cmsis/sam3u/source/templates/exceptions.o
 .ARM.attributes
                0x000003e0       0x33 src/ASF/sam/utils/cmsis/sam3u/source/templates/gcc/startup_sam3u.o
 .ARM.attributes
                0x00000413       0x33 src/ASF/sam/utils/cmsis/sam3u/source/templates/system_sam3u.o
 .ARM.attributes
                0x00000446       0x33 src/ASF/sam/utils/syscalls/gcc/syscalls.o
 .ARM.attributes
                0x00000479       0x33 src/command.o
 .ARM.attributes
                0x000004ac       0x33 src/kernel/CRC16MODBUS.o
 .ARM.attributes
                0x000004df       0x33 src/kernel/error.o
 .ARM.attributes
                0x00000512       0x33 src/kernel/kRtc.o
 .ARM.attributes
                0x00000545       0x33 src/kernel/lcd.o
 .ARM.attributes
                0x00000578       0x33 src/kernel/shell.o
 .ARM.attributes
                0x000005ab       0x33 src/kernel/shellcmd.o
 .ARM.attributes
                0x000005de       0x33 src/kernel/shellcom.o
 .ARM.attributes
                0x00000611       0x33 src/kernel/taskman.o
 .ARM.attributes
                0x00000644       0x33 src/kernel/utils.o
 .ARM.attributes
                0x00000677       0x33 src/main.o
 .ARM.attributes
                0x000006aa       0x1d c:/program files (x86)/atmel/studio/7.0/toolchain/arm/arm-gnu-toolchain/bin/../lib/gcc/arm-none-eabi/6.2.1/thumb/v7-m\libgcc.a(_arm_addsubsf3.o)
 .ARM.attributes
                0x000006c7       0x1d c:/program files (x86)/atmel/studio/7.0/toolchain/arm/arm-gnu-toolchain/bin/../lib/gcc/arm-none-eabi/6.2.1/thumb/v7-m\libgcc.a(_arm_muldivsf3.o)
 .ARM.attributes
                0x000006e4       0x1d c:/program files (x86)/atmel/studio/7.0/toolchain/arm/arm-gnu-toolchain/bin/../lib/gcc/arm-none-eabi/6.2.1/thumb/v7-m\libgcc.a(_arm_fixunssfsi.o)
 .ARM.attributes
                0x00000701       0x2d c:/program files (x86)/atmel/studio/7.0/toolchain/arm/arm-gnu-toolchain/bin/../lib/gcc/arm-none-eabi/6.2.1/../../../../arm-none-eabi/lib/thumb/v7-m\libc.a(lib_a-atoi.o)
 .ARM.attributes
                0x0000072e       0x2d c:/program files (x86)/atmel/studio/7.0/toolchain/arm/arm-gnu-toolchain/bin/../lib/gcc/arm-none-eabi/6.2.1/../../../../arm-none-eabi/lib/thumb/v7-m\libc.a(lib_a-impure.o)
 .ARM.attributes
                0x0000075b       0x2d c:/program files (x86)/atmel/studio/7.0/toolchain/arm/arm-gnu-toolchain/bin/../lib/gcc/arm-none-eabi/6.2.1/../../../../arm-none-eabi/lib/thumb/v7-m\libc.a(lib_a-init.o)
 .ARM.attributes
                0x00000788       0x2d c:/program files (x86)/atmel/studio/7.0/toolchain/arm/arm-gnu-toolchain/bin/../lib/gcc/arm-none-eabi/6.2.1/../../../../arm-none-eabi/lib/thumb/v7-m\libc.a(lib_a-memset.o)
 .ARM.attributes
                0x000007b5       0x2d c:/program files (x86)/atmel/studio/7.0/toolchain/arm/arm-gnu-toolchain/bin/../lib/gcc/arm-none-eabi/6.2.1/../../../../arm-none-eabi/lib/thumb/v7-m\libc.a(lib_a-sprintf.o)
 .ARM.attributes
                0x000007e2       0x2d c:/program files (x86)/atmel/studio/7.0/toolchain/arm/arm-gnu-toolchain/bin/../lib/gcc/arm-none-eabi/6.2.1/../../../../arm-none-eabi/lib/thumb/v7-m\libc.a(lib_a-strlen-stub.o)
 .ARM.attributes
                0x0000080f       0x2d c:/program files (x86)/atmel/studio/7.0/toolchain/arm/arm-gnu-toolchain/bin/../lib/gcc/arm-none-eabi/6.2.1/../../../../arm-none-eabi/lib/thumb/v7-m\libc.a(lib_a-strtok.o)
 .ARM.attributes
                0x0000083c       0x2d c:/program files (x86)/atmel/studio/7.0/toolchain/arm/arm-gnu-toolchain/bin/../lib/gcc/arm-none-eabi/6.2.1/../../../../arm-none-eabi/lib/thumb/v7-m\libc.a(lib_a-strtok_r.o)
 .ARM.attributes
                0x00000869       0x2d c:/program files (x86)/atmel/studio/7.0/toolchain/arm/arm-gnu-toolchain/bin/../lib/gcc/arm-none-eabi/6.2.1/../../../../arm-none-eabi/lib/thumb/v7-m\libc.a(lib_a-strtol.o)
 .ARM.attributes
                0x00000896       0x2d c:/program files (x86)/atmel/studio/7.0/toolchain/arm/arm-gnu-toolchain/bin/../lib/gcc/arm-none-eabi/6.2.1/../../../../arm-none-eabi/lib/thumb/v7-m\libc.a(lib_a-svfprintf.o)
 .ARM.attributes
                0x000008c3       0x2d c:/program files (x86)/atmel/studio/7.0/toolchain/arm/arm-gnu-toolchain/bin/../lib/gcc/arm-none-eabi/6.2.1/../../../../arm-none-eabi/lib/thumb/v7-m\libc.a(lib_a-__call_atexit.o)
 .ARM.attributes
                0x000008f0       0x2d c:/program files (x86)/atmel/studio/7.0/toolchain/arm/arm-gnu-toolchain/bin/../lib/gcc/arm-none-eabi/6.2.1/../../../../arm-none-eabi/lib/thumb/v7-m\libc.a(lib_a-atexit.o)
 .ARM.attributes
                0x0000091d       0x2d c:/program files (x86)/atmel/studio/7.0/toolchain/arm/arm-gnu-toolchain/bin/../lib/gcc/arm-none-eabi/6.2.1/../../../../arm-none-eabi/lib/thumb/v7-m\libc.a(lib_a-dtoa.o)
 .ARM.attributes
                0x0000094a       0x2d c:/program files (x86)/atmel/studio/7.0/toolchain/arm/arm-gnu-toolchain/bin/../lib/gcc/arm-none-eabi/6.2.1/../../../../arm-none-eabi/lib/thumb/v7-m\libc.a(lib_a-fini.o)
 .ARM.attributes
                0x00000977       0x2d c:/program files (x86)/atmel/studio/7.0/toolchain/arm/arm-gnu-toolchain/bin/../lib/gcc/arm-none-eabi/6.2.1/../../../../arm-none-eabi/lib/thumb/v7-m\libc.a(lib_a-locale.o)
 .ARM.attributes
                0x000009a4       0x2d c:/program files (x86)/atmel/studio/7.0/toolchain/arm/arm-gnu-toolchain/bin/../lib/gcc/arm-none-eabi/6.2.1/../../../../arm-none-eabi/lib/thumb/v7-m\libc.a(lib_a-localeconv.o)
 .ARM.attributes
                0x000009d1       0x2d c:/program files (x86)/atmel/studio/7.0/toolchain/arm/arm-gnu-toolchain/bin/../lib/gcc/arm-none-eabi/6.2.1/../../../../arm-none-eabi/lib/thumb/v7-m\libc.a(lib_a-mallocr.o)
 .ARM.attributes
                0x000009fe       0x2d c:/program files (x86)/atmel/studio/7.0/toolchain/arm/arm-gnu-toolchain/bin/../lib/gcc/arm-none-eabi/6.2.1/../../../../arm-none-eabi/lib/thumb/v7-m\libc.a(lib_a-mbtowc_r.o)
 .ARM.attributes
                0x00000a2b       0x2d c:/program files (x86)/atmel/studio/7.0/toolchain/arm/arm-gnu-toolchain/bin/../lib/gcc/arm-none-eabi/6.2.1/../../../../arm-none-eabi/lib/thumb/v7-m\libc.a(lib_a-memchr-stub.o)
 .ARM.attributes
                0x00000a58       0x1b c:/program files (x86)/atmel/studio/7.0/toolchain/arm/arm-gnu-toolchain/bin/../lib/gcc/arm-none-eabi/6.2.1/../../../../arm-none-eabi/lib/thumb/v7-m\libc.a(lib_a-memcpy.o)
 .ARM.attributes
                0x00000a73       0x2d c:/program files (x86)/atmel/studio/7.0/toolchain/arm/arm-gnu-toolchain/bin/../lib/gcc/arm-none-eabi/6.2.1/../../../../arm-none-eabi/lib/thumb/v7-m\libc.a(lib_a-mlock.o)
 .ARM.attributes
                0x00000aa0       0x2d c:/program files (x86)/atmel/studio/7.0/toolchain/arm/arm-gnu-toolchain/bin/../lib/gcc/arm-none-eabi/6.2.1/../../../../arm-none-eabi/lib/thumb/v7-m\libc.a(lib_a-mprec.o)
 .ARM.attributes
                0x00000acd       0x2d c:/program files (x86)/atmel/studio/7.0/toolchain/arm/arm-gnu-toolchain/bin/../lib/gcc/arm-none-eabi/6.2.1/../../../../arm-none-eabi/lib/thumb/v7-m\libc.a(lib_a-sbrkr.o)
 .ARM.attributes
                0x00000afa       0x2d c:/program files (x86)/atmel/studio/7.0/toolchain/arm/arm-gnu-toolchain/bin/../lib/gcc/arm-none-eabi/6.2.1/../../../../arm-none-eabi/lib/thumb/v7-m\libc.a(lib_a-svfiprintf.o)
 .ARM.attributes
                0x00000b27       0x2d c:/program files (x86)/atmel/studio/7.0/toolchain/arm/arm-gnu-toolchain/bin/../lib/gcc/arm-none-eabi/6.2.1/../../../../arm-none-eabi/lib/thumb/v7-m\libc.a(lib_a-wctomb_r.o)
 .ARM.attributes
                0x00000b54       0x2d c:/program files (x86)/atmel/studio/7.0/toolchain/arm/arm-gnu-toolchain/bin/../lib/gcc/arm-none-eabi/6.2.1/../../../../arm-none-eabi/lib/thumb/v7-m\libc.a(lib_a-__atexit.o)
 .ARM.attributes
                0x00000b81       0x2d c:/program files (x86)/atmel/studio/7.0/toolchain/arm/arm-gnu-toolchain/bin/../lib/gcc/arm-none-eabi/6.2.1/../../../../arm-none-eabi/lib/thumb/v7-m\libc.a(lib_a-callocr.o)
 .ARM.attributes
                0x00000bae       0x2d c:/program files (x86)/atmel/studio/7.0/toolchain/arm/arm-gnu-toolchain/bin/../lib/gcc/arm-none-eabi/6.2.1/../../../../arm-none-eabi/lib/thumb/v7-m\libc.a(lib_a-ctype_.o)
 .ARM.attributes
                0x00000bdb       0x2d c:/program files (x86)/atmel/studio/7.0/toolchain/arm/arm-gnu-toolchain/bin/../lib/gcc/arm-none-eabi/6.2.1/../../../../arm-none-eabi/lib/thumb/v7-m\libc.a(lib_a-freer.o)
 .ARM.attributes
                0x00000c08       0x2d c:/program files (x86)/atmel/studio/7.0/toolchain/arm/arm-gnu-toolchain/bin/../lib/gcc/arm-none-eabi/6.2.1/../../../../arm-none-eabi/lib/thumb/v7-m\libc.a(lib_a-memmove.o)
 .ARM.attributes
                0x00000c35       0x2d c:/program files (x86)/atmel/studio/7.0/toolchain/arm/arm-gnu-toolchain/bin/../lib/gcc/arm-none-eabi/6.2.1/../../../../arm-none-eabi/lib/thumb/v7-m\libc.a(lib_a-reallocr.o)
 .ARM.attributes
                0x00000c62       0x2d c:/program files (x86)/atmel/studio/7.0/toolchain/arm/arm-gnu-toolchain/bin/../lib/gcc/arm-none-eabi/6.2.1/../../../../arm-none-eabi/lib/thumb/v7-m\libc.a(lib_a-reent.o)
 .ARM.attributes
                0x00000c8f       0x1d c:/program files (x86)/atmel/studio/7.0/toolchain/arm/arm-gnu-toolchain/bin/../lib/gcc/arm-none-eabi/6.2.1/thumb/v7-m\libgcc.a(_arm_addsubdf3.o)
 .ARM.attributes
                0x00000cac       0x1d c:/program files (x86)/atmel/studio/7.0/toolchain/arm/arm-gnu-toolchain/bin/../lib/gcc/arm-none-eabi/6.2.1/thumb/v7-m\libgcc.a(_arm_muldivdf3.o)
 .ARM.attributes
                0x00000cc9       0x1d c:/program files (x86)/atmel/studio/7.0/toolchain/arm/arm-gnu-toolchain/bin/../lib/gcc/arm-none-eabi/6.2.1/thumb/v7-m\libgcc.a(_arm_cmpdf2.o)
 .ARM.attributes
                0x00000ce6       0x1d c:/program files (x86)/atmel/studio/7.0/toolchain/arm/arm-gnu-toolchain/bin/../lib/gcc/arm-none-eabi/6.2.1/thumb/v7-m\libgcc.a(_arm_unorddf2.o)
 .ARM.attributes
                0x00000d03       0x1d c:/program files (x86)/atmel/studio/7.0/toolchain/arm/arm-gnu-toolchain/bin/../lib/gcc/arm-none-eabi/6.2.1/thumb/v7-m\libgcc.a(_arm_fixdfsi.o)
 .ARM.attributes
                0x00000d20       0x1d c:/program files (x86)/atmel/studio/7.0/toolchain/arm/arm-gnu-toolchain/bin/../lib/gcc/arm-none-eabi/6.2.1/thumb/v7-m\libgcc.a(_aeabi_uldivmod.o)
 .ARM.attributes
                0x00000d3d       0x2d c:/program files (x86)/atmel/studio/7.0/toolchain/arm/arm-gnu-toolchain/bin/../lib/gcc/arm-none-eabi/6.2.1/thumb/v7-m\libgcc.a(_udivmoddi4.o)
 .ARM.attributes
                0x00000d6a       0x1d c:/program files (x86)/atmel/studio/7.0/toolchain/arm/arm-gnu-toolchain/bin/../lib/gcc/arm-none-eabi/6.2.1/thumb/v7-m\libgcc.a(_dvmd_tls.o)
 .ARM.attributes
                0x00000d87       0x1d c:/program files (x86)/atmel/studio/7.0/toolchain/arm/arm-gnu-toolchain/bin/../lib/gcc/arm-none-eabi/6.2.1/thumb/v7-m/crtn.o

.comment        0x00000000       0x59
 .comment       0x00000000       0x59 src/appli.o
                                 0x5a (size before relaxing)
 .comment       0x00000059       0x5a src/ASF/sam/drivers/chipid/chipid.o
 .comment       0x00000059       0x5a src/menu.o
 .comment       0x00000059       0x5a src/timerCallMap.o
 .comment       0x00000059       0x5a src/ASF/sam/drivers/pio/pio_handler.o
 .comment       0x00000059       0x5a src/ASF/common/services/delay/sam/cycle_counter.o
 .comment       0x00000059       0x5a src/ASF/common/services/clock/sam3u/sysclk.o
 .comment       0x00000059       0x5a src/ASF/sam/drivers/pio/pio.o
 .comment       0x00000059       0x5a src/ASF/sam/drivers/pmc/pmc.o
 .comment       0x00000059       0x5a src/ASF/common/boards/user_board/init.o
 .comment       0x00000059       0x5a src/ASF/common/utils/interrupt/interrupt_sam_nvic.o
 .comment       0x00000059       0x5a src/ASF/sam/drivers/pwm/pwm.o
 .comment       0x00000059       0x5a src/ASF/sam/drivers/rstc/rstc.o
 .comment       0x00000059       0x5a src/ASF/sam/drivers/rtc/rtc.o
 .comment       0x00000059       0x5a src/ASF/sam/drivers/tc/tc.o
 .comment       0x00000059       0x5a src/ASF/sam/drivers/uart/uart.o
 .comment       0x00000059       0x5a src/ASF/sam/drivers/wdt/wdt.o
 .comment       0x00000059       0x5a src/ASF/sam/utils/cmsis/sam3u/source/templates/exceptions.o
 .comment       0x00000059       0x5a src/ASF/sam/utils/cmsis/sam3u/source/templates/gcc/startup_sam3u.o
 .comment       0x00000059       0x5a src/ASF/sam/utils/cmsis/sam3u/source/templates/system_sam3u.o
 .comment       0x00000059       0x5a src/ASF/sam/utils/syscalls/gcc/syscalls.o
 .comment       0x00000059       0x5a src/command.o
 .comment       0x00000059       0x5a src/kernel/CRC16MODBUS.o
 .comment       0x00000059       0x5a src/kernel/error.o
 .comment       0x00000059       0x5a src/kernel/kRtc.o
 .comment       0x00000059       0x5a src/kernel/lcd.o
 .comment       0x00000059       0x5a src/kernel/shell.o
 .comment       0x00000059       0x5a src/kernel/shellcmd.o
 .comment       0x00000059       0x5a src/kernel/shellcom.o
 .comment       0x00000059       0x5a src/kernel/taskman.o
 .comment       0x00000059       0x5a src/kernel/utils.o
 .comment       0x00000059       0x5a src/main.o

.debug_info     0x00000000    0x22990
 .debug_info    0x00000000      0xe17 src/appli.o
 .debug_info    0x00000e17      0xca1 src/ASF/sam/drivers/chipid/chipid.o
 .debug_info    0x00001ab8     0x16fd src/menu.o
 .debug_info    0x000031b5      0xb06 src/timerCallMap.o
 .debug_info    0x00003cbb     0x16fe src/ASF/sam/drivers/pio/pio_handler.o
 .debug_info    0x000053b9      0xa39 src/ASF/common/services/delay/sam/cycle_counter.o
 .debug_info    0x00005df2     0x122d src/ASF/common/services/clock/sam3u/sysclk.o
 .debug_info    0x0000701f     0x1c55 src/ASF/sam/drivers/pio/pio.o
 .debug_info    0x00008c74     0x18f4 src/ASF/sam/drivers/pmc/pmc.o
 .debug_info    0x0000a568      0xa2d src/ASF/common/boards/user_board/init.o
 .debug_info    0x0000af95      0xaf5 src/ASF/common/utils/interrupt/interrupt_sam_nvic.o
 .debug_info    0x0000ba8a     0x1dc1 src/ASF/sam/drivers/pwm/pwm.o
 .debug_info    0x0000d84b      0xc48 src/ASF/sam/drivers/rstc/rstc.o
 .debug_info    0x0000e493     0x10e1 src/ASF/sam/drivers/rtc/rtc.o
 .debug_info    0x0000f574     0x117f src/ASF/sam/drivers/tc/tc.o
 .debug_info    0x000106f3     0x1192 src/ASF/sam/drivers/uart/uart.o
 .debug_info    0x00011885      0xbff src/ASF/sam/drivers/wdt/wdt.o
 .debug_info    0x00012484      0xa2d src/ASF/sam/utils/cmsis/sam3u/source/templates/exceptions.o
 .debug_info    0x00012eb1      0xd0f src/ASF/sam/utils/cmsis/sam3u/source/templates/gcc/startup_sam3u.o
 .debug_info    0x00013bc0      0xd59 src/ASF/sam/utils/cmsis/sam3u/source/templates/system_sam3u.o
 .debug_info    0x00014919      0xda4 src/ASF/sam/utils/syscalls/gcc/syscalls.o
 .debug_info    0x000156bd     0x2049 src/command.o
 .debug_info    0x00017706      0x111 src/kernel/CRC16MODBUS.o
 .debug_info    0x00017817      0xfaf src/kernel/error.o
 .debug_info    0x000187c6     0x168f src/kernel/kRtc.o
 .debug_info    0x00019e55     0x13da src/kernel/lcd.o
 .debug_info    0x0001b22f     0x1914 src/kernel/shell.o
 .debug_info    0x0001cb43     0x175e src/kernel/shellcmd.o
 .debug_info    0x0001e2a1     0x12c9 src/kernel/shellcom.o
 .debug_info    0x0001f56a     0x1c20 src/kernel/taskman.o
 .debug_info    0x0002118a      0xa7f src/kernel/utils.o
 .debug_info    0x00021c09      0xd87 src/main.o

.debug_abbrev   0x00000000     0x4fd4
 .debug_abbrev  0x00000000      0x243 src/appli.o
 .debug_abbrev  0x00000243      0x1c6 src/ASF/sam/drivers/chipid/chipid.o
 .debug_abbrev  0x00000409      0x30c src/menu.o
 .debug_abbrev  0x00000715      0x1ae src/timerCallMap.o
 .debug_abbrev  0x000008c3      0x329 src/ASF/sam/drivers/pio/pio_handler.o
 .debug_abbrev  0x00000bec      0x1b3 src/ASF/common/services/delay/sam/cycle_counter.o
 .debug_abbrev  0x00000d9f      0x324 src/ASF/common/services/clock/sam3u/sysclk.o
 .debug_abbrev  0x000010c3      0x3c7 src/ASF/sam/drivers/pio/pio.o
 .debug_abbrev  0x0000148a      0x2f9 src/ASF/sam/drivers/pmc/pmc.o
 .debug_abbrev  0x00001783      0x1a4 src/ASF/common/boards/user_board/init.o
 .debug_abbrev  0x00001927      0x212 src/ASF/common/utils/interrupt/interrupt_sam_nvic.o
 .debug_abbrev  0x00001b39      0x324 src/ASF/sam/drivers/pwm/pwm.o
 .debug_abbrev  0x00001e5d      0x207 src/ASF/sam/drivers/rstc/rstc.o
 .debug_abbrev  0x00002064      0x2e3 src/ASF/sam/drivers/rtc/rtc.o
 .debug_abbrev  0x00002347      0x293 src/ASF/sam/drivers/tc/tc.o
 .debug_abbrev  0x000025da      0x288 src/ASF/sam/drivers/uart/uart.o
 .debug_abbrev  0x00002862      0x230 src/ASF/sam/drivers/wdt/wdt.o
 .debug_abbrev  0x00002a92      0x1a4 src/ASF/sam/utils/cmsis/sam3u/source/templates/exceptions.o
 .debug_abbrev  0x00002c36      0x1f2 src/ASF/sam/utils/cmsis/sam3u/source/templates/gcc/startup_sam3u.o
 .debug_abbrev  0x00002e28      0x1e7 src/ASF/sam/utils/cmsis/sam3u/source/templates/system_sam3u.o
 .debug_abbrev  0x0000300f      0x264 src/ASF/sam/utils/syscalls/gcc/syscalls.o
 .debug_abbrev  0x00003273      0x2e6 src/command.o
 .debug_abbrev  0x00003559       0xa6 src/kernel/CRC16MODBUS.o
 .debug_abbrev  0x000035ff      0x28f src/kernel/error.o
 .debug_abbrev  0x0000388e      0x361 src/kernel/kRtc.o
 .debug_abbrev  0x00003bef      0x2d0 src/kernel/lcd.o
 .debug_abbrev  0x00003ebf      0x2f3 src/kernel/shell.o
 .debug_abbrev  0x000041b2      0x2c9 src/kernel/shellcmd.o
 .debug_abbrev  0x0000447b      0x2de src/kernel/shellcom.o
 .debug_abbrev  0x00004759      0x3da src/kernel/taskman.o
 .debug_abbrev  0x00004b33      0x215 src/kernel/utils.o
 .debug_abbrev  0x00004d48      0x28c src/main.o

.debug_loc      0x00000000     0x566a
 .debug_loc     0x00000000       0x68 src/appli.o
 .debug_loc     0x00000068      0x15b src/ASF/sam/drivers/chipid/chipid.o
 .debug_loc     0x000001c3      0x188 src/menu.o
 .debug_loc     0x0000034b      0x529 src/ASF/sam/drivers/pio/pio_handler.o
 .debug_loc     0x00000874      0x1b3 src/ASF/common/services/clock/sam3u/sysclk.o
 .debug_loc     0x00000a27      0xacc src/ASF/sam/drivers/pio/pio.o
 .debug_loc     0x000014f3      0xa5b src/ASF/sam/drivers/pmc/pmc.o
 .debug_loc     0x00001f4e      0xc3e src/ASF/sam/drivers/pwm/pwm.o
 .debug_loc     0x00002b8c      0x104 src/ASF/sam/drivers/rstc/rstc.o
 .debug_loc     0x00002c90      0x8d3 src/ASF/sam/drivers/rtc/rtc.o
 .debug_loc     0x00003563      0x562 src/ASF/sam/drivers/tc/tc.o
 .debug_loc     0x00003ac5      0x241 src/ASF/sam/drivers/uart/uart.o
 .debug_loc     0x00003d06      0x145 src/ASF/sam/drivers/wdt/wdt.o
 .debug_loc     0x00003e4b       0x6b src/ASF/sam/utils/cmsis/sam3u/source/templates/gcc/startup_sam3u.o
 .debug_loc     0x00003eb6       0xfd src/ASF/sam/utils/syscalls/gcc/syscalls.o
 .debug_loc     0x00003fb3      0x34a src/command.o
 .debug_loc     0x000042fd      0x1ca src/kernel/CRC16MODBUS.o
 .debug_loc     0x000044c7      0x114 src/kernel/error.o
 .debug_loc     0x000045db      0x156 src/kernel/kRtc.o
 .debug_loc     0x00004731      0x183 src/kernel/lcd.o
 .debug_loc     0x000048b4      0x1bd src/kernel/shell.o
 .debug_loc     0x00004a71      0x715 src/kernel/shellcmd.o
 .debug_loc     0x00005186      0x12c src/kernel/shellcom.o
 .debug_loc     0x000052b2      0x206 src/kernel/taskman.o
 .debug_loc     0x000054b8       0xfe src/kernel/utils.o
 .debug_loc     0x000055b6       0xb4 src/main.o

.debug_aranges  0x00000000      0xc18
 .debug_aranges
                0x00000000       0x20 src/appli.o
 .debug_aranges
                0x00000020       0x60 src/ASF/sam/drivers/chipid/chipid.o
 .debug_aranges
                0x00000080       0x40 src/menu.o
 .debug_aranges
                0x000000c0       0x18 src/timerCallMap.o
 .debug_aranges
                0x000000d8       0x48 src/ASF/sam/drivers/pio/pio_handler.o
 .debug_aranges
                0x00000120       0x20 src/ASF/common/services/delay/sam/cycle_counter.o
 .debug_aranges
                0x00000140       0x40 src/ASF/common/services/clock/sam3u/sysclk.o
 .debug_aranges
                0x00000180      0x148 src/ASF/sam/drivers/pio/pio.o
 .debug_aranges
                0x000002c8      0x1e0 src/ASF/sam/drivers/pmc/pmc.o
 .debug_aranges
                0x000004a8       0x20 src/ASF/common/boards/user_board/init.o
 .debug_aranges
                0x000004c8       0x28 src/ASF/common/utils/interrupt/interrupt_sam_nvic.o
 .debug_aranges
                0x000004f0      0x150 src/ASF/sam/drivers/pwm/pwm.o
 .debug_aranges
                0x00000640       0x60 src/ASF/sam/drivers/rstc/rstc.o
 .debug_aranges
                0x000006a0       0xb0 src/ASF/sam/drivers/rtc/rtc.o
 .debug_aranges
                0x00000750       0xc0 src/ASF/sam/drivers/tc/tc.o
 .debug_aranges
                0x00000810       0xe8 src/ASF/sam/drivers/uart/uart.o
 .debug_aranges
                0x000008f8       0x48 src/ASF/sam/drivers/wdt/wdt.o
 .debug_aranges
                0x00000940       0x20 src/ASF/sam/utils/cmsis/sam3u/source/templates/exceptions.o
 .debug_aranges
                0x00000960       0x20 src/ASF/sam/utils/cmsis/sam3u/source/templates/gcc/startup_sam3u.o
 .debug_aranges
                0x00000980       0x30 src/ASF/sam/utils/cmsis/sam3u/source/templates/system_sam3u.o
 .debug_aranges
                0x000009b0       0x60 src/ASF/sam/utils/syscalls/gcc/syscalls.o
 .debug_aranges
                0x00000a10       0x38 src/command.o
 .debug_aranges
                0x00000a48       0x28 src/kernel/CRC16MODBUS.o
 .debug_aranges
                0x00000a70       0x20 src/kernel/error.o
 .debug_aranges
                0x00000a90       0x28 src/kernel/kRtc.o
 .debug_aranges
                0x00000ab8       0x20 src/kernel/lcd.o
 .debug_aranges
                0x00000ad8       0x30 src/kernel/shell.o
 .debug_aranges
                0x00000b08       0x60 src/kernel/shellcmd.o
 .debug_aranges
                0x00000b68       0x28 src/kernel/shellcom.o
 .debug_aranges
                0x00000b90       0x28 src/kernel/taskman.o
 .debug_aranges
                0x00000bb8       0x38 src/kernel/utils.o
 .debug_aranges
                0x00000bf0       0x28 src/main.o

.debug_ranges   0x00000000      0xa58
 .debug_ranges  0x00000000       0x10 src/appli.o
 .debug_ranges  0x00000010       0x50 src/ASF/sam/drivers/chipid/chipid.o
 .debug_ranges  0x00000060       0x30 src/menu.o
 .debug_ranges  0x00000090       0x50 src/ASF/sam/drivers/pio/pio_handler.o
 .debug_ranges  0x000000e0       0x10 src/ASF/common/services/delay/sam/cycle_counter.o
 .debug_ranges  0x000000f0       0x30 src/ASF/common/services/clock/sam3u/sysclk.o
 .debug_ranges  0x00000120      0x150 src/ASF/sam/drivers/pio/pio.o
 .debug_ranges  0x00000270      0x1d0 src/ASF/sam/drivers/pmc/pmc.o
 .debug_ranges  0x00000440       0x10 src/ASF/common/boards/user_board/init.o
 .debug_ranges  0x00000450       0x18 src/ASF/common/utils/interrupt/interrupt_sam_nvic.o
 .debug_ranges  0x00000468      0x140 src/ASF/sam/drivers/pwm/pwm.o
 .debug_ranges  0x000005a8       0x50 src/ASF/sam/drivers/rstc/rstc.o
 .debug_ranges  0x000005f8       0xa0 src/ASF/sam/drivers/rtc/rtc.o
 .debug_ranges  0x00000698       0xb0 src/ASF/sam/drivers/tc/tc.o
 .debug_ranges  0x00000748       0xd8 src/ASF/sam/drivers/uart/uart.o
 .debug_ranges  0x00000820       0x38 src/ASF/sam/drivers/wdt/wdt.o
 .debug_ranges  0x00000858       0x10 src/ASF/sam/utils/cmsis/sam3u/source/templates/exceptions.o
 .debug_ranges  0x00000868       0x10 src/ASF/sam/utils/cmsis/sam3u/source/templates/gcc/startup_sam3u.o
 .debug_ranges  0x00000878       0x20 src/ASF/sam/utils/cmsis/sam3u/source/templates/system_sam3u.o
 .debug_ranges  0x00000898       0x50 src/ASF/sam/utils/syscalls/gcc/syscalls.o
 .debug_ranges  0x000008e8       0x28 src/command.o
 .debug_ranges  0x00000910       0x18 src/kernel/CRC16MODBUS.o
 .debug_ranges  0x00000928       0x10 src/kernel/error.o
 .debug_ranges  0x00000938       0x18 src/kernel/kRtc.o
 .debug_ranges  0x00000950       0x10 src/kernel/lcd.o
 .debug_ranges  0x00000960       0x20 src/kernel/shell.o
 .debug_ranges  0x00000980       0x50 src/kernel/shellcmd.o
 .debug_ranges  0x000009d0       0x18 src/kernel/shellcom.o
 .debug_ranges  0x000009e8       0x30 src/kernel/taskman.o
 .debug_ranges  0x00000a18       0x28 src/kernel/utils.o
 .debug_ranges  0x00000a40       0x18 src/main.o

.debug_macro    0x00000000    0x1a042
 .debug_macro   0x00000000      0x6a9 src/appli.o
 .debug_macro   0x000006a9      0x8c2 src/appli.o
 .debug_macro   0x00000f6b      0x16d src/appli.o
 .debug_macro   0x000010d8      0x64b src/appli.o
 .debug_macro   0x00001723       0x76 src/appli.o
 .debug_macro   0x00001799       0x16 src/appli.o
 .debug_macro   0x000017af      0x6e4 src/appli.o
 .debug_macro   0x00001e93       0x22 src/appli.o
 .debug_macro   0x00001eb5       0x87 src/appli.o
 .debug_macro   0x00001f3c       0x51 src/appli.o
 .debug_macro   0x00001f8d       0xef src/appli.o
 .debug_macro   0x0000207c       0x6a src/appli.o
 .debug_macro   0x000020e6      0x1df src/appli.o
 .debug_macro   0x000022c5       0x20 src/appli.o
 .debug_macro   0x000022e5       0x3a src/appli.o
 .debug_macro   0x0000231f       0x2d src/appli.o
 .debug_macro   0x0000234c      0xbb1 src/appli.o
 .debug_macro   0x00002efd      0x41b src/appli.o
 .debug_macro   0x00003318      0x472 src/appli.o
 .debug_macro   0x0000378a      0x2b5 src/appli.o
 .debug_macro   0x00003a3f      0x5d6 src/appli.o
 .debug_macro   0x00004015       0x82 src/appli.o
 .debug_macro   0x00004097       0x1c src/appli.o
 .debug_macro   0x000040b3      0x69b src/appli.o
 .debug_macro   0x0000474e      0x4bd src/appli.o
 .debug_macro   0x00004c0b       0xbe src/appli.o
 .debug_macro   0x00004cc9     0x2342 src/appli.o
 .debug_macro   0x0000700b      0x690 src/appli.o
 .debug_macro   0x0000769b      0xa62 src/appli.o
 .debug_macro   0x000080fd       0x7c src/appli.o
 .debug_macro   0x00008179      0x263 src/appli.o
 .debug_macro   0x000083dc       0x58 src/appli.o
 .debug_macro   0x00008434      0x9a7 src/appli.o
 .debug_macro   0x00008ddb      0x248 src/appli.o
 .debug_macro   0x00009023      0x4df src/appli.o
 .debug_macro   0x00009502      0x6b3 src/appli.o
 .debug_macro   0x00009bb5      0x563 src/appli.o
 .debug_macro   0x0000a118      0x34d src/appli.o
 .debug_macro   0x0000a465      0x28c src/appli.o
 .debug_macro   0x0000a6f1      0x754 src/appli.o
 .debug_macro   0x0000ae45      0x6b5 src/appli.o
 .debug_macro   0x0000b4fa       0x76 src/appli.o
 .debug_macro   0x0000b570       0x82 src/appli.o
 .debug_macro   0x0000b5f2       0x76 src/appli.o
 .debug_macro   0x0000b668       0x4c src/appli.o
 .debug_macro   0x0000b6b4       0xe2 src/appli.o
 .debug_macro   0x0000b796       0x88 src/appli.o
 .debug_macro   0x0000b81e       0x88 src/appli.o
 .debug_macro   0x0000b8a6      0x2c6 src/appli.o
 .debug_macro   0x0000bb6c       0xac src/appli.o
 .debug_macro   0x0000bc18       0xac src/appli.o
 .debug_macro   0x0000bcc4       0xac src/appli.o
 .debug_macro   0x0000bd70      0x24f src/appli.o
 .debug_macro   0x0000bfbf       0x7c src/appli.o
 .debug_macro   0x0000c03b       0x70 src/appli.o
 .debug_macro   0x0000c0ab       0xee src/appli.o
 .debug_macro   0x0000c199      0x165 src/appli.o
 .debug_macro   0x0000c2fe       0x64 src/appli.o
 .debug_macro   0x0000c362       0x88 src/appli.o
 .debug_macro   0x0000c3ea       0x7c src/appli.o
 .debug_macro   0x0000c466       0x16 src/appli.o
 .debug_macro   0x0000c47c       0x22 src/appli.o
 .debug_macro   0x0000c49e       0x22 src/appli.o
 .debug_macro   0x0000c4c0      0x115 src/appli.o
 .debug_macro   0x0000c5d5      0x115 src/appli.o
 .debug_macro   0x0000c6ea       0x1c src/appli.o
 .debug_macro   0x0000c706       0x2e src/appli.o
 .debug_macro   0x0000c734       0x22 src/appli.o
 .debug_macro   0x0000c756       0x1c src/appli.o
 .debug_macro   0x0000c772       0x58 src/appli.o
 .debug_macro   0x0000c7ca       0x10 src/appli.o
 .debug_macro   0x0000c7da      0x1d2 src/appli.o
 .debug_macro   0x0000c9ac      0x81b src/appli.o
 .debug_macro   0x0000d1c7       0xf2 src/appli.o
 .debug_macro   0x0000d2b9       0x52 src/appli.o
 .debug_macro   0x0000d30b       0x35 src/appli.o
 .debug_macro   0x0000d340       0x9c src/appli.o
 .debug_macro   0x0000d3dc       0x16 src/appli.o
 .debug_macro   0x0000d3f2       0x35 src/appli.o
 .debug_macro   0x0000d427      0x330 src/appli.o
 .debug_macro   0x0000d757       0x10 src/appli.o
 .debug_macro   0x0000d767       0x52 src/appli.o
 .debug_macro   0x0000d7b9       0x1f src/appli.o
 .debug_macro   0x0000d7d8       0x43 src/appli.o
 .debug_macro   0x0000d81b       0x20 src/appli.o
 .debug_macro   0x0000d83b      0x187 src/appli.o
 .debug_macro   0x0000d9c2       0x10 src/appli.o
 .debug_macro   0x0000d9d2       0x1c src/appli.o
 .debug_macro   0x0000d9ee       0x52 src/appli.o
 .debug_macro   0x0000da40       0x40 src/appli.o
 .debug_macro   0x0000da80       0x10 src/appli.o
 .debug_macro   0x0000da90       0x40 src/appli.o
 .debug_macro   0x0000dad0       0xd7 src/appli.o
 .debug_macro   0x0000dba7       0x16 src/appli.o
 .debug_macro   0x0000dbbd      0x18b src/appli.o
 .debug_macro   0x0000dd48       0x22 src/appli.o
 .debug_macro   0x0000dd6a       0x16 src/appli.o
 .debug_macro   0x0000dd80       0x16 src/appli.o
 .debug_macro   0x0000dd96       0x29 src/appli.o
 .debug_macro   0x0000ddbf       0x75 src/appli.o
 .debug_macro   0x0000de34       0x45 src/appli.o
 .debug_macro   0x0000de79      0x3ca src/appli.o
 .debug_macro   0x0000e243       0x58 src/appli.o
 .debug_macro   0x0000e29b       0x28 src/appli.o
 .debug_macro   0x0000e2c3       0x28 src/appli.o
 .debug_macro   0x0000e2eb      0x2c6 src/appli.o
 .debug_macro   0x0000e5b1       0x5e src/appli.o
 .debug_macro   0x0000e60f       0x64 src/appli.o
 .debug_macro   0x0000e673       0x5f src/appli.o
 .debug_macro   0x0000e6d2       0x82 src/appli.o
 .debug_macro   0x0000e754       0x28 src/appli.o
 .debug_macro   0x0000e77c       0x23 src/appli.o
 .debug_macro   0x0000e79f       0x94 src/appli.o
 .debug_macro   0x0000e833       0x40 src/appli.o
 .debug_macro   0x0000e873       0x70 src/appli.o
 .debug_macro   0x0000e8e3       0x34 src/appli.o
 .debug_macro   0x0000e917       0x10 src/appli.o
 .debug_macro   0x0000e927       0x3b src/appli.o
 .debug_macro   0x0000e962       0x1c src/appli.o
 .debug_macro   0x0000e97e       0x10 src/appli.o
 .debug_macro   0x0000e98e       0xc4 src/appli.o
 .debug_macro   0x0000ea52       0x5e src/appli.o
 .debug_macro   0x0000eab0       0x22 src/appli.o
 .debug_macro   0x0000ead2       0x1c src/appli.o
 .debug_macro   0x0000eaee       0x4c src/appli.o
 .debug_macro   0x0000eb3a       0x34 src/appli.o
 .debug_macro   0x0000eb6e       0x64 src/appli.o
 .debug_macro   0x0000ebd2       0x16 src/appli.o
 .debug_macro   0x0000ebe8       0x16 src/appli.o
 .debug_macro   0x0000ebfe      0x1b4 src/appli.o
 .debug_macro   0x0000edb2      0x4e2 src/ASF/sam/drivers/chipid/chipid.o
 .debug_macro   0x0000f294      0x6c2 src/menu.o
 .debug_macro   0x0000f956       0x4c src/menu.o
 .debug_macro   0x0000f9a2       0x8d src/menu.o
 .debug_macro   0x0000fa2f       0x57 src/menu.o
 .debug_macro   0x0000fa86       0x10 src/menu.o
 .debug_macro   0x0000fa96       0x1c src/menu.o
 .debug_macro   0x0000fab2      0x6a3 src/timerCallMap.o
 .debug_macro   0x00010155      0x4f7 src/ASF/sam/drivers/pio/pio_handler.o
 .debug_macro   0x0001064c       0x8e src/ASF/sam/drivers/pio/pio_handler.o
 .debug_macro   0x000106da      0x4e7 src/ASF/common/services/delay/sam/cycle_counter.o
 .debug_macro   0x00010bc1       0x22 src/ASF/common/services/delay/sam/cycle_counter.o
 .debug_macro   0x00010be3      0x557 src/ASF/common/services/clock/sam3u/sysclk.o
 .debug_macro   0x0001113a      0x2c0 src/ASF/common/services/clock/sam3u/sysclk.o
 .debug_macro   0x000113fa      0x4f3 src/ASF/sam/drivers/pio/pio.o
 .debug_macro   0x000118ed      0x4ed src/ASF/sam/drivers/pmc/pmc.o
 .debug_macro   0x00011dda       0x58 src/ASF/sam/drivers/pmc/pmc.o
 .debug_macro   0x00011e32      0x619 src/ASF/common/boards/user_board/init.o
 .debug_macro   0x0001244b      0x4e2 src/ASF/common/utils/interrupt/interrupt_sam_nvic.o
 .debug_macro   0x0001292d       0x3f src/ASF/common/utils/interrupt/interrupt_sam_nvic.o
 .debug_macro   0x0001296c      0x50c src/ASF/sam/drivers/pwm/pwm.o
 .debug_macro   0x00012e78      0x4ee src/ASF/sam/drivers/rstc/rstc.o
 .debug_macro   0x00013366       0x35 src/ASF/sam/drivers/rstc/rstc.o
 .debug_macro   0x0001339b      0x4fa src/ASF/sam/drivers/rtc/rtc.o
 .debug_macro   0x00013895      0x4f4 src/ASF/sam/drivers/tc/tc.o
 .debug_macro   0x00013d89       0x16 src/ASF/sam/drivers/tc/tc.o
 .debug_macro   0x00013d9f      0x4e7 src/ASF/sam/drivers/uart/uart.o
 .debug_macro   0x00014286       0x16 src/ASF/sam/drivers/uart/uart.o
 .debug_macro   0x0001429c      0x4fa src/ASF/sam/drivers/wdt/wdt.o
 .debug_macro   0x00014796      0x4ec src/ASF/sam/utils/cmsis/sam3u/source/templates/exceptions.o
 .debug_macro   0x00014c82      0x4fa src/ASF/sam/utils/cmsis/sam3u/source/templates/gcc/startup_sam3u.o
 .debug_macro   0x0001517c      0x4fa src/ASF/sam/utils/cmsis/sam3u/source/templates/system_sam3u.o
 .debug_macro   0x00015676       0x26 src/ASF/sam/utils/cmsis/sam3u/source/templates/system_sam3u.o
 .debug_macro   0x0001569c      0x1d6 src/ASF/sam/utils/syscalls/gcc/syscalls.o
 .debug_macro   0x00015872       0x97 src/ASF/sam/utils/syscalls/gcc/syscalls.o
 .debug_macro   0x00015909       0xf6 src/ASF/sam/utils/syscalls/gcc/syscalls.o
 .debug_macro   0x000159ff       0x4c src/ASF/sam/utils/syscalls/gcc/syscalls.o
 .debug_macro   0x00015a4b       0x16 src/ASF/sam/utils/syscalls/gcc/syscalls.o
 .debug_macro   0x00015a61       0x10 src/ASF/sam/utils/syscalls/gcc/syscalls.o
 .debug_macro   0x00015a71       0x10 src/ASF/sam/utils/syscalls/gcc/syscalls.o
 .debug_macro   0x00015a81       0x35 src/ASF/sam/utils/syscalls/gcc/syscalls.o
 .debug_macro   0x00015ab6      0x122 src/ASF/sam/utils/syscalls/gcc/syscalls.o
 .debug_macro   0x00015bd8      0x6e8 src/command.o
 .debug_macro   0x000162c0       0x15 src/kernel/CRC16MODBUS.o
 .debug_macro   0x000162d5      0x6aa src/kernel/error.o
 .debug_macro   0x0001697f      0x7ea src/kernel/kRtc.o
 .debug_macro   0x00017169      0x817 src/kernel/lcd.o
 .debug_macro   0x00017980      0x831 src/kernel/shell.o
 .debug_macro   0x000181b1      0x730 src/kernel/shellcmd.o
 .debug_macro   0x000188e1      0x6ff src/kernel/shellcom.o
 .debug_macro   0x00018fe0      0x71f src/kernel/taskman.o
 .debug_macro   0x000196ff       0xfb src/kernel/utils.o
 .debug_macro   0x000197fa      0x10e src/kernel/utils.o
 .debug_macro   0x00019908       0x86 src/kernel/utils.o
 .debug_macro   0x0001998e      0x6b4 src/main.o

.debug_line     0x00000000    0x18c70
 .debug_line    0x00000000      0xeee src/appli.o
 .debug_line    0x00000eee      0xb01 src/ASF/sam/drivers/chipid/chipid.o
 .debug_line    0x000019ef      0xf7e src/menu.o
 .debug_line    0x0000296d      0xec0 src/timerCallMap.o
 .debug_line    0x0000382d      0xb05 src/ASF/sam/drivers/pio/pio_handler.o
 .debug_line    0x00004332      0xa68 src/ASF/common/services/delay/sam/cycle_counter.o
 .debug_line    0x00004d9a      0xbfe src/ASF/common/services/clock/sam3u/sysclk.o
 .debug_line    0x00005998      0xde3 src/ASF/sam/drivers/pio/pio.o
 .debug_line    0x0000677b      0xf71 src/ASF/sam/drivers/pmc/pmc.o
 .debug_line    0x000076ec      0xdf3 src/ASF/common/boards/user_board/init.o
 .debug_line    0x000084df      0xa7c src/ASF/common/utils/interrupt/interrupt_sam_nvic.o
 .debug_line    0x00008f5b      0xdb9 src/ASF/sam/drivers/pwm/pwm.o
 .debug_line    0x00009d14      0xae7 src/ASF/sam/drivers/rstc/rstc.o
 .debug_line    0x0000a7fb      0xc22 src/ASF/sam/drivers/rtc/rtc.o
 .debug_line    0x0000b41d      0xbdb src/ASF/sam/drivers/tc/tc.o
 .debug_line    0x0000bff8      0xc15 src/ASF/sam/drivers/uart/uart.o
 .debug_line    0x0000cc0d      0xab4 src/ASF/sam/drivers/wdt/wdt.o
 .debug_line    0x0000d6c1      0xa3d src/ASF/sam/utils/cmsis/sam3u/source/templates/exceptions.o
 .debug_line    0x0000e0fe      0xa86 src/ASF/sam/utils/cmsis/sam3u/source/templates/gcc/startup_sam3u.o
 .debug_line    0x0000eb84      0xab5 src/ASF/sam/utils/cmsis/sam3u/source/templates/system_sam3u.o
 .debug_line    0x0000f639      0x40b src/ASF/sam/utils/syscalls/gcc/syscalls.o
 .debug_line    0x0000fa44     0x10c6 src/command.o
 .debug_line    0x00010b0a       0x7c src/kernel/CRC16MODBUS.o
 .debug_line    0x00010b86      0xf74 src/kernel/error.o
 .debug_line    0x00011afa      0xf54 src/kernel/kRtc.o
 .debug_line    0x00012a4e      0xf71 src/kernel/lcd.o
 .debug_line    0x000139bf     0x11bc src/kernel/shell.o
 .debug_line    0x00014b7b     0x100e src/kernel/shellcmd.o
 .debug_line    0x00015b89      0xf31 src/kernel/shellcom.o
 .debug_line    0x00016aba      0xf75 src/kernel/taskman.o