Archive member included to satisfy reference by file (symbol)

c:/program files (x86)/atmel/studio/7.0/toolchain/arm/arm-gnu-toolchain/bin/../lib/gcc/arm-none-eabi/6.3.1/../../../../arm-none-eabi/lib/thumb/v7-m\libc.a(lib_a-exit.o)
                              c:/program files (x86)/atmel/studio/7.0/toolchain/arm/arm-gnu-toolchain/bin/../lib/gcc/arm-none-eabi/6.3.1/../../../../arm-none-eabi/lib/thumb/v7-m/crt0.o (exit)
c:/program files (x86)/atmel/studio/7.0/toolchain/arm/arm-gnu-toolchain/bin/../lib/gcc/arm-none-eabi/6.3.1/../../../../arm-none-eabi/lib/thumb/v7-m\libc.a(lib_a-impure.o)
                              c:/program files (x86)/atmel/studio/7.0/toolchain/arm/arm-gnu-toolchain/bin/../lib/gcc/arm-none-eabi/6.3.1/../../../../arm-none-eabi/lib/thumb/v7-m\libc.a(lib_a-exit.o) (_global_impure_ptr)
c:/program files (x86)/atmel/studio/7.0/toolchain/arm/arm-gnu-toolchain/bin/../lib/gcc/arm-none-eabi/6.3.1/../../../../arm-none-eabi/lib/thumb/v7-m\libc.a(lib_a-init.o)
                              c:/program files (x86)/atmel/studio/7.0/toolchain/arm/arm-gnu-toolchain/bin/../lib/gcc/arm-none-eabi/6.3.1/../../../../arm-none-eabi/lib/thumb/v7-m/crt0.o (__libc_init_array)
c:/program files (x86)/atmel/studio/7.0/toolchain/arm/arm-gnu-toolchain/bin/../lib/gcc/arm-none-eabi/6.3.1/../../../../arm-none-eabi/lib/thumb/v7-m\libc.a(lib_a-memset.o)
                              c:/program files (x86)/atmel/studio/7.0/toolchain/arm/arm-gnu-toolchain/bin/../lib/gcc/arm-none-eabi/6.3.1/../../../../arm-none-eabi/lib/thumb/v7-m/crt0.o (memset)
c:/program files (x86)/atmel/studio/7.0/toolchain/arm/arm-gnu-toolchain/bin/../lib/gcc/arm-none-eabi/6.3.1/../../../../arm-none-eabi/lib/thumb/v7-m\libc.a(lib_a-sprintf.o)
                              src/Kernel/shell.o (sprintf)
c:/program files (x86)/atmel/studio/7.0/toolchain/arm/arm-gnu-toolchain/bin/../lib/gcc/arm-none-eabi/6.3.1/../../../../arm-none-eabi/lib/thumb/v7-m\libc.a(lib_a-strlen-stub.o)
                              src/Kernel/shell.o (strlen)
c:/program files (x86)/atmel/studio/7.0/toolchain/arm/arm-gnu-toolchain/bin/../lib/gcc/arm-none-eabi/6.3.1/../../../../arm-none-eabi/lib/thumb/v7-m\libc.a(lib_a-strtok.o)
                              src/Kernel/shell.o (strtok)
c:/program files (x86)/atmel/studio/7.0/toolchain/arm/arm-gnu-toolchain/bin/../lib/gcc/arm-none-eabi/6.3.1/../../../../arm-none-eabi/lib/thumb/v7-m\libc.a(lib_a-strtok_r.o)
                              c:/program files (x86)/atmel/studio/7.0/toolchain/arm/arm-gnu-toolchain/bin/../lib/gcc/arm-none-eabi/6.3.1/../../../../arm-none-eabi/lib/thumb/v7-m\libc.a(lib_a-strtok.o) (__strtok_r)
c:/program files (x86)/atmel/studio/7.0/toolchain/arm/arm-gnu-toolchain/bin/../lib/gcc/arm-none-eabi/6.3.1/../../../../arm-none-eabi/lib/thumb/v7-m\libc.a(lib_a-svfprintf.o)
                              c:/program files (x86)/atmel/studio/7.0/toolchain/arm/arm-gnu-toolchain/bin/../lib/gcc/arm-none-eabi/6.3.1/../../../../arm-none-eabi/lib/thumb/v7-m\libc.a(lib_a-sprintf.o) (_svfprintf_r)
c:/program files (x86)/atmel/studio/7.0/toolchain/arm/arm-gnu-toolchain/bin/../lib/gcc/arm-none-eabi/6.3.1/../../../../arm-none-eabi/lib/thumb/v7-m\libc.a(lib_a-__call_atexit.o)
                              c:/program files (x86)/atmel/studio/7.0/toolchain/arm/arm-gnu-toolchain/bin/../lib/gcc/arm-none-eabi/6.3.1/../../../../arm-none-eabi/lib/thumb/v7-m\libc.a(lib_a-exit.o) (__call_exitprocs)
c:/program files (x86)/atmel/studio/7.0/toolchain/arm/arm-gnu-toolchain/bin/../lib/gcc/arm-none-eabi/6.3.1/../../../../arm-none-eabi/lib/thumb/v7-m\libc.a(lib_a-atexit.o)
                              c:/program files (x86)/atmel/studio/7.0/toolchain/arm/arm-gnu-toolchain/bin/../lib/gcc/arm-none-eabi/6.3.1/../../../../arm-none-eabi/lib/thumb/v7-m\libc.a(lib_a-__call_atexit.o) (atexit)
c:/program files (x86)/atmel/studio/7.0/toolchain/arm/arm-gnu-toolchain/bin/../lib/gcc/arm-none-eabi/6.3.1/../../../../arm-none-eabi/lib/thumb/v7-m\libc.a(lib_a-dtoa.o)
                              c:/program files (x86)/atmel/studio/7.0/toolchain/arm/arm-gnu-toolchain/bin/../lib/gcc/arm-none-eabi/6.3.1/../../../../arm-none-eabi/lib/thumb/v7-m\libc.a(lib_a-svfprintf.o) (_dtoa_r)
c:/program files (x86)/atmel/studio/7.0/toolchain/arm/arm-gnu-toolchain/bin/../lib/gcc/arm-none-eabi/6.3.1/../../../../arm-none-eabi/lib/thumb/v7-m\libc.a(lib_a-fini.o)
                              c:/program files (x86)/atmel/studio/7.0/toolchain/arm/arm-gnu-toolchain/bin/../lib/gcc/arm-none-eabi/6.3.1/../../../../arm-none-eabi/lib/thumb/v7-m\libc.a(lib_a-__call_atexit.o) (__libc_fini_array)
c:/program files (x86)/atmel/studio/7.0/toolchain/arm/arm-gnu-toolchain/bin/../lib/gcc/arm-none-eabi/6.3.1/../../../../arm-none-eabi/lib/thumb/v7-m\libc.a(lib_a-localeconv.o)
                              c:/program files (x86)/atmel/studio/7.0/toolchain/arm/arm-gnu-toolchain/bin/../lib/gcc/arm-none-eabi/6.3.1/../../../../arm-none-eabi/lib/thumb/v7-m\libc.a(lib_a-svfprintf.o) (_localeconv_r)
[...]
Memory Configuration

Name             Origin             Length             Attributes
rom              0x00080000         0x00080000         xr
sram0            0x20000000         0x00010000         xrw
sram1            0x20080000         0x00008000         xrw
ram              0x20070000         0x00018000         xrw
*default*        0x00000000         0xffffffff

Linker script and memory map

LOAD c:/program files (x86)/atmel/studio/7.0/toolchain/arm/arm-gnu-toolchain/bin/../lib/gcc/arm-none-eabi/6.3.1/thumb/v7-m/crti.o
LOAD c:/program files (x86)/atmel/studio/7.0/toolchain/arm/arm-gnu-toolchain/bin/../lib/gcc/arm-none-eabi/6.3.1/thumb/v7-m/crtbegin.o
LOAD c:/program files (x86)/atmel/studio/7.0/toolchain/arm/arm-gnu-toolchain/bin/../lib/gcc/arm-none-eabi/6.3.1/../../../../arm-none-eabi/lib/thumb/v7-m/crt0.o
LOAD src/ASF/sam/drivers/tc/tc.o
LOAD src/Sources files/menu.o
LOAD src/ASF/sam/drivers/usart/usart.o
LOAD src/Kernel/CRC16MODBUS.o
LOAD src/Kernel/error.o
LOAD src/Kernel/shell.o
LOAD src/Kernel/shellcmd.o
LOAD src/Kernel/shellcom.o
LOAD src/Kernel/taskman.o
LOAD src/Sources files/appli.o
LOAD src/Sources files/LCD.o
LOAD src/Sources files/main.o
LOAD src/ASF/common/services/delay/sam/cycle_counter.o
LOAD src/ASF/common/services/clock/sam3x/sysclk.o
LOAD src/ASF/common/utils/interrupt/interrupt_sam_nvic.o
LOAD src/ASF/sam/boards/arduino_due_x/init.o
LOAD src/ASF/sam/drivers/pio/pio.o
LOAD src/ASF/sam/drivers/pio/pio_handler.o
LOAD src/ASF/sam/drivers/pmc/pmc.o
LOAD src/ASF/sam/drivers/pmc/sleep.o
LOAD src/ASF/sam/utils/cmsis/sam3x/source/templates/exceptions.o
LOAD src/ASF/sam/utils/cmsis/sam3x/source/templates/gcc/startup_sam3x.o
LOAD src/ASF/sam/utils/cmsis/sam3x/source/templates/system_sam3x.o
LOAD src/ASF/sam/utils/syscalls/gcc/syscalls.o
START GROUP
LOAD ../src/ASF/thirdparty/CMSIS/Lib/GCC\libarm_cortexM3l_math.a
LOAD c:/program files (x86)/atmel/studio/7.0/toolchain/arm/arm-gnu-toolchain/bin/../lib/gcc/arm-none-eabi/6.3.1/../../../../arm-none-eabi/lib/thumb/v7-m\libm.a
END GROUP
START GROUP
LOAD c:/program files (x86)/atmel/studio/7.0/toolchain/arm/arm-gnu-toolchain/bin/../lib/gcc/arm-none-eabi/6.3.1/thumb/v7-m\libgcc.a
LOAD c:/program files (x86)/atmel/studio/7.0/toolchain/arm/arm-gnu-toolchain/bin/../lib/gcc/arm-none-eabi/6.3.1/../../../../arm-none-eabi/lib/thumb/v7-m\libc.a
END GROUP
LOAD c:/program files (x86)/atmel/studio/7.0/toolchain/arm/arm-gnu-toolchain/bin/../lib/gcc/arm-none-eabi/6.3.1/thumb/v7-m/crtend.o
LOAD c:/program files (x86)/atmel/studio/7.0/toolchain/arm/arm-gnu-toolchain/bin/../lib/gcc/arm-none-eabi/6.3.1/thumb/v7-m/crtn.o
                0x00002000                __stack_size__ = DEFINED (__stack_size__)?__stack_size__:0x2000
                0x20087ffc                __ram_end__ = ((ORIGIN (ram) + LENGTH (ram)) - 0x4)

.text           0x00080000     0x61c4
                0x00080000                . = ALIGN (0x4)
                0x00080000                _sfixed = .
 *(.vectors .vectors.*)
 .vectors       0x00080000       0xf4 src/ASF/sam/utils/cmsis/sam3x/source/templates/gcc/startup_sam3x.o
                0x00080000                exception_table
 *(.text .text.* .gnu.linkonce.t.*)
 .text          0x000800f4       0x6c c:/program files (x86)/atmel/studio/7.0/toolchain/arm/arm-gnu-toolchain/bin/../lib/gcc/arm-none-eabi/6.3.1/thumb/v7-m/crtbegin.o
 .text.tc_init  0x00080160       0x18 src/ASF/sam/drivers/tc/tc.o
                0x00080160                tc_init
 .text.tc_start
                0x00080178        0x8 src/ASF/sam/drivers/tc/tc.o
                0x00080178                tc_start
 .text.tc_write_ra
                0x00080180        0x8 src/ASF/sam/drivers/tc/tc.o
                0x00080180                tc_write_ra
 .text.tc_write_rc
                0x00080188        0x8 src/ASF/sam/drivers/tc/tc.o
                0x00080188                tc_write_rc
 .text.tc_enable_interrupt
                0x00080190        0x8 src/ASF/sam/drivers/tc/tc.o
                0x00080190                tc_enable_interrupt
 .text.tc_get_status
                0x00080198        0x8 src/ASF/sam/drivers/tc/tc.o
                0x00080198                tc_get_status
 .text.usart_set_async_baudrate
                0x000801a0       0x58 src/ASF/sam/drivers/usart/usart.o
                0x000801a0                usart_set_async_baudrate
 .text.usart_reset
                0x000801f8       0x28 src/ASF/sam/drivers/usart/usart.o
                0x000801f8                usart_reset
 .text.usart_init_rs232
                0x00080220       0x54 src/ASF/sam/drivers/usart/usart.o
                0x00080220                usart_init_rs232
 .text.usart_enable_tx
                0x00080274        0x6 src/ASF/sam/drivers/usart/usart.o
                0x00080274                usart_enable_tx
 .text.usart_enable_rx
                0x0008027a        0x6 src/ASF/sam/drivers/usart/usart.o
                0x0008027a                usart_enable_rx
 .text.usart_enable_interrupt
                0x00080280        0x4 src/ASF/sam/drivers/usart/usart.o
                0x00080280                usart_enable_interrupt
 .text.usart_disable_interrupt
                0x00080284        0x4 src/ASF/sam/drivers/usart/usart.o
                0x00080284                usart_disable_interrupt
 .text.usart_get_status
                0x00080288        0x4 src/ASF/sam/drivers/usart/usart.o
                0x00080288                usart_get_status
 .text.CRC16MODBUSFRAME
                0x0008028c       0x34 src/Kernel/CRC16MODBUS.o
                0x0008028c                CRC16MODBUSFRAME
 .text.ErrorLed
                0x000802c0       0xb0 src/Kernel/error.o
                0x000802c0                ErrorLed
 .text.Shell    0x00080370      0x2ec src/Kernel/shell.o
                0x00080370                Shell
 .text._cmd_set
                0x0008065c       0x10 src/Kernel/shellcmd.o
                0x0008065c                _cmd_set
 .text.Shellcom
                0x0008066c      0x188 src/Kernel/shellcom.o
                0x0008066c                Shellcom
 .text.USART0_Handler
                0x000807f4       0x80 src/Kernel/shellcom.o
                0x000807f4                USART0_Handler
 .text.Taskman  0x00080874      0x1fc src/Kernel/taskman.o
                0x00080874                Taskman
 .text.TC0_Handler
                0x00080a70       0x20 src/Kernel/taskman.o
                0x00080a70                TC0_Handler
 .text.Appli    0x00080a90       0xa8 src/Sources files/appli.o
                0x00080a90                Appli
 .text.Lcd      0x00080b38      0x1f8 src/Sources files/LCD.o
                0x00080b38                Lcd
 .text.main     0x00080d30       0x70 src/Sources files/main.o
                0x00080d30                main
 .text.sysclk_init
                0x00080da0       0x64 src/ASF/common/services/clock/sam3x/sysclk.o
                0x00080da0                sysclk_init
 .text.cpu_irq_enter_critical
                0x00080e04       0x3c src/ASF/common/utils/interrupt/interrupt_sam_nvic.o
                0x00080e04                cpu_irq_enter_critical
 .text.cpu_irq_leave_critical
                0x00080e40       0x2c src/ASF/common/utils/interrupt/interrupt_sam_nvic.o
                0x00080e40                cpu_irq_leave_critical
 .text.board_init
                0x00080e6c       0x80 src/ASF/sam/boards/arduino_due_x/init.o
                0x00080e6c                board_init
 .text.pio_set_peripheral
                0x00080eec       0x3e src/ASF/sam/drivers/pio/pio.o
                0x00080eec                pio_set_peripheral
 .text.pio_set_input
                0x00080f2a       0x32 src/ASF/sam/drivers/pio/pio.o
                0x00080f2a                pio_set_input
 .text.pio_set_output
                0x00080f5c       0x26 src/ASF/sam/drivers/pio/pio.o
                0x00080f5c                pio_set_output
 .text.pio_get_interrupt_status
                0x00080f82        0x4 src/ASF/sam/drivers/pio/pio.o
                0x00080f82                pio_get_interrupt_status
 .text.pio_get_interrupt_mask
                0x00080f86        0x4 src/ASF/sam/drivers/pio/pio.o
                0x00080f86                pio_get_interrupt_mask
 .text.pio_set_pin_high
                0x00080f8a       0x1a src/ASF/sam/drivers/pio/pio.o
                0x00080f8a                pio_set_pin_high
 .text.pio_set_pin_low
                0x00080fa4       0x1a src/ASF/sam/drivers/pio/pio.o
                0x00080fa4                pio_set_pin_low
 .text.pio_toggle_pin
                0x00080fbe       0x20 src/ASF/sam/drivers/pio/pio.o
                0x00080fbe                pio_toggle_pin
 *fill*         0x00080fde        0x2 
 .text.pio_configure_pin
                0x00080fe0       0xd0 src/ASF/sam/drivers/pio/pio.o
                0x00080fe0                pio_configure_pin
 .text.pio_configure_pin_group
                0x000810b0       0x9c src/ASF/sam/drivers/pio/pio.o
                0x000810b0                pio_configure_pin_group
 .text.pio_handler_process
                0x0008114c       0x50 src/ASF/sam/drivers/pio/pio_handler.o
                0x0008114c                pio_handler_process
 .text.PIOA_Handler
                0x0008119c       0x14 src/ASF/sam/drivers/pio/pio_handler.o
                0x0008119c                PIOA_Handler
 .text.PIOB_Handler
                0x000811b0       0x14 src/ASF/sam/drivers/pio/pio_handler.o
                0x000811b0                PIOB_Handler
 .text.PIOC_Handler
                0x000811c4       0x14 src/ASF/sam/drivers/pio/pio_handler.o
                0x000811c4                PIOC_Handler
 .text.PIOD_Handler
                0x000811d8       0x14 src/ASF/sam/drivers/pio/pio_handler.o
                0x000811d8                PIOD_Handler
 .text.pmc_switch_mck_to_pllack
                0x000811ec       0x64 src/ASF/sam/drivers/pmc/pmc.o
                0x000811ec                pmc_switch_mck_to_pllack
 .text.pmc_switch_mainck_to_xtal
                0x00081250       0x54 src/ASF/sam/drivers/pmc/pmc.o
                0x00081250                pmc_switch_mainck_to_xtal
 .text.pmc_osc_is_ready_mainck
                0x000812a4       0x10 src/ASF/sam/drivers/pmc/pmc.o
                0x000812a4                pmc_osc_is_ready_mainck
 .text.pmc_disable_pllack
                0x000812b4       0x10 src/ASF/sam/drivers/pmc/pmc.o
                0x000812b4                pmc_disable_pllack
 .text.pmc_is_locked_pllack
                0x000812c4       0x10 src/ASF/sam/drivers/pmc/pmc.o
                0x000812c4                pmc_is_locked_pllack
 .text.pmc_enable_periph_clk
                0x000812d4       0x54 src/ASF/sam/drivers/pmc/pmc.o
                0x000812d4                pmc_enable_periph_clk
 .text.Dummy_Handler
                0x00081328        0x2 src/ASF/sam/utils/cmsis/sam3x/source/templates/exceptions.o
                0x00081328                DACC_Handler
                0x00081328                DebugMon_Handler
                0x00081328                DMAC_Handler
                0x00081328                TRNG_Handler
                0x00081328                HardFault_Handler
                0x00081328                TC2_Handler
                0x00081328                SysTick_Handler
                0x00081328                USART3_Handler
                0x00081328                TWI1_Handler
                0x00081328                PendSV_Handler
                0x00081328                NMI_Handler
                0x00081328                TC7_Handler
                0x00081328                ADC_Handler
                0x00081328                SMC_Handler
                0x00081328                RTT_Handler
                0x00081328                EFC1_Handler
                0x00081328                RTC_Handler
                0x00081328                UsageFault_Handler
                0x00081328                TC6_Handler
                0x00081328                WDT_Handler
                0x00081328                CAN0_Handler
                0x00081328                TC4_Handler
                0x00081328                TC1_Handler
                0x00081328                HSMCI_Handler
                0x00081328                TC3_Handler
                0x00081328                Dummy_Handler
                0x00081328                TWI0_Handler
                0x00081328                USART1_Handler
                0x00081328                SSC_Handler
                0x00081328                EFC0_Handler
                0x00081328                PMC_Handler
                0x00081328                PWM_Handler
                0x00081328                CAN1_Handler
                0x00081328                MemManage_Handler
                0x00081328                SUPC_Handler
                0x00081328                SVC_Handler
                0x00081328                TC8_Handler
                0x00081328                USART2_Handler
                0x00081328                EMAC_Handler
                0x00081328                UART_Handler
                0x00081328                BusFault_Handler
                0x00081328                RSTC_Handler
                0x00081328                TC5_Handler
                0x00081328                UOTGHS_Handler
                0x00081328                SPI0_Handler
 *fill*         0x0008132a        0x2 
 .text.Reset_Handler
                0x0008132c       0x98 src/ASF/sam/utils/cmsis/sam3x/source/templates/gcc/startup_sam3x.o
                0x0008132c                Reset_Handler
 .text.SystemCoreClockUpdate
                0x000813c4      0x118 src/ASF/sam/utils/cmsis/sam3x/source/templates/system_sam3x.o
                0x000813c4                SystemCoreClockUpdate
 .text._sbrk    0x000814dc       0x38 src/ASF/sam/utils/syscalls/gcc/syscalls.o
                0x000814dc                _sbrk
 .text.__libc_init_array
                0x00081514       0x50 c:/program files (x86)/atmel/studio/7.0/toolchain/arm/arm-gnu-toolchain/bin/../lib/gcc/arm-none-eabi/6.3.1/../../../../arm-none-eabi/lib/thumb/v7-m\libc.a(lib_a-init.o)
                0x00081514                __libc_init_array
 .text.memset   0x00081564       0x9c c:/program files (x86)/atmel/studio/7.0/toolchain/arm/arm-gnu-toolchain/bin/../lib/gcc/arm-none-eabi/6.3.1/../../../../arm-none-eabi/lib/thumb/v7-m\libc.a(lib_a-memset.o)
                0x00081564                memset
 .text.sprintf  0x00081600       0x4c c:/program files (x86)/atmel/studio/7.0/toolchain/arm/arm-gnu-toolchain/bin/../lib/gcc/arm-none-eabi/6.3.1/../../../../arm-none-eabi/lib/thumb/v7-m\libc.a(lib_a-sprintf.o)
                0x00081600                sprintf
 .text.strlen   0x0008164c       0x5c c:/program files (x86)/atmel/studio/7.0/toolchain/arm/arm-gnu-toolchain/bin/../lib/gcc/arm-none-eabi/6.3.1/../../../../arm-none-eabi/lib/thumb/v7-m\libc.a(lib_a-strlen-stub.o)
                0x0008164c                strlen
 .text.strtok   0x000816a8       0x10 c:/program files (x86)/atmel/studio/7.0/toolchain/arm/arm-gnu-toolchain/bin/../lib/gcc/arm-none-eabi/6.3.1/../../../../arm-none-eabi/lib/thumb/v7-m\libc.a(lib_a-strtok.o)
                0x000816a8                strtok
 .text.__strtok_r
                0x000816b8       0x64 c:/program files (x86)/atmel/studio/7.0/toolchain/arm/arm-gnu-toolchain/bin/../lib/gcc/arm-none-eabi/6.3.1/../../../../arm-none-eabi/lib/thumb/v7-m\libc.a(lib_a-strtok_r.o)
                0x000816b8                __strtok_r
 .text._svfprintf_r
                0x0008171c     0x1500 c:/program files (x86)/atmel/studio/7.0/toolchain/arm/arm-gnu-toolchain/bin/../lib/gcc/arm-none-eabi/6.3.1/../../../../arm-none-eabi/lib/thumb/v7-m\libc.a(lib_a-svfprintf.o)
                0x0008171c                _svfprintf_r
 .text.startup.register_fini
                0x00082c1c       0x14 c:/program files (x86)/atmel/studio/7.0/toolchain/arm/arm-gnu-toolchain/bin/../lib/gcc/arm-none-eabi/6.3.1/../../../../arm-none-eabi/lib/thumb/v7-m\libc.a(lib_a-__call_atexit.o)
 .text.atexit   0x00082c30        0xc c:/program files (x86)/atmel/studio/7.0/toolchain/arm/arm-gnu-toolchain/bin/../lib/gcc/arm-none-eabi/6.3.1/../../../../arm-none-eabi/lib/thumb/v7-m\libc.a(lib_a-atexit.o)
                0x00082c30                atexit
 .text.quorem   0x00082c3c      0x128 c:/program files (x86)/atmel/studio/7.0/toolchain/arm/arm-gnu-toolchain/bin/../lib/gcc/arm-none-eabi/6.3.1/../../../../arm-none-eabi/lib/thumb/v7-m\libc.a(lib_a-dtoa.o)
 *fill*         0x00082d64        0x4 
 .text._dtoa_r  0x00082d68      0xe44 c:/program files (x86)/atmel/studio/7.0/toolchain/arm/arm-gnu-toolchain/bin/../lib/gcc/arm-none-eabi/6.3.1/../../../../arm-none-eabi/lib/thumb/v7-m\libc.a(lib_a-dtoa.o)
                0x00082d68                _dtoa_r
 .text.__libc_fini_array
                0x00083bac       0x34 c:/program files (x86)/atmel/studio/7.0/toolchain/arm/arm-gnu-toolchain/bin/../lib/gcc/arm-none-eabi/6.3.1/../../../../arm-none-eabi/lib/thumb/v7-m\libc.a(lib_a-fini.o)
                0x00083bac                __libc_fini_array
 .text._localeconv_r
                0x00083be0       0x1c c:/program files (x86)/atmel/studio/7.0/toolchain/arm/arm-gnu-toolchain/bin/../lib/gcc/arm-none-eabi/6.3.1/../../../../arm-none-eabi/lib/thumb/v7-m\libc.a(lib_a-localeconv.o)
                0x00083be0                _localeconv_r
 .text.__retarget_lock_acquire_recursive
                0x00083bfc        0x4 c:/program files (x86)/atmel/studio/7.0/toolchain/arm/arm-gnu-toolchain/bin/../lib/gcc/arm-none-eabi/6.3.1/../../../../arm-none-eabi/lib/thumb/v7-m\libc.a(lib_a-lock.o)
                0x00083bfc                __retarget_lock_acquire_recursive
 .text.__retarget_lock_release_recursive
                0x00083c00        0x4 c:/program files (x86)/atmel/studio/7.0/toolchain/arm/arm-gnu-toolchain/bin/../lib/gcc/arm-none-eabi/6.3.1/../../../../arm-none-eabi/lib/thumb/v7-m\libc.a(lib_a-lock.o)
                0x00083c00                __retarget_lock_release_recursive
 .text._malloc_r
                0x00083c04      0x544 c:/program files (x86)/atmel/studio/7.0/toolchain/arm/arm-gnu-toolchain/bin/../lib/gcc/arm-none-eabi/6.3.1/../../../../arm-none-eabi/lib/thumb/v7-m\libc.a(lib_a-mallocr.o)
                0x00083c04                _malloc_r
 .text.memchr   0x00084148       0x8c c:/program files (x86)/atmel/studio/7.0/toolchain/arm/arm-gnu-toolchain/bin/../lib/gcc/arm-none-eabi/6.3.1/../../../../arm-none-eabi/lib/thumb/v7-m\libc.a(lib_a-memchr-stub.o)
                0x00084148                memchr
 .text          0x000841d4       0xec c:/program files (x86)/atmel/studio/7.0/toolchain/arm/arm-gnu-toolchain/bin/../lib/gcc/arm-none-eabi/6.3.1/../../../../arm-none-eabi/lib/thumb/v7-m\libc.a(lib_a-memcpy.o)
                0x000841d4                memcpy
 .text.__malloc_lock
                0x000842c0        0xc c:/program files (x86)/atmel/studio/7.0/toolchain/arm/arm-gnu-toolchain/bin/../lib/gcc/arm-none-eabi/6.3.1/../../../../arm-none-eabi/lib/thumb/v7-m\libc.a(lib_a-mlock.o)
                0x000842c0                __malloc_lock
 .text.__malloc_unlock
                0x000842cc        0xc c:/program files (x86)/atmel/studio/7.0/toolchain/arm/arm-gnu-toolchain/bin/../lib/gcc/arm-none-eabi/6.3.1/../../../../arm-none-eabi/lib/thumb/v7-m\libc.a(lib_a-mlock.o)
                0x000842cc                __malloc_unlock
 .text._Balloc  0x000842d8       0x4c c:/program files (x86)/atmel/studio/7.0/toolchain/arm/arm-gnu-toolchain/bin/../lib/gcc/arm-none-eabi/6.3.1/../../../../arm-none-eabi/lib/thumb/v7-m\libc.a(lib_a-mprec.o)
                0x000842d8                _Balloc
 .text._Bfree   0x00084324       0x14 c:/program files (x86)/atmel/studio/7.0/toolchain/arm/arm-gnu-toolchain/bin/../lib/gcc/arm-none-eabi/6.3.1/../../../../arm-none-eabi/lib/thumb/v7-m\libc.a(lib_a-mprec.o)
                0x00084324                _Bfree
 .text.__multadd
                0x00084338       0x84 c:/program files (x86)/atmel/studio/7.0/toolchain/arm/arm-gnu-toolchain/bin/../lib/gcc/arm-none-eabi/6.3.1/../../../../arm-none-eabi/lib/thumb/v7-m\libc.a(lib_a-mprec.o)
                0x00084338                __multadd
 .text.__hi0bits
                0x000843bc       0x40 c:/program files (x86)/atmel/studio/7.0/toolchain/arm/arm-gnu-toolchain/bin/../lib/gcc/arm-none-eabi/6.3.1/../../../../arm-none-eabi/lib/thumb/v7-m\libc.a(lib_a-mprec.o)
                0x000843bc                __hi0bits
 .text.__lo0bits
                0x000843fc       0x60 c:/program files (x86)/atmel/studio/7.0/toolchain/arm/arm-gnu-toolchain/bin/../lib/gcc/arm-none-eabi/6.3.1/../../../../arm-none-eabi/lib/thumb/v7-m\libc.a(lib_a-mprec.o)
                0x000843fc                __lo0bits
 .text.__i2b    0x0008445c       0x14 c:/program files (x86)/atmel/studio/7.0/toolchain/arm/arm-gnu-toolchain/bin/../lib/gcc/arm-none-eabi/6.3.1/../../../../arm-none-eabi/lib/thumb/v7-m\libc.a(lib_a-mprec.o)
                0x0008445c                __i2b
 .text.__multiply
                0x00084470      0x124 c:/program files (x86)/atmel/studio/7.0/toolchain/arm/arm-gnu-toolchain/bin/../lib/gcc/arm-none-eabi/6.3.1/../../../../arm-none-eabi/lib/thumb/v7-m\libc.a(lib_a-mprec.o)
                0x00084470                __multiply
 .text.__pow5mult
                0x00084594       0xa0 c:/program files (x86)/atmel/studio/7.0/toolchain/arm/arm-gnu-toolchain/bin/../lib/gcc/arm-none-eabi/6.3.1/../../../../arm-none-eabi/lib/thumb/v7-m\libc.a(lib_a-mprec.o)
                0x00084594                __pow5mult
 .text.__lshift
                0x00084634       0xa0 c:/program files (x86)/atmel/studio/7.0/toolchain/arm/arm-gnu-toolchain/bin/../lib/gcc/arm-none-eabi/6.3.1/../../../../arm-none-eabi/lib/thumb/v7-m\libc.a(lib_a-mprec.o)
                0x00084634                __lshift
 .text.__mcmp   0x000846d4       0x38 c:/program files (x86)/atmel/studio/7.0/toolchain/arm/arm-gnu-toolchain/bin/../lib/gcc/arm-none-eabi/6.3.1/../../../../arm-none-eabi/lib/thumb/v7-m\libc.a(lib_a-mprec.o)
                0x000846d4                __mcmp
 .text.__mdiff  0x0008470c      0x11c c:/program files (x86)/atmel/studio/7.0/toolchain/arm/arm-gnu-toolchain/bin/../lib/gcc/arm-none-eabi/6.3.1/../../../../arm-none-eabi/lib/thumb/v7-m\libc.a(lib_a-mprec.o)
                0x0008470c                __mdiff
 .text.__d2b    0x00084828       0xa8 c:/program files (x86)/atmel/studio/7.0/toolchain/arm/arm-gnu-toolchain/bin/../lib/gcc/arm-none-eabi/6.3.1/../../../../arm-none-eabi/lib/thumb/v7-m\libc.a(lib_a-mprec.o)
                0x00084828                __d2b
 .text._sbrk_r  0x000848d0       0x24 c:/program files (x86)/atmel/studio/7.0/toolchain/arm/arm-gnu-toolchain/bin/../lib/gcc/arm-none-eabi/6.3.1/../../../../arm-none-eabi/lib/thumb/v7-m\libc.a(lib_a-sbrkr.o)
                0x000848d0                _sbrk_r
 .text.__ssprint_r
                0x000848f4       0xfc c:/program files (x86)/atmel/studio/7.0/toolchain/arm/arm-gnu-toolchain/bin/../lib/gcc/arm-none-eabi/6.3.1/../../../../arm-none-eabi/lib/thumb/v7-m\libc.a(lib_a-svfiprintf.o)
                0x000848f4                __ssprint_r
 .text.__register_exitproc
                0x000849f0       0xc4 c:/program files (x86)/atmel/studio/7.0/toolchain/arm/arm-gnu-toolchain/bin/../lib/gcc/arm-none-eabi/6.3.1/../../../../arm-none-eabi/lib/thumb/v7-m\libc.a(lib_a-__atexit.o)
                0x000849f0                __register_exitproc
 .text._calloc_r
                0x00084ab4       0x60 c:/program files (x86)/atmel/studio/7.0/toolchain/arm/arm-gnu-toolchain/bin/../lib/gcc/arm-none-eabi/6.3.1/../../../../arm-none-eabi/lib/thumb/v7-m\libc.a(lib_a-callocr.o)
                0x00084ab4                _calloc_r
 .text._malloc_trim_r
                0x00084b14       0xa0 c:/program files (x86)/atmel/studio/7.0/toolchain/arm/arm-gnu-toolchain/bin/../lib/gcc/arm-none-eabi/6.3.1/../../../../arm-none-eabi/lib/thumb/v7-m\libc.a(lib_a-freer.o)
                0x00084b14                _malloc_trim_r
 .text._free_r  0x00084bb4      0x1cc c:/program files (x86)/atmel/studio/7.0/toolchain/arm/arm-gnu-toolchain/bin/../lib/gcc/arm-none-eabi/6.3.1/../../../../arm-none-eabi/lib/thumb/v7-m\libc.a(lib_a-freer.o)
                0x00084bb4                _free_r
 .text.__ascii_mbtowc
                0x00084d80       0x2c c:/program files (x86)/atmel/studio/7.0/toolchain/arm/arm-gnu-toolchain/bin/../lib/gcc/arm-none-eabi/6.3.1/../../../../arm-none-eabi/lib/thumb/v7-m\libc.a(lib_a-mbtowc_r.o)
                0x00084d80                __ascii_mbtowc
 .text.memmove  0x00084dac       0xc8 c:/program files (x86)/atmel/studio/7.0/toolchain/arm/arm-gnu-toolchain/bin/../lib/gcc/arm-none-eabi/6.3.1/../../../../arm-none-eabi/lib/thumb/v7-m\libc.a(lib_a-memmove.o)
                0x00084dac                memmove
 .text._realloc_r
                0x00084e74      0x36c c:/program files (x86)/atmel/studio/7.0/toolchain/arm/arm-gnu-toolchain/bin/../lib/gcc/arm-none-eabi/6.3.1/../../../../arm-none-eabi/lib/thumb/v7-m\libc.a(lib_a-reallocr.o)
                0x00084e74                _realloc_r
 .text.__ascii_wctomb
                0x000851e0       0x18 c:/program files (x86)/atmel/studio/7.0/toolchain/arm/arm-gnu-toolchain/bin/../lib/gcc/arm-none-eabi/6.3.1/../../../../arm-none-eabi/lib/thumb/v7-m\libc.a(lib_a-wctomb_r.o)
                0x000851e0                __ascii_wctomb
 .text          0x000851f8      0x370 c:/program files (x86)/atmel/studio/7.0/toolchain/arm/arm-gnu-toolchain/bin/../lib/gcc/arm-none-eabi/6.3.1/thumb/v7-m\libgcc.a(_arm_addsubdf3.o)
                0x000851f8                __aeabi_drsub
                0x00085200                __aeabi_dsub
                0x00085200                __subdf3
                0x00085204                __aeabi_dadd
                0x00085204                __adddf3
                0x0008547c                __floatunsidf
                0x0008547c                __aeabi_ui2d
                0x0008549c                __floatsidf
                0x0008549c                __aeabi_i2d
                0x000854c0                __aeabi_f2d
                0x000854c0                __extendsfdf2
                0x000854fc                __floatundidf
                0x000854fc                __aeabi_ul2d
                0x0008550c                __floatdidf
                0x0008550c                __aeabi_l2d
 .text          0x00085568      0x424 c:/program files (x86)/atmel/studio/7.0/toolchain/arm/arm-gnu-toolchain/bin/../lib/gcc/arm-none-eabi/6.3.1/thumb/v7-m\libgcc.a(_arm_muldivdf3.o)
                0x00085568                __aeabi_dmul
                0x00085568                __muldf3
                0x000857bc                __divdf3
                0x000857bc                __aeabi_ddiv
 .text          0x0008598c      0x110 c:/program files (x86)/atmel/studio/7.0/toolchain/arm/arm-gnu-toolchain/bin/../lib/gcc/arm-none-eabi/6.3.1/thumb/v7-m\libgcc.a(_arm_cmpdf2.o)
                0x0008598c                __gtdf2
                0x0008598c                __gedf2
                0x00085994                __ltdf2
                0x00085994                __ledf2
                0x0008599c                __nedf2
                0x0008599c                __eqdf2
                0x0008599c                __cmpdf2
                0x00085a18                __aeabi_cdrcmple
                0x00085a28                __aeabi_cdcmpeq
                0x00085a28                __aeabi_cdcmple
                0x00085a38                __aeabi_dcmpeq
                0x00085a4c                __aeabi_dcmplt
                0x00085a60                __aeabi_dcmple
                0x00085a74                __aeabi_dcmpge
                0x00085a88                __aeabi_dcmpgt
 .text          0x00085a9c       0x2c c:/program files (x86)/atmel/studio/7.0/toolchain/arm/arm-gnu-toolchain/bin/../lib/gcc/arm-none-eabi/6.3.1/thumb/v7-m\libgcc.a(_arm_unorddf2.o)
                0x00085a9c                __unorddf2
                0x00085a9c                __aeabi_dcmpun
 .text          0x00085ac8       0x50 c:/program files (x86)/atmel/studio/7.0/toolchain/arm/arm-gnu-toolchain/bin/../lib/gcc/arm-none-eabi/6.3.1/thumb/v7-m\libgcc.a(_arm_fixdfsi.o)
                0x00085ac8                __aeabi_d2iz
                0x00085ac8                __fixdfsi
 .text          0x00085b18       0x30 c:/program files (x86)/atmel/studio/7.0/toolchain/arm/arm-gnu-toolchain/bin/../lib/gcc/arm-none-eabi/6.3.1/thumb/v7-m\libgcc.a(_aeabi_uldivmod.o)
                0x00085b18                __aeabi_uldivmod
 .text          0x00085b48      0x2dc c:/program files (x86)/atmel/studio/7.0/toolchain/arm/arm-gnu-toolchain/bin/../lib/gcc/arm-none-eabi/6.3.1/thumb/v7-m\libgcc.a(_udivmoddi4.o)
                0x00085b48                __udivmoddi4
 .text          0x00085e24        0x4 c:/program files (x86)/atmel/studio/7.0/toolchain/arm/arm-gnu-toolchain/bin/../lib/gcc/arm-none-eabi/6.3.1/thumb/v7-m\libgcc.a(_dvmd_tls.o)
                0x00085e24                __aeabi_idiv0
                0x00085e24                __aeabi_ldiv0
 *(.glue_7t)
 .glue_7t       0x00085e28        0x0 linker stubs
 *(.glue_7)
 .glue_7        0x00085e28        0x0 linker stubs
 *(.rodata .rodata* .gnu.linkonce.r.*)
 .rodata.Shell.str1.4
                0x00085e28       0x26 src/Kernel/shell.o
                                 0x2a (size before relaxing)
 *fill*         0x00085e4e        0x2 
 .rodata.flashSequ
                0x00085e50       0x14 src/Kernel/shell.o
                0x00085e50                flashSequ
 .rodata._cmdEntries
                0x00085e64       0x10 src/Kernel/shellcmd.o
                0x00085e64                _cmdEntries
 .rodata.usart_console_settings
                0x00085e74       0x18 src/Kernel/shellcom.o
                0x00085e74                usart_console_settings
 .rodata.Appli.str1.4
                0x00085e8c       0x5f src/Sources files/appli.o
 *fill*         0x00085eeb        0x1 
 .rodata.Lcd.str1.4
                0x00085eec        0xb src/Sources files/LCD.o
 *fill*         0x00085ef7        0x1 
 .rodata.line2addr
                0x00085ef8        0x4 src/Sources files/LCD.o
                0x00085ef8                line2addr
 .rodata.main.str1.4
                0x00085efc       0x1d src/Sources files/main.o
 *fill*         0x00085f19        0x3 
 .rodata._global_impure_ptr
                0x00085f1c        0x4 c:/program files (x86)/atmel/studio/7.0/toolchain/arm/arm-gnu-toolchain/bin/../lib/gcc/arm-none-eabi/6.3.1/../../../../arm-none-eabi/lib/thumb/v7-m\libc.a(lib_a-impure.o)
                0x00085f1c                _global_impure_ptr
 .rodata._svfprintf_r.str1.4
                0x00085f20       0x3f c:/program files (x86)/atmel/studio/7.0/toolchain/arm/arm-gnu-toolchain/bin/../lib/gcc/arm-none-eabi/6.3.1/../../../../arm-none-eabi/lib/thumb/v7-m\libc.a(lib_a-svfprintf.o)
                                 0x42 (size before relaxing)
 *fill*         0x00085f5f        0x1 
 .rodata.blanks.7223
                0x00085f60       0x10 c:/program files (x86)/atmel/studio/7.0/toolchain/arm/arm-gnu-toolchain/bin/../lib/gcc/arm-none-eabi/6.3.1/../../../../arm-none-eabi/lib/thumb/v7-m\libc.a(lib_a-svfprintf.o)
 .rodata.zeroes.7224
                0x00085f70       0x10 c:/program files (x86)/atmel/studio/7.0/toolchain/arm/arm-gnu-toolchain/bin/../lib/gcc/arm-none-eabi/6.3.1/../../../../arm-none-eabi/lib/thumb/v7-m\libc.a(lib_a-svfprintf.o)
 .rodata._dtoa_r.str1.4
                0x00085f80       0x10 c:/program files (x86)/atmel/studio/7.0/toolchain/arm/arm-gnu-toolchain/bin/../lib/gcc/arm-none-eabi/6.3.1/../../../../arm-none-eabi/lib/thumb/v7-m\libc.a(lib_a-dtoa.o)
                                 0x12 (size before relaxing)
 .rodata.__mprec_bigtens
                0x00085f90       0x28 c:/program files (x86)/atmel/studio/7.0/toolchain/arm/arm-gnu-toolchain/bin/../lib/gcc/arm-none-eabi/6.3.1/../../../../arm-none-eabi/lib/thumb/v7-m\libc.a(lib_a-mprec.o)
                0x00085f90                __mprec_bigtens
 .rodata.__mprec_tens
                0x00085fb8       0xc8 c:/program files (x86)/atmel/studio/7.0/toolchain/arm/arm-gnu-toolchain/bin/../lib/gcc/arm-none-eabi/6.3.1/../../../../arm-none-eabi/lib/thumb/v7-m\libc.a(lib_a-mprec.o)
                0x00085fb8                __mprec_tens
 .rodata.p05.6055
                0x00086080        0xc c:/program files (x86)/atmel/studio/7.0/toolchain/arm/arm-gnu-toolchain/bin/../lib/gcc/arm-none-eabi/6.3.1/../../../../arm-none-eabi/lib/thumb/v7-m\libc.a(lib_a-mprec.o)
 .rodata._setlocale_r.str1.4
                0x0008608c        0xa c:/program files (x86)/atmel/studio/7.0/toolchain/arm/arm-gnu-toolchain/bin/../lib/gcc/arm-none-eabi/6.3.1/../../../../arm-none-eabi/lib/thumb/v7-m\libc.a(lib_a-locale.o)
                                  0xd (size before relaxing)
 *fill*         0x00086096        0x2 
 .rodata.str1.4
                0x00086098        0x4 c:/program files (x86)/atmel/studio/7.0/toolchain/arm/arm-gnu-toolchain/bin/../lib/gcc/arm-none-eabi/6.3.1/../../../../arm-none-eabi/lib/thumb/v7-m\libc.a(lib_a-locale.o)
                                  0x2 (size before relaxing)
 .rodata._ctype_
                0x0008609c      0x101 c:/program files (x86)/atmel/studio/7.0/toolchain/arm/arm-gnu-toolchain/bin/../lib/gcc/arm-none-eabi/6.3.1/../../../../arm-none-eabi/lib/thumb/v7-m\libc.a(lib_a-ctype_.o)
                0x0008609c                _ctype_
 *(.ARM.extab* .gnu.linkonce.armextab.*)
                0x000861a0                . = ALIGN (0x4)
 *fill*         0x0008619d        0x3 
 *(.init)
 .init          0x000861a0        0x4 c:/program files (x86)/atmel/studio/7.0/toolchain/arm/arm-gnu-toolchain/bin/../lib/gcc/arm-none-eabi/6.3.1/thumb/v7-m/crti.o
                0x000861a0                _init
 .init          0x000861a4        0x8 c:/program files (x86)/atmel/studio/7.0/toolchain/arm/arm-gnu-toolchain/bin/../lib/gcc/arm-none-eabi/6.3.1/thumb/v7-m/crtn.o
                0x000861ac                . = ALIGN (0x4)
                0x000861ac                __preinit_array_start = .
 *(.preinit_array)
                0x000861ac                __preinit_array_end = .
                0x000861ac                . = ALIGN (0x4)
                0x000861ac                __init_array_start = .
 *(SORT(.init_array.*))
 .init_array.00000
                0x000861ac        0x4 c:/program files (x86)/atmel/studio/7.0/toolchain/arm/arm-gnu-toolchain/bin/../lib/gcc/arm-none-eabi/6.3.1/../../../../arm-none-eabi/lib/thumb/v7-m\libc.a(lib_a-__call_atexit.o)
 *(.init_array)
 .init_array    0x000861b0        0x4 c:/program files (x86)/atmel/studio/7.0/toolchain/arm/arm-gnu-toolchain/bin/../lib/gcc/arm-none-eabi/6.3.1/thumb/v7-m/crtbegin.o
                0x000861b4                __init_array_end = .
                0x000861b4                . = ALIGN (0x4)
 *crtbegin.o(.ctors)
 *(EXCLUDE_FILE(*crtend.o) .ctors)
 *(SORT(.ctors.*))
 *crtend.o(.ctors)
                0x000861b4                . = ALIGN (0x4)
 *(.fini)
 .fini          0x000861b4        0x4 c:/program files (x86)/atmel/studio/7.0/toolchain/arm/arm-gnu-toolchain/bin/../lib/gcc/arm-none-eabi/6.3.1/thumb/v7-m/crti.o
                0x000861b4                _fini
 .fini          0x000861b8        0x8 c:/program files (x86)/atmel/studio/7.0/toolchain/arm/arm-gnu-toolchain/bin/../lib/gcc/arm-none-eabi/6.3.1/thumb/v7-m/crtn.o
                0x000861c0                . = ALIGN (0x4)
                0x000861c0                __fini_array_start = .
 *(.fini_array)
 .fini_array    0x000861c0        0x4 c:/program files (x86)/atmel/studio/7.0/toolchain/arm/arm-gnu-toolchain/bin/../lib/gcc/arm-none-eabi/6.3.1/thumb/v7-m/crtbegin.o
 *(SORT(.fini_array.*))
                0x000861c4                __fini_array_end = .
 *crtbegin.o(.dtors)
 *(EXCLUDE_FILE(*crtend.o) .dtors)
 *(SORT(.dtors.*))
 *crtend.o(.dtors)
                0x000861c4                . = ALIGN (0x4)
                0x000861c4                _efixed = .
                [!provide]                PROVIDE (__exidx_start, .)

.vfp11_veneer   0x000861c4        0x0
 .vfp11_veneer  0x000861c4        0x0 linker stubs

.v4_bx          0x000861c4        0x0
 .v4_bx         0x000861c4        0x0 linker stubs

.iplt           0x000861c4        0x0
 .iplt          0x000861c4        0x0 c:/program files (x86)/atmel/studio/7.0/toolchain/arm/arm-gnu-toolchain/bin/../lib/gcc/arm-none-eabi/6.3.1/thumb/v7-m/crtbegin.o

.ARM.exidx      0x000861c4        0x8
 *(.ARM.exidx* .gnu.linkonce.armexidx.*)
 .ARM.exidx     0x000861c4        0x8 c:/program files (x86)/atmel/studio/7.0/toolchain/arm/arm-gnu-toolchain/bin/../lib/gcc/arm-none-eabi/6.3.1/thumb/v7-m\libgcc.a(_udivmoddi4.o)
                [!provide]                PROVIDE (__exidx_end, .)

.eh_frame       0x000861cc        0x0
 .eh_frame      0x000861cc        0x0 c:/program files (x86)/atmel/studio/7.0/toolchain/arm/arm-gnu-toolchain/bin/../lib/gcc/arm-none-eabi/6.3.1/thumb/v7-m/crtbegin.o

.rel.dyn        0x000861cc        0x0
 .rel.iplt      0x000861cc        0x0 c:/program files (x86)/atmel/studio/7.0/toolchain/arm/arm-gnu-toolchain/bin/../lib/gcc/arm-none-eabi/6.3.1/thumb/v7-m/crtbegin.o

.jcr            0x000861cc        0x0
 .jcr           0x000861cc        0x0 c:/program files (x86)/atmel/studio/7.0/toolchain/arm/arm-gnu-toolchain/bin/../lib/gcc/arm-none-eabi/6.3.1/thumb/v7-m/crtbegin.o

.igot.plt       0x000861cc        0x0
 .igot.plt      0x000861cc        0x0 c:/program files (x86)/atmel/studio/7.0/toolchain/arm/arm-gnu-toolchain/bin/../lib/gcc/arm-none-eabi/6.3.1/thumb/v7-m/crtbegin.o
                0x000861cc                . = ALIGN (0x4)
                0x000861cc                _etext = .

.relocate       0x20070000      0xef0 load address 0x000861cc
                0x20070000                . = ALIGN (0x4)
                0x20070000                _srelocate = .
 *(.ramfunc .ramfunc.*)
 .ramfunc       0x20070000        0xa src/ASF/common/services/delay/sam/cycle_counter.o
                0x20070000                portable_delay_cycles
 *fill*         0x2007000a        0x2 
 .ramfunc       0x2007000c      0x12c src/ASF/sam/utils/cmsis/sam3x/source/templates/system_sam3x.o
                0x2007000c                SystemInit
                0x200700b0                system_init_flash
 *(.data .data.*)
 .data.wCRCTable
                0x20070138      0x400 src/Kernel/CRC16MODBUS.o
                0x20070138                wCRCTable
 .data.pErrorFunc
                0x20070538        0x4 src/Kernel/error.o
                0x20070538                pErrorFunc
 .data.g_interrupt_enabled
                0x2007053c        0x1 src/ASF/common/utils/interrupt/interrupt_sam_nvic.o
                0x2007053c                g_interrupt_enabled
 *fill*         0x2007053d        0x3 
 .data.SystemCoreClock
                0x20070540        0x4 src/ASF/sam/utils/cmsis/sam3x/source/templates/system_sam3x.o
                0x20070540                SystemCoreClock
 .data._impure_ptr
                0x20070544        0x4 c:/program files (x86)/atmel/studio/7.0/toolchain/arm/arm-gnu-toolchain/bin/../lib/gcc/arm-none-eabi/6.3.1/../../../../arm-none-eabi/lib/thumb/v7-m\libc.a(lib_a-impure.o)
                0x20070544                _impure_ptr
 .data.impure_data
                0x20070548      0x428 c:/program files (x86)/atmel/studio/7.0/toolchain/arm/arm-gnu-toolchain/bin/../lib/gcc/arm-none-eabi/6.3.1/../../../../arm-none-eabi/lib/thumb/v7-m\libc.a(lib_a-impure.o)
 .data.__atexit_recursive_mutex
                0x20070970        0x4 c:/program files (x86)/atmel/studio/7.0/toolchain/arm/arm-gnu-toolchain/bin/../lib/gcc/arm-none-eabi/6.3.1/../../../../arm-none-eabi/lib/thumb/v7-m\libc.a(lib_a-__call_atexit.o)
                0x20070970                __atexit_recursive_mutex
 .data.__malloc_av_
                0x20070974      0x408 c:/program files (x86)/atmel/studio/7.0/toolchain/arm/arm-gnu-toolchain/bin/../lib/gcc/arm-none-eabi/6.3.1/../../../../arm-none-eabi/lib/thumb/v7-m\libc.a(lib_a-mallocr.o)
                0x20070974                __malloc_av_
 .data.__malloc_sbrk_base
                0x20070d7c        0x4 c:/program files (x86)/atmel/studio/7.0/toolchain/arm/arm-gnu-toolchain/bin/../lib/gcc/arm-none-eabi/6.3.1/../../../../arm-none-eabi/lib/thumb/v7-m\libc.a(lib_a-mallocr.o)
                0x20070d7c                __malloc_sbrk_base
 .data.__malloc_trim_threshold
                0x20070d80        0x4 c:/program files (x86)/atmel/studio/7.0/toolchain/arm/arm-gnu-toolchain/bin/../lib/gcc/arm-none-eabi/6.3.1/../../../../arm-none-eabi/lib/thumb/v7-m\libc.a(lib_a-mallocr.o)
                0x20070d80                __malloc_trim_threshold
 .data.__global_locale
                0x20070d84      0x16c c:/program files (x86)/atmel/studio/7.0/toolchain/arm/arm-gnu-toolchain/bin/../lib/gcc/arm-none-eabi/6.3.1/../../../../arm-none-eabi/lib/thumb/v7-m\libc.a(lib_a-locale.o)
                0x20070d84                __global_locale
                0x20070ef0                . = ALIGN (0x4)
                0x20070ef0                _erelocate = .

.bss            0x20070ef0      0x56c load address 0x000870bc
                0x20070ef0                . = ALIGN (0x4)
                0x20070ef0                _sbss = .
                0x20070ef0                _szero = .
 *(.bss .bss.*)
 .bss           0x20070ef0       0x1c c:/program files (x86)/atmel/studio/7.0/toolchain/arm/arm-gnu-toolchain/bin/../lib/gcc/arm-none-eabi/6.3.1/thumb/v7-m/crtbegin.o
 .bss.ul_reg_val.7386
                0x20070f0c        0x4 src/ASF/sam/drivers/usart/usart.o
 .bss.cpu_irq_critical_section_counter
                0x20070f10        0x4 src/ASF/common/utils/interrupt/interrupt_sam_nvic.o
 .bss.cpu_irq_prev_interrupt_state
                0x20070f14        0x1 src/ASF/common/utils/interrupt/interrupt_sam_nvic.o
 *fill*         0x20070f15        0x3 
 .bss.gs_interrupt_sources
                0x20070f18       0x70 src/ASF/sam/drivers/pio/pio_handler.o
 .bss.heap.5297
                0x20070f88        0x4 src/ASF/sam/utils/syscalls/gcc/syscalls.o
 .bss.__malloc_current_mallinfo
                0x20070f8c       0x28 c:/program files (x86)/atmel/studio/7.0/toolchain/arm/arm-gnu-toolchain/bin/../lib/gcc/arm-none-eabi/6.3.1/../../../../arm-none-eabi/lib/thumb/v7-m\libc.a(lib_a-mallocr.o)
                0x20070f8c                __malloc_current_mallinfo
 .bss.__malloc_max_sbrked_mem
                0x20070fb4        0x4 c:/program files (x86)/atmel/studio/7.0/toolchain/arm/arm-gnu-toolchain/bin/../lib/gcc/arm-none-eabi/6.3.1/../../../../arm-none-eabi/lib/thumb/v7-m\libc.a(lib_a-mallocr.o)
                0x20070fb4                __malloc_max_sbrked_mem
 .bss.__malloc_max_total_mem
                0x20070fb8        0x4 c:/program files (x86)/atmel/studio/7.0/toolchain/arm/arm-gnu-toolchain/bin/../lib/gcc/arm-none-eabi/6.3.1/../../../../arm-none-eabi/lib/thumb/v7-m\libc.a(lib_a-mallocr.o)
                0x20070fb8                __malloc_max_total_mem
 .bss.__malloc_top_pad
                0x20070fbc        0x4 c:/program files (x86)/atmel/studio/7.0/toolchain/arm/arm-gnu-toolchain/bin/../lib/gcc/arm-none-eabi/6.3.1/../../../../arm-none-eabi/lib/thumb/v7-m\libc.a(lib_a-mallocr.o)
                0x20070fbc                __malloc_top_pad
 *(COMMON)
 COMMON         0x20070fc0      0x124 src/Kernel/shell.o
                0x20070fc0                shell
                0x20070fd4                shellBuf
                0x200710d4                shellEscSeq
 COMMON         0x200710e4      0x108 src/Kernel/shellcom.o
                0x200710e4                shellcom
                0x200710ec                shellcomTxBuf
 COMMON         0x200711ec      0x148 src/Kernel/taskman.o
                0x200711ec                tasks
                0x2007128c                taskman
                0x20071294                dTasks
 COMMON         0x20071334      0x100 src/Sources files/main.o
                0x20071334                buf
 COMMON         0x20071434       0x21 c:/program files (x86)/atmel/studio/7.0/toolchain/arm/arm-gnu-toolchain/bin/../lib/gcc/arm-none-eabi/6.3.1/../../../../arm-none-eabi/lib/thumb/v7-m\libc.a(lib_a-lock.o)
                0x20071434                __lock___atexit_recursive_mutex
                0x20071438                __lock___arc4random_mutex
                0x2007143c                __lock___env_recursive_mutex
                0x20071440                __lock___sinit_recursive_mutex
                0x20071444                __lock___malloc_recursive_mutex
                0x20071448                __lock___at_quick_exit_mutex
                0x2007144c                __lock___dd_hash_mutex
                0x20071450                __lock___tz_mutex
                0x20071454                __lock___sfp_recursive_mutex
 *fill*         0x20071455        0x3 
 COMMON         0x20071458        0x4 c:/program files (x86)/atmel/studio/7.0/toolchain/arm/arm-gnu-toolchain/bin/../lib/gcc/arm-none-eabi/6.3.1/../../../../arm-none-eabi/lib/thumb/v7-m\libc.a(lib_a-reent.o)
                0x20071458                errno
                0x2007145c                . = ALIGN (0x4)
                0x2007145c                _ebss = .
                0x2007145c                _ezero = .

.stack          0x2007145c     0x2004 load address 0x00087628
                0x20071460                . = ALIGN (0x8)
 *fill*         0x2007145c        0x4 
                0x20071460                _sstack = .
                0x20073460                . = (. + __stack_size__)
 *fill*         0x20071460     0x2000 
                0x20073460                . = ALIGN (0x8)
                0x20073460                _estack = .
                0x20073460                . = ALIGN (0x4)
                0x20073460                _end = .
OUTPUT(Noyau.elf elf32-littlearm)

.ARM.attributes
                0x00000000       0x29
 .ARM.attributes
                0x00000000       0x1d c:/program files (x86)/atmel/studio/7.0/toolchain/arm/arm-gnu-toolchain/bin/../lib/gcc/arm-none-eabi/6.3.1/thumb/v7-m/crti.o
 .ARM.attributes
                0x0000001d       0x2d c:/program files (x86)/atmel/studio/7.0/toolchain/arm/arm-gnu-toolchain/bin/../lib/gcc/arm-none-eabi/6.3.1/thumb/v7-m/crtbegin.o
 .ARM.attributes
                0x0000004a       0x33 src/ASF/sam/drivers/tc/tc.o
 .ARM.attributes
                0x0000007d       0x33 src/ASF/sam/drivers/usart/usart.o
 .ARM.attributes
                0x000000b0       0x33 src/Kernel/CRC16MODBUS.o
 .ARM.attributes
                0x000000e3       0x33 src/Kernel/error.o
 .ARM.attributes
                0x00000116       0x33 src/Kernel/shell.o
 .ARM.attributes
                0x00000149       0x33 src/Kernel/shellcmd.o
 .ARM.attributes
                0x0000017c       0x33 src/Kernel/shellcom.o
 .ARM.attributes
                0x000001af       0x33 src/Kernel/taskman.o
 .ARM.attributes
                0x000001e2       0x33 src/Sources files/appli.o
 .ARM.attributes
                0x00000215       0x33 src/Sources files/LCD.o
 .ARM.attributes
                0x00000248       0x33 src/Sources files/main.o
 .ARM.attributes
                0x0000027b       0x33 src/ASF/common/services/delay/sam/cycle_counter.o
 .ARM.attributes
                0x000002ae       0x33 src/ASF/common/services/clock/sam3x/sysclk.o
 .ARM.attributes
                0x000002e1       0x33 src/ASF/common/utils/interrupt/interrupt_sam_nvic.o
 .ARM.attributes
                0x00000314       0x33 src/ASF/sam/boards/arduino_due_x/init.o
 .ARM.attributes
                0x00000347       0x33 src/ASF/sam/drivers/pio/pio.o
 .ARM.attributes
                0x0000037a       0x33 src/ASF/sam/drivers/pio/pio_handler.o
 .ARM.attributes
                0x000003ad       0x33 src/ASF/sam/drivers/pmc/pmc.o
 .ARM.attributes
                0x000003e0       0x33 src/ASF/sam/utils/cmsis/sam3x/source/templates/exceptions.o
 .ARM.attributes
                0x00000413       0x33 src/ASF/sam/utils/cmsis/sam3x/source/templates/gcc/startup_sam3x.o
 .ARM.attributes
                0x00000446       0x33 src/ASF/sam/utils/cmsis/sam3x/source/templates/system_sam3x.o
 .ARM.attributes
                0x00000479       0x33 src/ASF/sam/utils/syscalls/gcc/syscalls.o
 .ARM.attributes
                0x000004ac       0x2d c:/program files (x86)/atmel/studio/7.0/toolchain/arm/arm-gnu-toolchain/bin/../lib/gcc/arm-none-eabi/6.3.1/../../../../arm-none-eabi/lib/thumb/v7-m\libc.a(lib_a-impure.o)
 .ARM.attributes
                0x000004d9       0x2d c:/program files (x86)/atmel/studio/7.0/toolchain/arm/arm-gnu-toolchain/bin/../lib/gcc/arm-none-eabi/6.3.1/../../../../arm-none-eabi/lib/thumb/v7-m\libc.a(lib_a-init.o)
 .ARM.attributes
                0x00000506       0x2d c:/program files (x86)/atmel/studio/7.0/toolchain/arm/arm-gnu-toolchain/bin/../lib/gcc/arm-none-eabi/6.3.1/../../../../arm-none-eabi/lib/thumb/v7-m\libc.a(lib_a-memset.o)
 .ARM.attributes
                0x00000533       0x2d c:/program files (x86)/atmel/studio/7.0/toolchain/arm/arm-gnu-toolchain/bin/../lib/gcc/arm-none-eabi/6.3.1/../../../../arm-none-eabi/lib/thumb/v7-m\libc.a(lib_a-sprintf.o)
 .ARM.attributes
                0x00000560       0x2d c:/program files (x86)/atmel/studio/7.0/toolchain/arm/arm-gnu-toolchain/bin/../lib/gcc/arm-none-eabi/6.3.1/../../../../arm-none-eabi/lib/thumb/v7-m\libc.a(lib_a-strlen-stub.o)
 .ARM.attributes
                0x0000058d       0x2d c:/program files (x86)/atmel/studio/7.0/toolchain/arm/arm-gnu-toolchain/bin/../lib/gcc/arm-none-eabi/6.3.1/../../../../arm-none-eabi/lib/thumb/v7-m\libc.a(lib_a-strtok.o)
 .ARM.attributes
                0x000005ba       0x2d c:/program files (x86)/atmel/studio/7.0/toolchain/arm/arm-gnu-toolchain/bin/../lib/gcc/arm-none-eabi/6.3.1/../../../../arm-none-eabi/lib/thumb/v7-m\libc.a(lib_a-strtok_r.o)
 .ARM.attributes
                0x000005e7       0x2d c:/program files (x86)/atmel/studio/7.0/toolchain/arm/arm-gnu-toolchain/bin/../lib/gcc/arm-none-eabi/6.3.1/../../../../arm-none-eabi/lib/thumb/v7-m\libc.a(lib_a-svfprintf.o)
 .ARM.attributes
                0x00000614       0x2d c:/program files (x86)/atmel/studio/7.0/toolchain/arm/arm-gnu-toolchain/bin/../lib/gcc/arm-none-eabi/6.3.1/../../../../arm-none-eabi/lib/thumb/v7-m\libc.a(lib_a-__call_atexit.o)
 .ARM.attributes
                0x00000641       0x2d c:/program files (x86)/atmel/studio/7.0/toolchain/arm/arm-gnu-toolchain/bin/../lib/gcc/arm-none-eabi/6.3.1/../../../../arm-none-eabi/lib/thumb/v7-m\libc.a(lib_a-atexit.o)
 .ARM.attributes
                0x0000066e       0x2d c:/program files (x86)/atmel/studio/7.0/toolchain/arm/arm-gnu-toolchain/bin/../lib/gcc/arm-none-eabi/6.3.1/../../../../arm-none-eabi/lib/thumb/v7-m\libc.a(lib_a-dtoa.o)
 .ARM.attributes
                0x0000069b       0x2d c:/program files (x86)/atmel/studio/7.0/toolchain/arm/arm-gnu-toolchain/bin/../lib/gcc/arm-none-eabi/6.3.1/../../../../arm-none-eabi/lib/thumb/v7-m\libc.a(lib_a-fini.o)
 .ARM.attributes
                0x000006c8       0x2d c:/program files (x86)/atmel/studio/7.0/toolchain/arm/arm-gnu-toolchain/bin/../lib/gcc/arm-none-eabi/6.3.1/../../../../arm-none-eabi/lib/thumb/v7-m\libc.a(lib_a-localeconv.o)
 .ARM.attributes
                0x000006f5       0x2d c:/program files (x86)/atmel/studio/7.0/toolchain/arm/arm-gnu-toolchain/bin/../lib/gcc/arm-none-eabi/6.3.1/../../../../arm-none-eabi/lib/thumb/v7-m\libc.a(lib_a-lock.o)
 .ARM.attributes
                0x00000722       0x2d c:/program files (x86)/atmel/studio/7.0/toolchain/arm/arm-gnu-toolchain/bin/../lib/gcc/arm-none-eabi/6.3.1/../../../../arm-none-eabi/lib/thumb/v7-m\libc.a(lib_a-mallocr.o)
 .ARM.attributes
                0x0000074f       0x2d c:/program files (x86)/atmel/studio/7.0/toolchain/arm/arm-gnu-toolchain/bin/../lib/gcc/arm-none-eabi/6.3.1/../../../../arm-none-eabi/lib/thumb/v7-m\libc.a(lib_a-memchr-stub.o)
 .ARM.attributes
                0x0000077c       0x1b c:/program files (x86)/atmel/studio/7.0/toolchain/arm/arm-gnu-toolchain/bin/../lib/gcc/arm-none-eabi/6.3.1/../../../../arm-none-eabi/lib/thumb/v7-m\libc.a(lib_a-memcpy.o)
 .ARM.attributes
                0x00000797       0x2d c:/program files (x86)/atmel/studio/7.0/toolchain/arm/arm-gnu-toolchain/bin/../lib/gcc/arm-none-eabi/6.3.1/../../../../arm-none-eabi/lib/thumb/v7-m\libc.a(lib_a-mlock.o)
 .ARM.attributes
                0x000007c4       0x2d c:/program files (x86)/atmel/studio/7.0/toolchain/arm/arm-gnu-toolchain/bin/../lib/gcc/arm-none-eabi/6.3.1/../../../../arm-none-eabi/lib/thumb/v7-m\libc.a(lib_a-mprec.o)
 .ARM.attributes
                0x000007f1       0x2d c:/program files (x86)/atmel/studio/7.0/toolchain/arm/arm-gnu-toolchain/bin/../lib/gcc/arm-none-eabi/6.3.1/../../../../arm-none-eabi/lib/thumb/v7-m\libc.a(lib_a-sbrkr.o)
 .ARM.attributes
                0x0000081e       0x2d c:/program files (x86)/atmel/studio/7.0/toolchain/arm/arm-gnu-toolchain/bin/../lib/gcc/arm-none-eabi/6.3.1/../../../../arm-none-eabi/lib/thumb/v7-m\libc.a(lib_a-svfiprintf.o)
 .ARM.attributes
                0x0000084b       0x2d c:/program files (x86)/atmel/studio/7.0/toolchain/arm/arm-gnu-toolchain/bin/../lib/gcc/arm-none-eabi/6.3.1/../../../../arm-none-eabi/lib/thumb/v7-m\libc.a(lib_a-__atexit.o)
 .ARM.attributes
                0x00000878       0x2d c:/program files (x86)/atmel/studio/7.0/toolchain/arm/arm-gnu-toolchain/bin/../lib/gcc/arm-none-eabi/6.3.1/../../../../arm-none-eabi/lib/thumb/v7-m\libc.a(lib_a-callocr.o)
 .ARM.attributes
                0x000008a5       0x2d c:/program files (x86)/atmel/studio/7.0/toolchain/arm/arm-gnu-toolchain/bin/../lib/gcc/arm-none-eabi/6.3.1/../../../../arm-none-eabi/lib/thumb/v7-m\libc.a(lib_a-freer.o)
 .ARM.attributes
                0x000008d2       0x2d c:/program files (x86)/atmel/studio/7.0/toolchain/arm/arm-gnu-toolchain/bin/../lib/gcc/arm-none-eabi/6.3.1/../../../../arm-none-eabi/lib/thumb/v7-m\libc.a(lib_a-locale.o)
 .ARM.attributes
                0x000008ff       0x2d c:/program files (x86)/atmel/studio/7.0/toolchain/arm/arm-gnu-toolchain/bin/../lib/gcc/arm-none-eabi/6.3.1/../../../../arm-none-eabi/lib/thumb/v7-m\libc.a(lib_a-mbtowc_r.o)
 .ARM.attributes
                0x0000092c       0x2d c:/program files (x86)/atmel/studio/7.0/toolchain/arm/arm-gnu-toolchain/bin/../lib/gcc/arm-none-eabi/6.3.1/../../../../arm-none-eabi/lib/thumb/v7-m\libc.a(lib_a-memmove.o)
 .ARM.attributes
                0x00000959       0x2d c:/program files (x86)/atmel/studio/7.0/toolchain/arm/arm-gnu-toolchain/bin/../lib/gcc/arm-none-eabi/6.3.1/../../../../arm-none-eabi/lib/thumb/v7-m\libc.a(lib_a-reallocr.o)
 .ARM.attributes
                0x00000986       0x2d c:/program files (x86)/atmel/studio/7.0/toolchain/arm/arm-gnu-toolchain/bin/../lib/gcc/arm-none-eabi/6.3.1/../../../../arm-none-eabi/lib/thumb/v7-m\libc.a(lib_a-reent.o)
 .ARM.attributes
                0x000009b3       0x2d c:/program files (x86)/atmel/studio/7.0/toolchain/arm/arm-gnu-toolchain/bin/../lib/gcc/arm-none-eabi/6.3.1/../../../../arm-none-eabi/lib/thumb/v7-m\libc.a(lib_a-wctomb_r.o)
 .ARM.attributes
                0x000009e0       0x2d c:/program files (x86)/atmel/studio/7.0/toolchain/arm/arm-gnu-toolchain/bin/../lib/gcc/arm-none-eabi/6.3.1/../../../../arm-none-eabi/lib/thumb/v7-m\libc.a(lib_a-ctype_.o)
 .ARM.attributes
                0x00000a0d       0x1d c:/program files (x86)/atmel/studio/7.0/toolchain/arm/arm-gnu-toolchain/bin/../lib/gcc/arm-none-eabi/6.3.1/thumb/v7-m\libgcc.a(_arm_addsubdf3.o)
 .ARM.attributes
                0x00000a2a       0x1d c:/program files (x86)/atmel/studio/7.0/toolchain/arm/arm-gnu-toolchain/bin/../lib/gcc/arm-none-eabi/6.3.1/thumb/v7-m\libgcc.a(_arm_muldivdf3.o)
 .ARM.attributes
                0x00000a47       0x1d c:/program files (x86)/atmel/studio/7.0/toolchain/arm/arm-gnu-toolchain/bin/../lib/gcc/arm-none-eabi/6.3.1/thumb/v7-m\libgcc.a(_arm_cmpdf2.o)
 .ARM.attributes
                0x00000a64       0x1d c:/program files (x86)/atmel/studio/7.0/toolchain/arm/arm-gnu-toolchain/bin/../lib/gcc/arm-none-eabi/6.3.1/thumb/v7-m\libgcc.a(_arm_unorddf2.o)
 .ARM.attributes
                0x00000a81       0x1d c:/program files (x86)/atmel/studio/7.0/toolchain/arm/arm-gnu-toolchain/bin/../lib/gcc/arm-none-eabi/6.3.1/thumb/v7-m\libgcc.a(_arm_fixdfsi.o)
 .ARM.attributes
                0x00000a9e       0x1d c:/program files (x86)/atmel/studio/7.0/toolchain/arm/arm-gnu-toolchain/bin/../lib/gcc/arm-none-eabi/6.3.1/thumb/v7-m\libgcc.a(_aeabi_uldivmod.o)
 .ARM.attributes
                0x00000abb       0x2d c:/program files (x86)/atmel/studio/7.0/toolchain/arm/arm-gnu-toolchain/bin/../lib/gcc/arm-none-eabi/6.3.1/thumb/v7-m\libgcc.a(_udivmoddi4.o)
 .ARM.attributes
                0x00000ae8       0x1d c:/program files (x86)/atmel/studio/7.0/toolchain/arm/arm-gnu-toolchain/bin/../lib/gcc/arm-none-eabi/6.3.1/thumb/v7-m\libgcc.a(_dvmd_tls.o)
 .ARM.attributes
                0x00000b05       0x1d c:/program files (x86)/atmel/studio/7.0/toolchain/arm/arm-gnu-toolchain/bin/../lib/gcc/arm-none-eabi/6.3.1/thumb/v7-m/crtn.o

.comment        0x00000000       0xb2
 .comment       0x00000000       0x59 src/ASF/sam/drivers/tc/tc.o
                                 0x5a (size before relaxing)
 .comment       0x00000059       0x5a src/ASF/sam/drivers/usart/usart.o
 .comment       0x00000059       0x5a src/Kernel/CRC16MODBUS.o
 .comment       0x00000059       0x5a src/Kernel/error.o
 .comment       0x00000059       0x5a src/Kernel/shell.o
 .comment       0x00000059       0x5a src/Kernel/shellcmd.o
 .comment       0x00000059       0x5a src/Kernel/shellcom.o
 .comment       0x00000059       0x5a src/Kernel/taskman.o
 .comment       0x00000059       0x59 src/Sources files/appli.o
                                 0x5a (size before relaxing)
 .comment       0x000000b2       0x5a src/Sources files/LCD.o
 .comment       0x000000b2       0x5a src/Sources files/main.o
 .comment       0x000000b2       0x5a src/ASF/common/services/delay/sam/cycle_counter.o
 .comment       0x000000b2       0x5a src/ASF/common/services/clock/sam3x/sysclk.o
 .comment       0x000000b2       0x5a src/ASF/common/utils/interrupt/interrupt_sam_nvic.o
 .comment       0x000000b2       0x5a src/ASF/sam/boards/arduino_due_x/init.o
 .comment       0x000000b2       0x5a src/ASF/sam/drivers/pio/pio.o
 .comment       0x000000b2       0x5a src/ASF/sam/drivers/pio/pio_handler.o
 .comment       0x000000b2       0x5a src/ASF/sam/drivers/pmc/pmc.o
 .comment       0x000000b2       0x5a src/ASF/sam/utils/cmsis/sam3x/source/templates/exceptions.o
 .comment       0x000000b2       0x5a src/ASF/sam/utils/cmsis/sam3x/source/templates/gcc/startup_sam3x.o
 .comment       0x000000b2       0x5a src/ASF/sam/utils/cmsis/sam3x/source/templates/system_sam3x.o
 .comment       0x000000b2       0x5a src/ASF/sam/utils/syscalls/gcc/syscalls.o

.debug_info     0x00000000    0x16f82
 .debug_info    0x00000000     0x1260 src/ASF/sam/drivers/tc/tc.o
 .debug_info    0x00001260     0x24e6 src/ASF/sam/drivers/usart/usart.o
 .debug_info    0x00003746      0x111 src/Kernel/CRC16MODBUS.o
 .debug_info    0x00003857      0xcdb src/Kernel/error.o
 .debug_info    0x00004532      0xf1a src/Kernel/shell.o
 .debug_info    0x0000544c      0xb62 src/Kernel/shellcmd.o
 .debug_info    0x00005fae     0x13e9 src/Kernel/shellcom.o
 .debug_info    0x00007397     0x1bb5 src/Kernel/taskman.o
 .debug_info    0x00008f4c      0xbdf src/Sources files/appli.o
 .debug_info    0x00009b2b      0xfa0 src/Sources files/LCD.o
 .debug_info    0x0000aacb      0xc76 src/Sources files/main.o
 .debug_info    0x0000b741      0xa45 src/ASF/common/services/delay/sam/cycle_counter.o
 .debug_info    0x0000c186     0x11ad src/ASF/common/services/clock/sam3x/sysclk.o
 .debug_info    0x0000d333      0xb01 src/ASF/common/utils/interrupt/interrupt_sam_nvic.o
 .debug_info    0x0000de34     0x108a src/ASF/sam/boards/arduino_due_x/init.o
 .debug_info    0x0000eebe     0x1c61 src/ASF/sam/drivers/pio/pio.o
 .debug_info    0x00010b1f     0x17be src/ASF/sam/drivers/pio/pio_handler.o
 .debug_info    0x000122dd     0x19df src/ASF/sam/drivers/pmc/pmc.o
 .debug_info    0x00013cbc      0xa39 src/ASF/sam/utils/cmsis/sam3x/source/templates/exceptions.o
 .debug_info    0x000146f5      0xd1b src/ASF/sam/utils/cmsis/sam3x/source/templates/gcc/startup_sam3x.o
 .debug_info    0x00015410      0xdc2 src/ASF/sam/utils/cmsis/sam3x/source/templates/system_sam3x.o
 .debug_info    0x000161d2      0xdb0 src/ASF/sam/utils/syscalls/gcc/syscalls.o

.debug_abbrev   0x00000000     0x380f
 .debug_abbrev  0x00000000      0x293 src/ASF/sam/drivers/tc/tc.o
 .debug_abbrev  0x00000293      0x406 src/ASF/sam/drivers/usart/usart.o
 .debug_abbrev  0x00000699       0xa6 src/Kernel/CRC16MODBUS.o
 .debug_abbrev  0x0000073f      0x2a0 src/Kernel/error.o
 .debug_abbrev  0x000009df      0x279 src/Kernel/shell.o
 .debug_abbrev  0x00000c58      0x215 src/Kernel/shellcmd.o
 .debug_abbrev  0x00000e6d      0x34f src/Kernel/shellcom.o
 .debug_abbrev  0x000011bc      0x3e5 src/Kernel/taskman.o
 .debug_abbrev  0x000015a1      0x225 src/Sources files/appli.o
 .debug_abbrev  0x000017c6      0x28f src/Sources files/LCD.o
 .debug_abbrev  0x00001a55      0x27f src/Sources files/main.o
 .debug_abbrev  0x00001cd4      0x1b3 src/ASF/common/services/delay/sam/cycle_counter.o
 .debug_abbrev  0x00001e87      0x330 src/ASF/common/services/clock/sam3x/sysclk.o
 .debug_abbrev  0x000021b7      0x212 src/ASF/common/utils/interrupt/interrupt_sam_nvic.o
 .debug_abbrev  0x000023c9      0x262 src/ASF/sam/boards/arduino_due_x/init.o
 .debug_abbrev  0x0000262b      0x3c7 src/ASF/sam/drivers/pio/pio.o
 .debug_abbrev  0x000029f2      0x329 src/ASF/sam/drivers/pio/pio_handler.o
 .debug_abbrev  0x00002d1b      0x306 src/ASF/sam/drivers/pmc/pmc.o
 .debug_abbrev  0x00003021      0x1a4 src/ASF/sam/utils/cmsis/sam3x/source/templates/exceptions.o
 .debug_abbrev  0x000031c5      0x1f2 src/ASF/sam/utils/cmsis/sam3x/source/templates/gcc/startup_sam3x.o
 .debug_abbrev  0x000033b7      0x1f4 src/ASF/sam/utils/cmsis/sam3x/source/templates/system_sam3x.o
 .debug_abbrev  0x000035ab      0x264 src/ASF/sam/utils/syscalls/gcc/syscalls.o

.debug_loc      0x00000000     0x3dda
 .debug_loc     0x00000000      0x5a4 src/ASF/sam/drivers/tc/tc.o
 .debug_loc     0x000005a4     0x1062 src/ASF/sam/drivers/usart/usart.o
 .debug_loc     0x00001606      0x1ca src/Kernel/CRC16MODBUS.o
 .debug_loc     0x000017d0       0xea src/Kernel/error.o
 .debug_loc     0x000018ba      0x107 src/Kernel/shell.o
 .debug_loc     0x000019c1       0x62 src/Kernel/shellcmd.o
 .debug_loc     0x00001a23      0x140 src/Kernel/shellcom.o
 .debug_loc     0x00001b63      0x1f6 src/Kernel/taskman.o
 .debug_loc     0x00001d59       0x68 src/Sources files/appli.o
 .debug_loc     0x00001dc1       0xc4 src/Sources files/LCD.o
 .debug_loc     0x00001e85       0xda src/Sources files/main.o
 .debug_loc     0x00001f5f      0x183 src/ASF/common/services/clock/sam3x/sysclk.o
 .debug_loc     0x000020e2       0x70 src/ASF/sam/boards/arduino_due_x/init.o
 .debug_loc     0x00002152      0xacc src/ASF/sam/drivers/pio/pio.o
 .debug_loc     0x00002c1e      0x569 src/ASF/sam/drivers/pio/pio_handler.o
 .debug_loc     0x00003187      0xaeb src/ASF/sam/drivers/pmc/pmc.o
 .debug_loc     0x00003c72       0x6b src/ASF/sam/utils/cmsis/sam3x/source/templates/gcc/startup_sam3x.o
 .debug_loc     0x00003cdd       0xfd src/ASF/sam/utils/syscalls/gcc/syscalls.o

.debug_aranges  0x00000000      0x9d8
 .debug_aranges
                0x00000000       0xd0 src/ASF/sam/drivers/tc/tc.o
 .debug_aranges
                0x000000d0      0x2a8 src/ASF/sam/drivers/usart/usart.o
 .debug_aranges
                0x00000378       0x28 src/Kernel/CRC16MODBUS.o
 .debug_aranges
                0x000003a0       0x28 src/Kernel/error.o
 .debug_aranges
                0x000003c8       0x20 src/Kernel/shell.o
 .debug_aranges
                0x000003e8       0x20 src/Kernel/shellcmd.o
 .debug_aranges
                0x00000408       0x28 src/Kernel/shellcom.o
 .debug_aranges
                0x00000430       0x28 src/Kernel/taskman.o
 .debug_aranges
                0x00000458       0x20 src/Sources files/appli.o
 .debug_aranges
                0x00000478       0x20 src/Sources files/LCD.o
 .debug_aranges
                0x00000498       0x28 src/Sources files/main.o
 .debug_aranges
                0x000004c0       0x20 src/ASF/common/services/delay/sam/cycle_counter.o
 .debug_aranges
                0x000004e0       0x40 src/ASF/common/services/clock/sam3x/sysclk.o
 .debug_aranges
                0x00000520       0x28 src/ASF/common/utils/interrupt/interrupt_sam_nvic.o
 .debug_aranges
                0x00000548       0x20 src/ASF/sam/boards/arduino_due_x/init.o
 .debug_aranges
                0x00000568      0x148 src/ASF/sam/drivers/pio/pio.o
 .debug_aranges
                0x000006b0       0x58 src/ASF/sam/drivers/pio/pio_handler.o
 .debug_aranges
                0x00000708      0x200 src/ASF/sam/drivers/pmc/pmc.o
 .debug_aranges
                0x00000908       0x20 src/ASF/sam/utils/cmsis/sam3x/source/templates/exceptions.o
 .debug_aranges
                0x00000928       0x20 src/ASF/sam/utils/cmsis/sam3x/source/templates/gcc/startup_sam3x.o
 .debug_aranges
                0x00000948       0x30 src/ASF/sam/utils/cmsis/sam3x/source/templates/system_sam3x.o
 .debug_aranges
                0x00000978       0x60 src/ASF/sam/utils/syscalls/gcc/syscalls.o

.debug_ranges   0x00000000      0x8c0
 .debug_ranges  0x00000000       0xc0 src/ASF/sam/drivers/tc/tc.o
 .debug_ranges  0x000000c0      0x298 src/ASF/sam/drivers/usart/usart.o
 .debug_ranges  0x00000358       0x18 src/Kernel/CRC16MODBUS.o
 .debug_ranges  0x00000370       0x18 src/Kernel/error.o
 .debug_ranges  0x00000388       0x10 src/Kernel/shell.o
 .debug_ranges  0x00000398       0x10 src/Kernel/shellcmd.o
 .debug_ranges  0x000003a8       0x18 src/Kernel/shellcom.o
 .debug_ranges  0x000003c0       0x30 src/Kernel/taskman.o
 .debug_ranges  0x000003f0       0x10 src/Sources files/appli.o
 .debug_ranges  0x00000400       0x10 src/Sources files/LCD.o
 .debug_ranges  0x00000410       0x18 src/Sources files/main.o
 .debug_ranges  0x00000428       0x10 src/ASF/common/services/delay/sam/cycle_counter.o
 .debug_ranges  0x00000438       0x30 src/ASF/common/services/clock/sam3x/sysclk.o
 .debug_ranges  0x00000468       0x18 src/ASF/common/utils/interrupt/interrupt_sam_nvic.o
 .debug_ranges  0x00000480       0x10 src/ASF/sam/boards/arduino_due_x/init.o
 .debug_ranges  0x00000490      0x150 src/ASF/sam/drivers/pio/pio.o
 .debug_ranges  0x000005e0       0x60 src/ASF/sam/drivers/pio/pio_handler.o
 .debug_ranges  0x00000640      0x1f0 src/ASF/sam/drivers/pmc/pmc.o
 .debug_ranges  0x00000830       0x10 src/ASF/sam/utils/cmsis/sam3x/source/templates/exceptions.o
 .debug_ranges  0x00000840       0x10 src/ASF/sam/utils/cmsis/sam3x/source/templates/gcc/startup_sam3x.o
 .debug_ranges  0x00000850       0x20 src/ASF/sam/utils/cmsis/sam3x/source/templates/system_sam3x.o
 .debug_ranges  0x00000870       0x50 src/ASF/sam/utils/syscalls/gcc/syscalls.o

.debug_macro    0x00000000    0x1b80e
 .debug_macro   0x00000000      0x56c src/ASF/sam/drivers/tc/tc.o
 .debug_macro   0x0000056c      0x8ce src/ASF/sam/drivers/tc/tc.o
 .debug_macro   0x00000e3a       0x22 src/ASF/sam/drivers/tc/tc.o
 .debug_macro   0x00000e5c       0x52 src/ASF/sam/drivers/tc/tc.o
 .debug_macro   0x00000eae       0x8d src/ASF/sam/drivers/tc/tc.o
 .debug_macro   0x00000f3b       0x35 src/ASF/sam/drivers/tc/tc.o
 .debug_macro   0x00000f70       0x9c src/ASF/sam/drivers/tc/tc.o
 .debug_macro   0x0000100c       0x16 src/ASF/sam/drivers/tc/tc.o
 .debug_macro   0x00001022      0x16d src/ASF/sam/drivers/tc/tc.o
 .debug_macro   0x0000118f      0x64b src/ASF/sam/drivers/tc/tc.o
 .debug_macro   0x000017da       0x76 src/ASF/sam/drivers/tc/tc.o
 .debug_macro   0x00001850       0x16 src/ASF/sam/drivers/tc/tc.o
 .debug_macro   0x00001866      0x6e4 src/ASF/sam/drivers/tc/tc.o
 .debug_macro   0x00001f4a       0x57 src/ASF/sam/drivers/tc/tc.o
 .debug_macro   0x00001fa1       0xef src/ASF/sam/drivers/tc/tc.o
 .debug_macro   0x00002090       0x6a src/ASF/sam/drivers/tc/tc.o
 .debug_macro   0x000020fa      0x1df src/ASF/sam/drivers/tc/tc.o
 .debug_macro   0x000022d9       0x20 src/ASF/sam/drivers/tc/tc.o
 .debug_macro   0x000022f9       0x3a src/ASF/sam/drivers/tc/tc.o
 .debug_macro   0x00002333       0x2d src/ASF/sam/drivers/tc/tc.o
 .debug_macro   0x00002360      0xbb1 src/ASF/sam/drivers/tc/tc.o
 .debug_macro   0x00002f11      0xab6 src/ASF/sam/drivers/tc/tc.o
 .debug_macro   0x000039c7      0x569 src/ASF/sam/drivers/tc/tc.o
 .debug_macro   0x00003f30      0x2b5 src/ASF/sam/drivers/tc/tc.o
 .debug_macro   0x000041e5      0x31a src/ASF/sam/drivers/tc/tc.o
 .debug_macro   0x000044ff      0x74f src/ASF/sam/drivers/tc/tc.o
 .debug_macro   0x00004c4e       0x82 src/ASF/sam/drivers/tc/tc.o
 .debug_macro   0x00004cd0      0x57b src/ASF/sam/drivers/tc/tc.o
 .debug_macro   0x0000524b       0x1c src/ASF/sam/drivers/tc/tc.o
 .debug_macro   0x00005267      0x6b7 src/ASF/sam/drivers/tc/tc.o
 .debug_macro   0x0000591e      0x52d src/ASF/sam/drivers/tc/tc.o
 .debug_macro   0x00005e4b       0xbe src/ASF/sam/drivers/tc/tc.o
 .debug_macro   0x00005f09     0x2342 src/ASF/sam/drivers/tc/tc.o
 .debug_macro   0x0000824b      0x85d src/ASF/sam/drivers/tc/tc.o
 .debug_macro   0x00008aa8      0xdc9 src/ASF/sam/drivers/tc/tc.o
 .debug_macro   0x00009871       0x7c src/ASF/sam/drivers/tc/tc.o
 .debug_macro   0x000098ed      0x263 src/ASF/sam/drivers/tc/tc.o
 .debug_macro   0x00009b50       0x58 src/ASF/sam/drivers/tc/tc.o
 .debug_macro   0x00009ba8      0x9a7 src/ASF/sam/drivers/tc/tc.o
 .debug_macro   0x0000a54f      0x248 src/ASF/sam/drivers/tc/tc.o
 .debug_macro   0x0000a797      0x4df src/ASF/sam/drivers/tc/tc.o
 .debug_macro   0x0000ac76      0x6b3 src/ASF/sam/drivers/tc/tc.o
 .debug_macro   0x0000b329      0x59f src/ASF/sam/drivers/tc/tc.o
 .debug_macro   0x0000b8c8       0x46 src/ASF/sam/drivers/tc/tc.o
 .debug_macro   0x0000b90e      0x34d src/ASF/sam/drivers/tc/tc.o
 .debug_macro   0x0000bc5b      0x28c src/ASF/sam/drivers/tc/tc.o
 .debug_macro   0x0000bee7     0x14d7 src/ASF/sam/drivers/tc/tc.o
 .debug_macro   0x0000d3be      0x7ba src/ASF/sam/drivers/tc/tc.o
 .debug_macro   0x0000db78       0x76 src/ASF/sam/drivers/tc/tc.o
 .debug_macro   0x0000dbee       0x82 src/ASF/sam/drivers/tc/tc.o
 .debug_macro   0x0000dc70       0x76 src/ASF/sam/drivers/tc/tc.o
 .debug_macro   0x0000dce6       0x4c src/ASF/sam/drivers/tc/tc.o
 .debug_macro   0x0000dd32      0x105 src/ASF/sam/drivers/tc/tc.o
 .debug_macro   0x0000de37      0x105 src/ASF/sam/drivers/tc/tc.o
 .debug_macro   0x0000df3c      0x105 src/ASF/sam/drivers/tc/tc.o
 .debug_macro   0x0000e041       0x88 src/ASF/sam/drivers/tc/tc.o
 .debug_macro   0x0000e0c9       0x88 src/ASF/sam/drivers/tc/tc.o
 .debug_macro   0x0000e151      0x3b4 src/ASF/sam/drivers/tc/tc.o
 .debug_macro   0x0000e505       0xb8 src/ASF/sam/drivers/tc/tc.o
 .debug_macro   0x0000e5bd       0xb8 src/ASF/sam/drivers/tc/tc.o
 .debug_macro   0x0000e675       0xb8 src/ASF/sam/drivers/tc/tc.o
 .debug_macro   0x0000e72d       0xb8 src/ASF/sam/drivers/tc/tc.o
 .debug_macro   0x0000e7e5      0x2b8 src/ASF/sam/drivers/tc/tc.o
 .debug_macro   0x0000ea9d      0x125 src/ASF/sam/drivers/tc/tc.o
 .debug_macro   0x0000ebc2      0x225 src/ASF/sam/drivers/tc/tc.o
 .debug_macro   0x0000ede7      0x225 src/ASF/sam/drivers/tc/tc.o
 .debug_macro   0x0000f00c       0x2e src/ASF/sam/drivers/tc/tc.o
 .debug_macro   0x0000f03a       0xac src/ASF/sam/drivers/tc/tc.o
 .debug_macro   0x0000f0e6      0x14d src/ASF/sam/drivers/tc/tc.o
 .debug_macro   0x0000f233       0x7c src/ASF/sam/drivers/tc/tc.o
 .debug_macro   0x0000f2af      0x205 src/ASF/sam/drivers/tc/tc.o
 .debug_macro   0x0000f4b4       0x64 src/ASF/sam/drivers/tc/tc.o
 .debug_macro   0x0000f518       0xa6 src/ASF/sam/drivers/tc/tc.o
 .debug_macro   0x0000f5be       0x7c src/ASF/sam/drivers/tc/tc.o
 .debug_macro   0x0000f63a       0x16 src/ASF/sam/drivers/tc/tc.o
 .debug_macro   0x0000f650       0x22 src/ASF/sam/drivers/tc/tc.o
 .debug_macro   0x0000f672       0x22 src/ASF/sam/drivers/tc/tc.o
 .debug_macro   0x0000f694      0x115 src/ASF/sam/drivers/tc/tc.o
 .debug_macro   0x0000f7a9      0x115 src/ASF/sam/drivers/tc/tc.o
 .debug_macro   0x0000f8be      0x115 src/ASF/sam/drivers/tc/tc.o
 .debug_macro   0x0000f9d3      0x115 src/ASF/sam/drivers/tc/tc.o
 .debug_macro   0x0000fae8       0x1c src/ASF/sam/drivers/tc/tc.o
 .debug_macro   0x0000fb04       0x2e src/ASF/sam/drivers/tc/tc.o
 .debug_macro   0x0000fb32       0x22 src/ASF/sam/drivers/tc/tc.o
 .debug_macro   0x0000fb54       0x1c src/ASF/sam/drivers/tc/tc.o
 .debug_macro   0x0000fb70       0x58 src/ASF/sam/drivers/tc/tc.o
 .debug_macro   0x0000fbc8       0x10 src/ASF/sam/drivers/tc/tc.o
 .debug_macro   0x0000fbd8      0x273 src/ASF/sam/drivers/tc/tc.o
 .debug_macro   0x0000fe4b      0xd43 src/ASF/sam/drivers/tc/tc.o
 .debug_macro   0x00010b8e      0x131 src/ASF/sam/drivers/tc/tc.o
 .debug_macro   0x00010cbf       0x1c src/ASF/sam/drivers/tc/tc.o
 .debug_macro   0x00010cdb       0x35 src/ASF/sam/drivers/tc/tc.o
 .debug_macro   0x00010d10      0x353 src/ASF/sam/drivers/tc/tc.o
 .debug_macro   0x00011063       0x10 src/ASF/sam/drivers/tc/tc.o
 .debug_macro   0x00011073       0x58 src/ASF/sam/drivers/tc/tc.o
 .debug_macro   0x000110cb       0x1f src/ASF/sam/drivers/tc/tc.o
 .debug_macro   0x000110ea       0x43 src/ASF/sam/drivers/tc/tc.o
 .debug_macro   0x0001112d       0x20 src/ASF/sam/drivers/tc/tc.o
 .debug_macro   0x0001114d      0x187 src/ASF/sam/drivers/tc/tc.o
 .debug_macro   0x000112d4       0x10 src/ASF/sam/drivers/tc/tc.o
 .debug_macro   0x000112e4       0x1c src/ASF/sam/drivers/tc/tc.o
 .debug_macro   0x00011300       0x52 src/ASF/sam/drivers/tc/tc.o
 .debug_macro   0x00011352       0x40 src/ASF/sam/drivers/tc/tc.o
 .debug_macro   0x00011392       0x10 src/ASF/sam/drivers/tc/tc.o
 .debug_macro   0x000113a2       0x40 src/ASF/sam/drivers/tc/tc.o
 .debug_macro   0x000113e2       0xd7 src/ASF/sam/drivers/tc/tc.o
 .debug_macro   0x000114b9       0x16 src/ASF/sam/drivers/tc/tc.o
 .debug_macro   0x000114cf      0x18b src/ASF/sam/drivers/tc/tc.o
 .debug_macro   0x0001165a       0x22 src/ASF/sam/drivers/tc/tc.o
 .debug_macro   0x0001167c       0x16 src/ASF/sam/drivers/tc/tc.o
 .debug_macro   0x00011692       0x16 src/ASF/sam/drivers/tc/tc.o
 .debug_macro   0x000116a8       0x29 src/ASF/sam/drivers/tc/tc.o
 .debug_macro   0x000116d1       0x75 src/ASF/sam/drivers/tc/tc.o
 .debug_macro   0x00011746       0x45 src/ASF/sam/drivers/tc/tc.o
 .debug_macro   0x0001178b      0x3ca src/ASF/sam/drivers/tc/tc.o
 .debug_macro   0x00011b55      0x59b src/ASF/sam/drivers/usart/usart.o
 .debug_macro   0x000120f0       0x87 src/ASF/sam/drivers/usart/usart.o
 .debug_macro   0x00012177       0x51 src/ASF/sam/drivers/usart/usart.o
 .debug_macro   0x000121c8       0x58 src/ASF/sam/drivers/usart/usart.o
 .debug_macro   0x00012220       0x16 src/ASF/sam/drivers/usart/usart.o
 .debug_macro   0x00012236       0x28 src/ASF/sam/drivers/usart/usart.o
 .debug_macro   0x0001225e       0x15 src/Kernel/CRC16MODBUS.o
 .debug_macro   0x00012273      0x6b6 src/Kernel/error.o
 .debug_macro   0x00012929       0x34 src/Kernel/error.o
 .debug_macro   0x0001295d      0x2c6 src/Kernel/error.o
 .debug_macro   0x00012c23      0x790 src/Kernel/error.o
 .debug_macro   0x000133b3       0x5e src/Kernel/error.o
 .debug_macro   0x00013411       0x64 src/Kernel/error.o
 .debug_macro   0x00013475       0x5f src/Kernel/error.o
 .debug_macro   0x000134d4       0x90 src/Kernel/error.o
 .debug_macro   0x00013564       0x28 src/Kernel/error.o
 .debug_macro   0x0001358c       0x23 src/Kernel/error.o
 .debug_macro   0x000135af       0x94 src/Kernel/error.o
 .debug_macro   0x00013643       0x40 src/Kernel/error.o
 .debug_macro   0x00013683       0x70 src/Kernel/error.o
 .debug_macro   0x000136f3       0x34 src/Kernel/error.o
 .debug_macro   0x00013727       0x2e src/Kernel/error.o
 .debug_macro   0x00013755       0x64 src/Kernel/error.o
 .debug_macro   0x000137b9       0x46 src/Kernel/error.o
 .debug_macro   0x000137ff       0x3a src/Kernel/error.o
 .debug_macro   0x00013839       0x16 src/Kernel/error.o
 .debug_macro   0x0001384f       0x2e src/Kernel/error.o
 .debug_macro   0x0001387d       0x16 src/Kernel/error.o
 .debug_macro   0x00013893       0x7c src/Kernel/error.o
 .debug_macro   0x0001390f       0x10 src/Kernel/error.o
 .debug_macro   0x0001391f      0x725 src/Kernel/shell.o
 .debug_macro   0x00014044       0x10 src/Kernel/shell.o
 .debug_macro   0x00014054      0x6b0 src/Kernel/shellcmd.o
 .debug_macro   0x00014704      0x72f src/Kernel/shellcom.o
 .debug_macro   0x00014e33      0x743 src/Kernel/taskman.o
 .debug_macro   0x00015576      0x6ab src/Sources files/appli.o
 .debug_macro   0x00015c21      0x8c8 src/Sources files/appli.o
 .debug_macro   0x000164e9       0x22 src/Sources files/appli.o
 .debug_macro   0x0001650b       0x52 src/Sources files/appli.o
 .debug_macro   0x0001655d      0x330 src/Sources files/appli.o
 .debug_macro   0x0001688d       0x52 src/Sources files/appli.o
 .debug_macro   0x000168df       0x29 src/Sources files/appli.o
 .debug_macro   0x00016908      0x745 src/Sources files/LCD.o
 .debug_macro   0x0001704d      0x6b1 src/Sources files/main.o
 .debug_macro   0x000176fe      0x55f src/ASF/common/services/delay/sam/cycle_counter.o
 .debug_macro   0x00017c5d       0x22 src/ASF/common/services/delay/sam/cycle_counter.o
 .debug_macro   0x00017c7f      0x5d1 src/ASF/common/services/clock/sam3x/sysclk.o
 .debug_macro   0x00018250      0x2c0 src/ASF/common/services/clock/sam3x/sysclk.o
 .debug_macro   0x00018510      0x55a src/ASF/common/utils/interrupt/interrupt_sam_nvic.o
 .debug_macro   0x00018a6a       0x3f src/ASF/common/utils/interrupt/interrupt_sam_nvic.o
 .debug_macro   0x00018aa9      0x616 src/ASF/sam/boards/arduino_due_x/init.o
 .debug_macro   0x000190bf       0x16 src/ASF/sam/boards/arduino_due_x/init.o
 .debug_macro   0x000190d5       0x6a src/ASF/sam/boards/arduino_due_x/init.o
 .debug_macro   0x0001913f      0x56b src/ASF/sam/drivers/pio/pio.o
 .debug_macro   0x000196aa       0x8e src/ASF/sam/drivers/pio/pio.o
 .debug_macro   0x00019738      0x56f src/ASF/sam/drivers/pio/pio_handler.o
 .debug_macro   0x00019ca7      0x565 src/ASF/sam/drivers/pmc/pmc.o
 .debug_macro   0x0001a20c       0x58 src/ASF/sam/drivers/pmc/pmc.o
 .debug_macro   0x0001a264      0x564 src/ASF/sam/utils/cmsis/sam3x/source/templates/exceptions.o
 .debug_macro   0x0001a7c8      0x572 src/ASF/sam/utils/cmsis/sam3x/source/templates/gcc/startup_sam3x.o
 .debug_macro   0x0001ad3a      0x572 src/ASF/sam/utils/cmsis/sam3x/source/templates/system_sam3x.o
 .debug_macro   0x0001b2ac       0x26 src/ASF/sam/utils/cmsis/sam3x/source/templates/system_sam3x.o
 .debug_macro   0x0001b2d2      0x1d6 src/ASF/sam/utils/syscalls/gcc/syscalls.o
 .debug_macro   0x0001b4a8       0x97 src/ASF/sam/utils/syscalls/gcc/syscalls.o
 .debug_macro   0x0001b53f       0xf6 src/ASF/sam/utils/syscalls/gcc/syscalls.o
 .debug_macro   0x0001b635       0x4c src/ASF/sam/utils/syscalls/gcc/syscalls.o
 .debug_macro   0x0001b681       0x16 src/ASF/sam/utils/syscalls/gcc/syscalls.o
 .debug_macro   0x0001b697       0x10 src/ASF/sam/utils/syscalls/gcc/syscalls.o
 .debug_macro   0x0001b6a7       0x10 src/ASF/sam/utils/syscalls/gcc/syscalls.o
 .debug_macro   0x0001b6b7       0x35 src/ASF/sam/utils/syscalls/gcc/syscalls.o
 .debug_macro   0x0001b6ec      0x122 src/ASF/sam/utils/syscalls/gcc/syscalls.o

.debug_line     0x00000000    0x11a1f
 .debug_line    0x00000000      0xce6 src/ASF/sam/drivers/tc/tc.o
 .debug_line    0x00000ce6     0x1222 src/ASF/sam/drivers/usart/usart.o
 .debug_line    0x00001f08       0x7c src/Kernel/CRC16MODBUS.o
 .debug_line    0x00001f84      0xeff src/Kernel/error.o
 .debug_line    0x00002e83      0xf54 src/Kernel/shell.o
 .debug_line    0x00003dd7      0xea7 src/Kernel/shellcmd.o
 .debug_line    0x00004c7e      0xf18 src/Kernel/shellcom.o
 .debug_line    0x00005b96      0xf61 src/Kernel/taskman.o
 .debug_line    0x00006af7      0xeb0 src/Sources files/appli.o
 .debug_line    0x000079a7      0xee6 src/Sources files/LCD.o
 .debug_line    0x0000888d      0xf0d src/Sources files/main.o
 .debug_line    0x0000979a      0xb4e src/ASF/common/services/delay/sam/cycle_counter.o
 .debug_line    0x0000a2e8      0xcba src/ASF/common/services/clock/sam3x/sysclk.o
 .debug_line    0x0000afa2      0xb62 src/ASF/common/utils/interrupt/interrupt_sam_nvic.o
 .debug_line    0x0000bb04      0xd4d src/ASF/sam/boards/arduino_due_x/init.o
 .debug_line    0x0000c851      0xec9 src/ASF/sam/drivers/pio/pio.o
 .debug_line    0x0000d71a      0xc0d src/ASF/sam/drivers/pio/pio_handler.o
 .debug_line    0x0000e327     0x10c0 src/ASF/sam/drivers/pmc/pmc.o
 .debug_line    0x0000f3e7      0xb23 src/ASF/sam/utils/cmsis/sam3x/source/templates/exceptions.o
 .debug_line    0x0000ff0a      0xb6c src/ASF/sam/utils/cmsis/sam3x/source/templates/gcc/startup_sam3x.o
 .debug_line    0x00010a76      0xb9e src/ASF/sam/utils/cmsis/sam3x/source/templates/system_sam3x.o
 .debug_line    0x00011614      0x40b src/ASF/sam/utils/syscalls/gcc/syscalls.o

.debug_str      0x00000000    0x652cd
 .debug_str     0x00000000    0x5c7e3 src/ASF/sam/drivers/tc/tc.o
                              0x5cb5d (size before relaxing)
 .debug_str     0x0005c7e3      0xc4e src/ASF/sam/drivers/usart/usart.o
                              0x5d42b (size before relaxing)
 .debug_str     0x0005d431       0x60 src/Kernel/CRC16MODBUS.o
                               0x2621 (size before relaxing)
 .debug_str     0x0005d491     0x511e src/Kernel/error.o
                              0x6198d (size before relaxing)
 .debug_str     0x000625af      0x1c7 src/Kernel/shell.o
                              0x61a9e (size before relaxing)
 .debug_str     0x00062776       0x22 src/Kernel/shellcmd.o
                              0x618cd (size before relaxing)
 .debug_str     0x00062798      0x53f src/Kernel/shellcom.o
                              0x620c9 (size before relaxing)
 .debug_str     0x00062cd7      0x5db src/Kernel/taskman.o
                              0x62354 (size before relaxing)
 .debug_str     0x000632b2      0x46f src/Sources files/appli.o
                              0x6172f (size before relaxing)
 .debug_str     0x00063721      0x262 src/Sources files/LCD.o
                              0x61a9a (size before relaxing)
 .debug_str     0x00063983       0x60 src/Sources files/main.o
                              0x618de (size before relaxing)
 .debug_str     0x000639e3       0x35 src/ASF/common/services/delay/sam/cycle_counter.o
                              0x5c929 (size before relaxing)
 .debug_str     0x00063a18      0x346 src/ASF/common/services/clock/sam3x/sysclk.o
                              0x60860 (size before relaxing)
 .debug_str     0x00063d5e       0x45 src/ASF/common/utils/interrupt/interrupt_sam_nvic.o
                              0x5c805 (size before relaxing)
 .debug_str     0x00063da3       0xa5 src/ASF/sam/boards/arduino_due_x/init.o
                              0x60f42 (size before relaxing)
 .debug_str     0x00063e48      0x3b4 src/ASF/sam/drivers/pio/pio.o
                              0x5d159 (size before relaxing)
 .debug_str     0x000641fc      0x135 src/ASF/sam/drivers/pio/pio_handler.o
                              0x5d252 (size before relaxing)
 .debug_str     0x00064331      0x57e src/ASF/sam/drivers/pmc/pmc.o
                              0x5d1d5 (size before relaxing)
 .debug_str     0x000648af       0x4d src/ASF/sam/utils/cmsis/sam3x/source/templates/exceptions.o
                              0x5c7ce (size before relaxing)
 .debug_str     0x000648fc       0xd4 src/ASF/sam/utils/cmsis/sam3x/source/templates/gcc/startup_sam3x.o
                              0x5c8ca (size before relaxing)
 .debug_str     0x000649d0      0x195 src/ASF/sam/utils/cmsis/sam3x/source/templates/system_sam3x.o
                              0x5caa6 (size before relaxing)
 .debug_str     0x00064b65      0x768 src/ASF/sam/utils/syscalls/gcc/syscalls.o
                               0x7402 (size before relaxing)

.debug_frame    0x00000000     0x20bc
 .debug_frame   0x00000000      0x1a8 src/ASF/sam/drivers/tc/tc.o
 .debug_frame   0x000001a8      0x5cc src/ASF/sam/drivers/usart/usart.o
 .debug_frame   0x00000774       0x3c src/Kernel/CRC16MODBUS.o
 .debug_frame   0x000007b0       0x74 src/Kernel/error.o
 .debug_frame   0x00000824       0x50 src/Kernel/shell.o
 .debug_frame   0x00000874       0x28 src/Kernel/shellcmd.o
 .debug_frame   0x0000089c       0x74 src/Kernel/shellcom.o
 .debug_frame   0x00000910       0x6c src/Kernel/taskman.o
 .debug_frame   0x0000097c       0x48 src/Sources files/appli.o
 .debug_frame   0x000009c4       0x48 src/Sources files/LCD.o
 .debug_frame   0x00000a0c       0x48 src/Sources files/main.o
 .debug_frame   0x00000a54       0x20 src/ASF/common/services/delay/sam/cycle_counter.o
 .debug_frame   0x00000a74       0x88 src/ASF/common/services/clock/sam3x/sysclk.o
 .debug_frame   0x00000afc       0x30 src/ASF/common/utils/interrupt/interrupt_sam_nvic.o
 .debug_frame   0x00000b2c       0x28 src/ASF/sam/boards/arduino_due_x/init.o
 .debug_frame   0x00000b54      0x2b8 src/ASF/sam/drivers/pio/pio.o
 .debug_frame   0x00000e0c       0xf8 src/ASF/sam/drivers/pio/pio_handler.o
 .debug_frame   0x00000f04      0x3ec src/ASF/sam/drivers/pmc/pmc.o
 .debug_frame   0x000012f0       0x20 src/ASF/sam/utils/cmsis/sam3x/source/templates/exceptions.o
 .debug_frame   0x00001310       0x28 src/ASF/sam/utils/cmsis/sam3x/source/templates/gcc/startup_sam3x.o
 .debug_frame   0x00001338       0x40 src/ASF/sam/utils/cmsis/sam3x/source/templates/system_sam3x.o
 .debug_frame   0x00001378       0xa0 src/ASF/sam/utils/syscalls/gcc/syscalls.o
 .debug_frame   0x00001418       0x2c c:/program files (x86)/atmel/studio/7.0/toolchain/arm/arm-gnu-toolchain/bin/../lib/gcc/arm-none-eabi/6.3.1/../../../../arm-none-eabi/lib/thumb/v7-m\libc.a(lib_a-init.o)
 .debug_frame   0x00001444       0x34 c:/program files (x86)/atmel/studio/7.0/toolchain/arm/arm-gnu-toolchain/bin/../lib/gcc/arm-none-eabi/6.3.1/../../../../arm-none-eabi/lib/thumb/v7-m\libc.a(lib_a-memset.o)
 .debug_frame   0x00001478       0x84 c:/program files (x86)/atmel/studio/7.0/toolchain/arm/arm-gnu-toolchain/bin/../lib/gcc/arm-none-eabi/6.3.1/../../../../arm-none-eabi/lib/thumb/v7-m\libc.a(lib_a-sprintf.o)
 .debug_frame   0x000014fc       0x20 c:/program files (x86)/atmel/studio/7.0/toolchain/arm/arm-gnu-toolchain/bin/../lib/gcc/arm-none-eabi/6.3.1/../../../../arm-none-eabi/lib/thumb/v7-m\libc.a(lib_a-strlen-stub.o)
 .debug_frame   0x0000151c       0x20 c:/program files (x86)/atmel/studio/7.0/toolchain/arm/arm-gnu-toolchain/bin/../lib/gcc/arm-none-eabi/6.3.1/../../../../arm-none-eabi/lib/thumb/v7-m\libc.a(lib_a-strtok.o)
 .debug_frame   0x0000153c       0x48 c:/program files (x86)/atmel/studio/7.0/toolchain/arm/arm-gnu-toolchain/bin/../lib/gcc/arm-none-eabi/6.3.1/../../../../arm-none-eabi/lib/thumb/v7-m\libc.a(lib_a-strtok_r.o)
 .debug_frame   0x00001584       0x40 c:/program files (x86)/atmel/studio/7.0/toolchain/arm/arm-gnu-toolchain/bin/../lib/gcc/arm-none-eabi/6.3.1/../../../../arm-none-eabi/lib/thumb/v7-m\libc.a(lib_a-svfprintf.o)
 .debug_frame   0x000015c4       0x5c c:/program files (x86)/atmel/studio/7.0/toolchain/arm/arm-gnu-toolchain/bin/../lib/gcc/arm-none-eabi/6.3.1/../../../../arm-none-eabi/lib/thumb/v7-m\libc.a(lib_a-__call_atexit.o)
 .debug_frame   0x00001620       0x20 c:/program files (x86)/atmel/studio/7.0/toolchain/arm/arm-gnu-toolchain/bin/../lib/gcc/arm-none-eabi/6.3.1/../../../../arm-none-eabi/lib/thumb/v7-m\libc.a(lib_a-atexit.o)
 .debug_frame   0x00001640       0x84 c:/program files (x86)/atmel/studio/7.0/toolchain/arm/arm-gnu-toolchain/bin/../lib/gcc/arm-none-eabi/6.3.1/../../../../arm-none-eabi/lib/thumb/v7-m\libc.a(lib_a-dtoa.o)
 .debug_frame   0x000016c4       0x34 c:/program files (x86)/atmel/studio/7.0/toolchain/arm/arm-gnu-toolchain/bin/../lib/gcc/arm-none-eabi/6.3.1/../../../../arm-none-eabi/lib/thumb/v7-m\libc.a(lib_a-fini.o)
 .debug_frame   0x000016f8       0x40 c:/program files (x86)/atmel/studio/7.0/toolchain/arm/arm-gnu-toolchain/bin/../lib/gcc/arm-none-eabi/6.3.1/../../../../arm-none-eabi/lib/thumb/v7-m\libc.a(lib_a-localeconv.o)
 .debug_frame   0x00001738       0xb0 c:/program files (x86)/atmel/studio/7.0/toolchain/arm/arm-gnu-toolchain/bin/../lib/gcc/arm-none-eabi/6.3.1/../../../../arm-none-eabi/lib/thumb/v7-m\libc.a(lib_a-lock.o)
 .debug_frame   0x000017e8       0x54 c:/program files (x86)/atmel/studio/7.0/toolchain/arm/arm-gnu-toolchain/bin/../lib/gcc/arm-none-eabi/6.3.1/../../../../arm-none-eabi/lib/thumb/v7-m\libc.a(lib_a-mallocr.o)
 .debug_frame   0x0000183c       0x34 c:/program files (x86)/atmel/studio/7.0/toolchain/arm/arm-gnu-toolchain/bin/../lib/gcc/arm-none-eabi/6.3.1/../../../../arm-none-eabi/lib/thumb/v7-m\libc.a(lib_a-memchr-stub.o)
 .debug_frame   0x00001870       0x30 c:/program files (x86)/atmel/studio/7.0/toolchain/arm/arm-gnu-toolchain/bin/../lib/gcc/arm-none-eabi/6.3.1/../../../../arm-none-eabi/lib/thumb/v7-m\libc.a(lib_a-mlock.o)
 .debug_frame   0x000018a0      0x260 c:/program files (x86)/atmel/studio/7.0/toolchain/arm/arm-gnu-toolchain/bin/../lib/gcc/arm-none-eabi/6.3.1/../../../../arm-none-eabi/lib/thumb/v7-m\libc.a(lib_a-mprec.o)
 .debug_frame   0x00001b00       0x2c c:/program files (x86)/atmel/studio/7.0/toolchain/arm/arm-gnu-toolchain/bin/../lib/gcc/arm-none-eabi/6.3.1/../../../../arm-none-eabi/lib/thumb/v7-m\libc.a(lib_a-sbrkr.o)
 .debug_frame   0x00001b2c       0x78 c:/program files (x86)/atmel/studio/7.0/toolchain/arm/arm-gnu-toolchain/bin/../lib/gcc/arm-none-eabi/6.3.1/../../../../arm-none-eabi/lib/thumb/v7-m\libc.a(lib_a-svfiprintf.o)
 .debug_frame   0x00001ba4       0x34 c:/program files (x86)/atmel/studio/7.0/toolchain/arm/arm-gnu-toolchain/bin/../lib/gcc/arm-none-eabi/6.3.1/../../../../arm-none-eabi/lib/thumb/v7-m\libc.a(lib_a-__atexit.o)
 .debug_frame   0x00001bd8       0x28 c:/program files (x86)/atmel/studio/7.0/toolchain/arm/arm-gnu-toolchain/bin/../lib/gcc/arm-none-eabi/6.3.1/../../../../arm-none-eabi/lib/thumb/v7-m\libc.a(lib_a-callocr.o)
 .debug_frame   0x00001c00       0x74 c:/program files (x86)/atmel/studio/7.0/toolchain/arm/arm-gnu-toolchain/bin/../lib/gcc/arm-none-eabi/6.3.1/../../../../arm-none-eabi/lib/thumb/v7-m\libc.a(lib_a-freer.o)
 .debug_frame   0x00001c74       0x6c c:/program files (x86)/atmel/studio/7.0/toolchain/arm/arm-gnu-toolchain/bin/../lib/gcc/arm-none-eabi/6.3.1/../../../../arm-none-eabi/lib/thumb/v7-m\libc.a(lib_a-locale.o)
 .debug_frame   0x00001ce0       0x4c c:/program files (x86)/atmel/studio/7.0/toolchain/arm/arm-gnu-toolchain/bin/../lib/gcc/arm-none-eabi/6.3.1/../../../../arm-none-eabi/lib/thumb/v7-m\libc.a(lib_a-mbtowc_r.o)
 .debug_frame   0x00001d2c       0x30 c:/program files (x86)/atmel/studio/7.0/toolchain/arm/arm-gnu-toolchain/bin/../lib/gcc/arm-none-eabi/6.3.1/../../../../arm-none-eabi/lib/thumb/v7-m\libc.a(lib_a-memmove.o)
 .debug_frame   0x00001d5c       0x68 c:/program files (x86)/atmel/studio/7.0/toolchain/arm/arm-gnu-toolchain/bin/../lib/gcc/arm-none-eabi/6.3.1/../../../../arm-none-eabi/lib/thumb/v7-m\libc.a(lib_a-reallocr.o)
 .debug_frame   0x00001dc4       0x58 c:/program files (x86)/atmel/studio/7.0/toolchain/arm/arm-gnu-toolchain/bin/../lib/gcc/arm-none-eabi/6.3.1/../../../../arm-none-eabi/lib/thumb/v7-m\libc.a(lib_a-reent.o)
 .debug_frame   0x00001e1c       0x3c c:/program files (x86)/atmel/studio/7.0/toolchain/arm/arm-gnu-toolchain/bin/../lib/gcc/arm-none-eabi/6.3.1/../../../../arm-none-eabi/lib/thumb/v7-m\libc.a(lib_a-wctomb_r.o)
 .debug_frame   0x00001e58       0xac c:/program files (x86)/atmel/studio/7.0/toolchain/arm/arm-gnu-toolchain/bin/../lib/gcc/arm-none-eabi/6.3.1/thumb/v7-m\libgcc.a(_arm_addsubdf3.o)
 .debug_frame   0x00001f04       0x50 c:/program files (x86)/atmel/studio/7.0/toolchain/arm/arm-gnu-toolchain/bin/../lib/gcc/arm-none-eabi/6.3.1/thumb/v7-m\libgcc.a(_arm_muldivdf3.o)
 .debug_frame   0x00001f54       0xc4 c:/program files (x86)/atmel/studio/7.0/toolchain/arm/arm-gnu-toolchain/bin/../lib/gcc/arm-none-eabi/6.3.1/thumb/v7-m\libgcc.a(_arm_cmpdf2.o)
 .debug_frame   0x00002018       0x20 c:/program files (x86)/atmel/studio/7.0/toolchain/arm/arm-gnu-toolchain/bin/../lib/gcc/arm-none-eabi/6.3.1/thumb/v7-m\libgcc.a(_arm_unorddf2.o)
 .debug_frame   0x00002038       0x24 c:/program files (x86)/atmel/studio/7.0/toolchain/arm/arm-gnu-toolchain/bin/../lib/gcc/arm-none-eabi/6.3.1/thumb/v7-m\libgcc.a(_arm_fixdfsi.o)
 .debug_frame   0x0000205c       0x2c c:/program files (x86)/atmel/studio/7.0/toolchain/arm/arm-gnu-toolchain/bin/../lib/gcc/arm-none-eabi/6.3.1/thumb/v7-m\libgcc.a(_aeabi_uldivmod.o)
 .debug_frame   0x00002088       0x34 c:/program files (x86)/atmel/studio/7.0/toolchain/arm/arm-gnu-toolchain/bin/../lib/gcc/arm-none-eabi/6.3.1/thumb/v7-m\libgcc.a(_udivmoddi4.o)

Cross Reference Table

Symbol                                            File
ADC_Handler                                       src/ASF/sam/utils/cmsis/sam3x/source/templates/exceptions.o
                                                  src/ASF/sam/utils/cmsis/sam3x/source/templates/gcc/startup_sam3x.o
Appli                                             src/Sources files/appli.o
                                                  src/Sources files/main.o
BusFault_Handler                                  src/ASF/sam/utils/cmsis/sam3x/source/templates/exceptions.o
                                                  src/ASF/sam/utils/cmsis/sam3x/source/templates/gcc/startup_sam3x.o
CAN0_Handler                                      src/ASF/sam/utils/cmsis/sam3x/source/templates/exceptions.o
                                                  src/ASF/sam/utils/cmsis/sam3x/source/templates/gcc/startup_sam3x.o
CAN1_Handler                                      src/ASF/sam/utils/cmsis/sam3x/source/templates/exceptions.o
                                                  src/ASF/sam/utils/cmsis/sam3x/source/templates/gcc/startup_sam3x.o
CRC16MODBUS                                       src/Kernel/CRC16MODBUS.o
CRC16MODBUSFRAME                                  src/Kernel/CRC16MODBUS.o
                                                  src/Kernel/shell.o
DACC_Handler                                      src/ASF/sam/utils/cmsis/sam3x/source/templates/exceptions.o
                                                  src/ASF/sam/utils/cmsis/sam3x/source/templates/gcc/startup_sam3x.o
DMAC_Handler                                      src/ASF/sam/utils/cmsis/sam3x/source/templates/exceptions.o